Archive member included to satisfy reference by file (symbol)

c:/sysgcc/arm-eabi/bin/../lib/gcc/arm-none-eabi/10.3.1/thumb/v6-m/nofp\libgcc.a(_dvmd_tls.o)
                              CMakeFiles/adc_console.dir/C_/Users/valdas/AppData/Local/VisualGDB/PicoSDK/1.5.0-Package/src/rp2_common/pico_divider/divider.S.obj (__aeabi_idiv0)
c:/sysgcc/arm-eabi/bin/../lib/gcc/arm-none-eabi/10.3.1/../../../../arm-none-eabi/lib/thumb/v6-m/nofp\libg.a(lib_a-calloc.o)
                              CMakeFiles/adc_console.dir/C_/Users/valdas/AppData/Local/VisualGDB/PicoSDK/1.5.0-Package/src/rp2_common/pico_malloc/pico_malloc.c.obj (calloc)
c:/sysgcc/arm-eabi/bin/../lib/gcc/arm-none-eabi/10.3.1/../../../../arm-none-eabi/lib/thumb/v6-m/nofp\libg.a(lib_a-callocr.o)
                              c:/sysgcc/arm-eabi/bin/../lib/gcc/arm-none-eabi/10.3.1/../../../../arm-none-eabi/lib/thumb/v6-m/nofp\libg.a(lib_a-calloc.o) (_calloc_r)
c:/sysgcc/arm-eabi/bin/../lib/gcc/arm-none-eabi/10.3.1/../../../../arm-none-eabi/lib/thumb/v6-m/nofp\libg.a(lib_a-errno.o)
                              c:/sysgcc/arm-eabi/bin/../lib/gcc/arm-none-eabi/10.3.1/../../../../arm-none-eabi/lib/thumb/v6-m/nofp\libg.a(lib_a-callocr.o) (__errno)
c:/sysgcc/arm-eabi/bin/../lib/gcc/arm-none-eabi/10.3.1/../../../../arm-none-eabi/lib/thumb/v6-m/nofp\libg.a(lib_a-impure.o)
                              c:/sysgcc/arm-eabi/bin/../lib/gcc/arm-none-eabi/10.3.1/../../../../arm-none-eabi/lib/thumb/v6-m/nofp\libg.a(lib_a-calloc.o) (_impure_ptr)
c:/sysgcc/arm-eabi/bin/../lib/gcc/arm-none-eabi/10.3.1/../../../../arm-none-eabi/lib/thumb/v6-m/nofp\libg.a(lib_a-init.o)
                              c:/sysgcc/arm-eabi/bin/../lib/gcc/arm-none-eabi/10.3.1/../../../../arm-none-eabi/lib/thumb/v6-m/nofp/crt0.o (__libc_init_array)
c:/sysgcc/arm-eabi/bin/../lib/gcc/arm-none-eabi/10.3.1/../../../../arm-none-eabi/lib/thumb/v6-m/nofp\libg.a(lib_a-malloc.o)
                              CMakeFiles/adc_console.dir/C_/Users/valdas/AppData/Local/VisualGDB/PicoSDK/1.5.0-Package/src/rp2_common/pico_malloc/pico_malloc.c.obj (malloc)
c:/sysgcc/arm-eabi/bin/../lib/gcc/arm-none-eabi/10.3.1/../../../../arm-none-eabi/lib/thumb/v6-m/nofp\libg.a(lib_a-mallocr.o)
                              c:/sysgcc/arm-eabi/bin/../lib/gcc/arm-none-eabi/10.3.1/../../../../arm-none-eabi/lib/thumb/v6-m/nofp\libg.a(lib_a-callocr.o) (_malloc_r)
c:/sysgcc/arm-eabi/bin/../lib/gcc/arm-none-eabi/10.3.1/../../../../arm-none-eabi/lib/thumb/v6-m/nofp\libg.a(lib_a-mlock.o)
                              c:/sysgcc/arm-eabi/bin/../lib/gcc/arm-none-eabi/10.3.1/../../../../arm-none-eabi/lib/thumb/v6-m/nofp\libg.a(lib_a-mallocr.o) (__malloc_lock)
c:/sysgcc/arm-eabi/bin/../lib/gcc/arm-none-eabi/10.3.1/../../../../arm-none-eabi/lib/thumb/v6-m/nofp\libg.a(lib_a-realloc.o)
                              CMakeFiles/adc_console.dir/C_/Users/valdas/AppData/Local/VisualGDB/PicoSDK/1.5.0-Package/src/rp2_common/pico_malloc/pico_malloc.c.obj (realloc)
c:/sysgcc/arm-eabi/bin/../lib/gcc/arm-none-eabi/10.3.1/../../../../arm-none-eabi/lib/thumb/v6-m/nofp\libg.a(lib_a-reallocr.o)
                              c:/sysgcc/arm-eabi/bin/../lib/gcc/arm-none-eabi/10.3.1/../../../../arm-none-eabi/lib/thumb/v6-m/nofp\libg.a(lib_a-realloc.o) (_realloc_r)
c:/sysgcc/arm-eabi/bin/../lib/gcc/arm-none-eabi/10.3.1/../../../../arm-none-eabi/lib/thumb/v6-m/nofp\libg.a(lib_a-sbrkr.o)
                              c:/sysgcc/arm-eabi/bin/../lib/gcc/arm-none-eabi/10.3.1/../../../../arm-none-eabi/lib/thumb/v6-m/nofp\libg.a(lib_a-mallocr.o) (_sbrk_r)
c:/sysgcc/arm-eabi/bin/../lib/gcc/arm-none-eabi/10.3.1/../../../../arm-none-eabi/lib/thumb/v6-m/nofp\libg.a(lib_a-strlen-stub.o)
                              CMakeFiles/adc_console.dir/C_/Users/valdas/AppData/Local/VisualGDB/PicoSDK/1.5.0-Package/src/rp2_common/pico_stdio/stdio.c.obj (strlen)
c:/sysgcc/arm-eabi/bin/../lib/gcc/arm-none-eabi/10.3.1/../../../../arm-none-eabi/lib/thumb/v6-m/nofp\libg.a(lib_a-freer.o)
                              c:/sysgcc/arm-eabi/bin/../lib/gcc/arm-none-eabi/10.3.1/../../../../arm-none-eabi/lib/thumb/v6-m/nofp\libg.a(lib_a-malloc.o) (_free_r)
c:/sysgcc/arm-eabi/bin/../lib/gcc/arm-none-eabi/10.3.1/../../../../arm-none-eabi/lib/thumb/v6-m/nofp\libg.a(lib_a-lock.o)
                              c:/sysgcc/arm-eabi/bin/../lib/gcc/arm-none-eabi/10.3.1/../../../../arm-none-eabi/lib/thumb/v6-m/nofp\libg.a(lib_a-mlock.o) (__retarget_lock_acquire_recursive)
c:/sysgcc/arm-eabi/bin/../lib/gcc/arm-none-eabi/10.3.1/../../../../arm-none-eabi/lib/thumb/v6-m/nofp\libg.a(lib_a-memmove.o)
                              c:/sysgcc/arm-eabi/bin/../lib/gcc/arm-none-eabi/10.3.1/../../../../arm-none-eabi/lib/thumb/v6-m/nofp\libg.a(lib_a-reallocr.o) (memmove)
c:/sysgcc/arm-eabi/bin/../lib/gcc/arm-none-eabi/10.3.1/../../../../arm-none-eabi/lib/thumb/v6-m/nofp\libg.a(lib_a-reent.o)
[...]
Memory Configuration

Name             Origin             Length             Attributes
FLASH            0x10000000         0x00200000         xr
RAM              0x20000000         0x00040000         xrw
SCRATCH_X        0x20040000         0x00001000         xrw
SCRATCH_Y        0x20041000         0x00001000         xrw
*default*        0x00000000         0xffffffff

Linker script and memory map

LOAD c:/sysgcc/arm-eabi/bin/../lib/gcc/arm-none-eabi/10.3.1/thumb/v6-m/nofp/crti.o
LOAD c:/sysgcc/arm-eabi/bin/../lib/gcc/arm-none-eabi/10.3.1/thumb/v6-m/nofp/crtbegin.o
LOAD c:/sysgcc/arm-eabi/bin/../lib/gcc/arm-none-eabi/10.3.1/../../../../arm-none-eabi/lib/thumb/v6-m/nofp/crt0.o

.flash_begin    0x10000000        0x0
                0x10000000                __flash_binary_start = .

.boot2          0x10000000      0x100
                0x10000000                __boot2_start__ = .
 *(.boot2)
 .boot2         0x10000000      0x100 C:\Users\valdas\AppData\Local\Temp\cciuxHPr.o
                0x10000100                __boot2_end__ = .
                0x00000001                ASSERT (((__boot2_end__ - __boot2_start__) == 0x100), ERROR: Pico second stage bootloader must be 256 bytes in size)

.text           0x10000100     0x7090
                0x10000100                __logical_binary_start = .
 *(.vectors)
 .vectors       0x10000100       0xd4 CMakeFiles/adc_console.dir/C_/Users/valdas/AppData/Local/VisualGDB/PicoSDK/1.5.0-Package/src/rp2_common/pico_standard_link/crt0.S.obj
                0x10000100                __VECTOR_TABLE
                0x10000100                __vectors
                0x100001c0                isr_invalid
                0x100001c0                __default_isrs_start
                0x100001c2                isr_nmi
                0x100001c4                isr_hardfault
                0x100001c6                isr_svcall
                0x100001c8                isr_pendsv
                0x100001ca                isr_systick
                0x100001cc                isr_irq23
                0x100001cc                isr_irq18
                0x100001cc                isr_irq11
                0x100001cc                isr_irq28
                0x100001cc                isr_irq19
                0x100001cc                isr_irq0
                0x100001cc                isr_irq6
                0x100001cc                isr_irq5
                0x100001cc                isr_irq12
                0x100001cc                isr_irq22
                0x100001cc                isr_irq31
                0x100001cc                isr_irq17
                0x100001cc                isr_irq27
                0x100001cc                isr_irq30
                0x100001cc                isr_irq2
                0x100001cc                isr_irq10
                0x100001cc                isr_irq8
                0x100001cc                isr_irq24
                0x100001cc                isr_irq1
                0x100001cc                isr_irq7
                0x100001cc                isr_irq21
                0x100001cc                isr_irq20
                0x100001cc                isr_irq15
                0x100001cc                isr_irq25
                0x100001cc                isr_irq13
                0x100001cc                __unhandled_user_irq
                0x100001cc                isr_irq4
                0x100001cc                isr_irq16
                0x100001cc                isr_irq29
                0x100001cc                isr_irq26
                0x100001cc                __default_isrs_end
                0x100001cc                isr_irq3
                0x100001cc                isr_irq14
                0x100001cc                isr_irq9
                0x100001d2                unhandled_user_irq_num_in_r0
 *(.binary_info_header)
 .binary_info_header
                0x100001d4       0x14 CMakeFiles/adc_console.dir/C_/Users/valdas/AppData/Local/VisualGDB/PicoSDK/1.5.0-Package/src/rp2_common/pico_standard_link/crt0.S.obj
                0x100001e8                __binary_info_header_end = .
 *(.reset)
 .reset         0x100001e8       0xa0 CMakeFiles/adc_console.dir/C_/Users/valdas/AppData/Local/VisualGDB/PicoSDK/1.5.0-Package/src/rp2_common/pico_standard_link/crt0.S.obj
                0x100001e8                _entry_point
 .reset         0x10000288       0x30 CMakeFiles/adc_console.dir/C_/Users/valdas/AppData/Local/VisualGDB/PicoSDK/1.5.0-Package/src/rp2_common/pico_standard_link/binary_info.c.obj
 *(.init)
 .init          0x100002b8        0x4 c:/sysgcc/arm-eabi/bin/../lib/gcc/arm-none-eabi/10.3.1/thumb/v6-m/nofp/crti.o
                0x100002b8                _init
 *(EXCLUDE_FILE(*libm.a: *libc.a:*lib_a-mem*.o *libgcc.a:) .text*)
 .text          0x100002bc       0x48 c:/sysgcc/arm-eabi/bin/../lib/gcc/arm-none-eabi/10.3.1/thumb/v6-m/nofp/crtbegin.o
 .text.time_us_32
                0x10000304       0x14 CMakeFiles/adc_console.dir/adc_console.c.obj
 .text.gpio_disable_pulls
                0x10000318       0x1c CMakeFiles/adc_console.dir/adc_console.c.obj
 .text.gpio_get
                0x10000334       0x26 CMakeFiles/adc_console.dir/adc_console.c.obj
 .text.gpio_set_mask
                0x1000035a       0x18 CMakeFiles/adc_console.dir/adc_console.c.obj
 .text.gpio_clr_mask
                0x10000372       0x18 CMakeFiles/adc_console.dir/adc_console.c.obj
 .text.gpio_xor_mask
                0x1000038a       0x18 CMakeFiles/adc_console.dir/adc_console.c.obj
 .text.gpio_put
                0x100003a2       0x3a CMakeFiles/adc_console.dir/adc_console.c.obj
 .text.gpio_set_dir_out_masked
                0x100003dc       0x18 CMakeFiles/adc_console.dir/adc_console.c.obj
 .text.gpio_set_dir_in_masked
                0x100003f4       0x18 CMakeFiles/adc_console.dir/adc_console.c.obj
 .text.gpio_set_dir
                0x1000040c       0x3a CMakeFiles/adc_console.dir/adc_console.c.obj
 .text.adc_gpio_init
                0x10000446       0x2c CMakeFiles/adc_console.dir/adc_console.c.obj
 *fill*         0x10000472        0x2 
 .text.adc_select_input
                0x10000474       0x48 CMakeFiles/adc_console.dir/adc_console.c.obj
 .text.adc_read
                0x100004bc       0x40 CMakeFiles/adc_console.dir/adc_console.c.obj
 .text.main     0x100004fc      0x138 CMakeFiles/adc_console.dir/adc_console.c.obj
                0x100004fc                main
 .text.check_gpio_param
                0x10000634       0x10 CMakeFiles/adc_console.dir/C_/Users/valdas/AppData/Local/VisualGDB/PicoSDK/1.5.0-Package/src/rp2_common/hardware_gpio/gpio.c.obj
 .text.gpio_set_function
                0x10000644       0x6c CMakeFiles/adc_console.dir/C_/Users/valdas/AppData/Local/VisualGDB/PicoSDK/1.5.0-Package/src/rp2_common/hardware_gpio/gpio.c.obj
                0x10000644                gpio_set_function
 .text.gpio_set_pulls
                0x100006b0       0x7c CMakeFiles/adc_console.dir/C_/Users/valdas/AppData/Local/VisualGDB/PicoSDK/1.5.0-Package/src/rp2_common/hardware_gpio/gpio.c.obj
                0x100006b0                gpio_set_pulls
 .text.gpio_set_input_enabled
                0x1000072c       0x60 CMakeFiles/adc_console.dir/C_/Users/valdas/AppData/Local/VisualGDB/PicoSDK/1.5.0-Package/src/rp2_common/hardware_gpio/gpio.c.obj
                0x1000072c                gpio_set_input_enabled
 .text.gpio_init
                0x1000078c       0x36 CMakeFiles/adc_console.dir/C_/Users/valdas/AppData/Local/VisualGDB/PicoSDK/1.5.0-Package/src/rp2_common/hardware_gpio/gpio.c.obj
                0x1000078c                gpio_init
 *fill*         0x100007c2        0x2 
 .text.running_on_fpga
                0x100007c4       0x1c CMakeFiles/adc_console.dir/C_/Users/valdas/AppData/Local/VisualGDB/PicoSDK/1.5.0-Package/src/rp2_common/pico_platform/platform.c.obj
                0x100007c4                running_on_fpga
 .text.hw_claim_lock
                0x100007e0       0x50 CMakeFiles/adc_console.dir/C_/Users/valdas/AppData/Local/VisualGDB/PicoSDK/1.5.0-Package/src/rp2_common/hardware_claim/claim.c.obj
                0x100007e0                hw_claim_lock
 .text.hw_claim_unlock
                0x10000830       0x4c CMakeFiles/adc_console.dir/C_/Users/valdas/AppData/Local/VisualGDB/PicoSDK/1.5.0-Package/src/rp2_common/hardware_claim/claim.c.obj
                0x10000830                hw_claim_unlock
 .text.hw_is_claimed
                0x1000087c       0x32 CMakeFiles/adc_console.dir/C_/Users/valdas/AppData/Local/VisualGDB/PicoSDK/1.5.0-Package/src/rp2_common/hardware_claim/claim.c.obj
                0x1000087c                hw_is_claimed
 .text.hw_claim_or_assert
                0x100008ae       0x66 CMakeFiles/adc_console.dir/C_/Users/valdas/AppData/Local/VisualGDB/PicoSDK/1.5.0-Package/src/rp2_common/hardware_claim/claim.c.obj
                0x100008ae                hw_claim_or_assert
 .text.spin_locks_reset
                0x10000914       0x48 CMakeFiles/adc_console.dir/C_/Users/valdas/AppData/Local/VisualGDB/PicoSDK/1.5.0-Package/src/rp2_common/hardware_sync/sync.c.obj
                0x10000914                spin_locks_reset
 .text.next_striped_spin_lock_num
                0x1000095c       0x30 CMakeFiles/adc_console.dir/C_/Users/valdas/AppData/Local/VisualGDB/PicoSDK/1.5.0-Package/src/rp2_common/hardware_sync/sync.c.obj
                0x1000095c                next_striped_spin_lock_num
 .text.__get_current_exception
                0x1000098c       0x16 CMakeFiles/adc_console.dir/C_/Users/valdas/AppData/Local/VisualGDB/PicoSDK/1.5.0-Package/src/rp2_common/hardware_irq/irq.c.obj
 .text.check_irq_param
                0x100009a2       0x10 CMakeFiles/adc_console.dir/C_/Users/valdas/AppData/Local/VisualGDB/PicoSDK/1.5.0-Package/src/rp2_common/hardware_irq/irq.c.obj
 *fill*         0x100009b2        0x2 
 .text.get_vtable
                0x100009b4       0x14 CMakeFiles/adc_console.dir/C_/Users/valdas/AppData/Local/VisualGDB/PicoSDK/1.5.0-Package/src/rp2_common/hardware_irq/irq.c.obj
 .text.add_thumb_bit
                0x100009c8       0x16 CMakeFiles/adc_console.dir/C_/Users/valdas/AppData/Local/VisualGDB/PicoSDK/1.5.0-Package/src/rp2_common/hardware_irq/irq.c.obj
 .text.remove_thumb_bit
                0x100009de       0x16 CMakeFiles/adc_console.dir/C_/Users/valdas/AppData/Local/VisualGDB/PicoSDK/1.5.0-Package/src/rp2_common/hardware_irq/irq.c.obj
 .text.set_raw_irq_handler_and_unlock
                0x100009f4       0x68 CMakeFiles/adc_console.dir/C_/Users/valdas/AppData/Local/VisualGDB/PicoSDK/1.5.0-Package/src/rp2_common/hardware_irq/irq.c.obj
 .text.irq_set_enabled
                0x10000a5c       0x30 CMakeFiles/adc_console.dir/C_/Users/valdas/AppData/Local/VisualGDB/PicoSDK/1.5.0-Package/src/rp2_common/hardware_irq/irq.c.obj
                0x10000a5c                irq_set_enabled
 .text.irq_is_enabled
                0x10000a8c       0x30 CMakeFiles/adc_console.dir/C_/Users/valdas/AppData/Local/VisualGDB/PicoSDK/1.5.0-Package/src/rp2_common/hardware_irq/irq.c.obj
                0x10000a8c                irq_is_enabled
 .text.irq_set_mask_enabled
                0x10000abc       0x40 CMakeFiles/adc_console.dir/C_/Users/valdas/AppData/Local/VisualGDB/PicoSDK/1.5.0-Package/src/rp2_common/hardware_irq/irq.c.obj
                0x10000abc                irq_set_mask_enabled
 .text.is_shared_irq_raw_handler
                0x10000afc       0x24 CMakeFiles/adc_console.dir/C_/Users/valdas/AppData/Local/VisualGDB/PicoSDK/1.5.0-Package/src/rp2_common/hardware_irq/irq.c.obj
 .text.irq_get_vtable_handler
                0x10000b20       0x28 CMakeFiles/adc_console.dir/C_/Users/valdas/AppData/Local/VisualGDB/PicoSDK/1.5.0-Package/src/rp2_common/hardware_irq/irq.c.obj
                0x10000b20                irq_get_vtable_handler
 .text.irq_set_exclusive_handler
                0x10000b48       0xa4 CMakeFiles/adc_console.dir/C_/Users/valdas/AppData/Local/VisualGDB/PicoSDK/1.5.0-Package/src/rp2_common/hardware_irq/irq.c.obj
                0x10000b48                irq_set_exclusive_handler
 .text.make_branch
                0x10000bec       0x74 CMakeFiles/adc_console.dir/C_/Users/valdas/AppData/Local/VisualGDB/PicoSDK/1.5.0-Package/src/rp2_common/hardware_irq/irq.c.obj
 .text.insert_branch_and_link
                0x10000c60       0x74 CMakeFiles/adc_console.dir/C_/Users/valdas/AppData/Local/VisualGDB/PicoSDK/1.5.0-Package/src/rp2_common/hardware_irq/irq.c.obj
 .text.resolve_branch
                0x10000cd4       0x5c CMakeFiles/adc_console.dir/C_/Users/valdas/AppData/Local/VisualGDB/PicoSDK/1.5.0-Package/src/rp2_common/hardware_irq/irq.c.obj
 .text.slot_diff
                0x10000d30       0x30 CMakeFiles/adc_console.dir/C_/Users/valdas/AppData/Local/VisualGDB/PicoSDK/1.5.0-Package/src/rp2_common/hardware_irq/irq.c.obj
 .text.get_slot_index
                0x10000d60       0x24 CMakeFiles/adc_console.dir/C_/Users/valdas/AppData/Local/VisualGDB/PicoSDK/1.5.0-Package/src/rp2_common/hardware_irq/irq.c.obj
 .text.irq_remove_handler
                0x10000d84      0x24c CMakeFiles/adc_console.dir/C_/Users/valdas/AppData/Local/VisualGDB/PicoSDK/1.5.0-Package/src/rp2_common/hardware_irq/irq.c.obj
                0x10000d84                irq_remove_handler
 .text.irq_add_tail_to_free_list
                0x10000fd0      0x1b4 CMakeFiles/adc_console.dir/C_/Users/valdas/AppData/Local/VisualGDB/PicoSDK/1.5.0-Package/src/rp2_common/hardware_irq/irq.c.obj
                0x10000fd0                irq_add_tail_to_free_list
 .text.irq_init_priorities
                0x10001184       0x3c CMakeFiles/adc_console.dir/C_/Users/valdas/AppData/Local/VisualGDB/PicoSDK/1.5.0-Package/src/rp2_common/hardware_irq/irq.c.obj
                0x10001184                irq_init_priorities
 .text.lock_init
                0x100011c0       0x2c CMakeFiles/adc_console.dir/C_/Users/valdas/AppData/Local/VisualGDB/PicoSDK/1.5.0-Package/src/common/pico_sync/lock_core.c.obj
                0x100011c0                lock_init
 .text.mutex_init
                0x100011ec       0x2e CMakeFiles/adc_console.dir/C_/Users/valdas/AppData/Local/VisualGDB/PicoSDK/1.5.0-Package/src/common/pico_sync/mutex.c.obj
                0x100011ec                mutex_init
 .text.recursive_mutex_init
                0x1000121a       0x34 CMakeFiles/adc_console.dir/C_/Users/valdas/AppData/Local/VisualGDB/PicoSDK/1.5.0-Package/src/common/pico_sync/mutex.c.obj
                0x1000121a                recursive_mutex_init
 .text.to_us_since_boot
                0x1000124e       0x18 CMakeFiles/adc_console.dir/C_/Users/valdas/AppData/Local/VisualGDB/PicoSDK/1.5.0-Package/src/common/pico_time/time.c.obj
 *fill*         0x10001266        0x2 
 .text.update_us_since_boot
                0x10001268       0x40 CMakeFiles/adc_console.dir/C_/Users/valdas/AppData/Local/VisualGDB/PicoSDK/1.5.0-Package/src/common/pico_time/time.c.obj
 .text.__get_current_exception
                0x100012a8       0x16 CMakeFiles/adc_console.dir/C_/Users/valdas/AppData/Local/VisualGDB/PicoSDK/1.5.0-Package/src/common/pico_time/time.c.obj
 *fill*         0x100012be        0x2 
 .text.time_reached
                0x100012c0       0x64 CMakeFiles/adc_console.dir/C_/Users/valdas/AppData/Local/VisualGDB/PicoSDK/1.5.0-Package/src/common/pico_time/time.c.obj
 .text.get_absolute_time
                0x10001324       0x2c CMakeFiles/adc_console.dir/C_/Users/valdas/AppData/Local/VisualGDB/PicoSDK/1.5.0-Package/src/common/pico_time/time.c.obj
 .text.delayed_by_us
                0x10001350       0x68 CMakeFiles/adc_console.dir/C_/Users/valdas/AppData/Local/VisualGDB/PicoSDK/1.5.0-Package/src/common/pico_time/time.c.obj
 .text.make_timeout_time_us
                0x100013b8       0x36 CMakeFiles/adc_console.dir/C_/Users/valdas/AppData/Local/VisualGDB/PicoSDK/1.5.0-Package/src/common/pico_time/time.c.obj
 .text.absolute_time_diff_us
                0x100013ee       0x40 CMakeFiles/adc_console.dir/C_/Users/valdas/AppData/Local/VisualGDB/PicoSDK/1.5.0-Package/src/common/pico_time/time.c.obj
 .text.add_alarm_at
                0x1000142e       0x34 CMakeFiles/adc_console.dir/C_/Users/valdas/AppData/Local/VisualGDB/PicoSDK/1.5.0-Package/src/common/pico_time/time.c.obj
 .text.cancel_alarm
                0x10001462       0x22 CMakeFiles/adc_console.dir/C_/Users/valdas/AppData/Local/VisualGDB/PicoSDK/1.5.0-Package/src/common/pico_time/time.c.obj
 .text.ph_get_node
                0x10001484       0x54 CMakeFiles/adc_console.dir/C_/Users/valdas/AppData/Local/VisualGDB/PicoSDK/1.5.0-Package/src/common/pico_time/time.c.obj
 .text.ph_add_child_node
                0x100014d8       0xc4 CMakeFiles/adc_console.dir/C_/Users/valdas/AppData/Local/VisualGDB/PicoSDK/1.5.0-Package/src/common/pico_time/time.c.obj
 .text.ph_merge_nodes
                0x1000159c       0x7e CMakeFiles/adc_console.dir/C_/Users/valdas/AppData/Local/VisualGDB/PicoSDK/1.5.0-Package/src/common/pico_time/time.c.obj
 .text.ph_new_node
                0x1000161a       0x6a CMakeFiles/adc_console.dir/C_/Users/valdas/AppData/Local/VisualGDB/PicoSDK/1.5.0-Package/src/common/pico_time/time.c.obj
 .text.ph_insert_node
                0x10001684       0x7c CMakeFiles/adc_console.dir/C_/Users/valdas/AppData/Local/VisualGDB/PicoSDK/1.5.0-Package/src/common/pico_time/time.c.obj
 .text.ph_peek_head
                0x10001700       0x14 CMakeFiles/adc_console.dir/C_/Users/valdas/AppData/Local/VisualGDB/PicoSDK/1.5.0-Package/src/common/pico_time/time.c.obj
 .text.ph_contains_node
                0x10001714       0x46 CMakeFiles/adc_console.dir/C_/Users/valdas/AppData/Local/VisualGDB/PicoSDK/1.5.0-Package/src/common/pico_time/time.c.obj
 *fill*         0x1000175a        0x2 
 .text.ph_free_node
                0x1000175c       0x98 CMakeFiles/adc_console.dir/C_/Users/valdas/AppData/Local/VisualGDB/PicoSDK/1.5.0-Package/src/common/pico_time/time.c.obj
 .text.default_alarm_pool_initialized
                0x100017f4       0x18 CMakeFiles/adc_console.dir/C_/Users/valdas/AppData/Local/VisualGDB/PicoSDK/1.5.0-Package/src/common/pico_time/time.c.obj
 .text.get_entry
                0x1000180c       0x5c CMakeFiles/adc_console.dir/C_/Users/valdas/AppData/Local/VisualGDB/PicoSDK/1.5.0-Package/src/common/pico_time/time.c.obj
 .text.get_entry_id_high
                0x10001868       0x50 CMakeFiles/adc_console.dir/C_/Users/valdas/AppData/Local/VisualGDB/PicoSDK/1.5.0-Package/src/common/pico_time/time.c.obj
 .text.timer_pool_entry_comparator
                0x100018b8       0x76 CMakeFiles/adc_console.dir/C_/Users/valdas/AppData/Local/VisualGDB/PicoSDK/1.5.0-Package/src/common/pico_time/time.c.obj
                0x100018b8                timer_pool_entry_comparator
 .text.make_public_id
                0x1000192e       0x26 CMakeFiles/adc_console.dir/C_/Users/valdas/AppData/Local/VisualGDB/PicoSDK/1.5.0-Package/src/common/pico_time/time.c.obj
 .text.alarm_pool_init_default
                0x10001954       0x50 CMakeFiles/adc_console.dir/C_/Users/valdas/AppData/Local/VisualGDB/PicoSDK/1.5.0-Package/src/common/pico_time/time.c.obj
                0x10001954                alarm_pool_init_default
 .text.alarm_pool_get_default
                0x100019a4       0x30 CMakeFiles/adc_console.dir/C_/Users/valdas/AppData/Local/VisualGDB/PicoSDK/1.5.0-Package/src/common/pico_time/time.c.obj
                0x100019a4                alarm_pool_get_default
 .text.add_alarm_under_lock
                0x100019d4      0x128 CMakeFiles/adc_console.dir/C_/Users/valdas/AppData/Local/VisualGDB/PicoSDK/1.5.0-Package/src/common/pico_time/time.c.obj
 .text.alarm_pool_alarm_callback
                0x10001afc      0x414 CMakeFiles/adc_console.dir/C_/Users/valdas/AppData/Local/VisualGDB/PicoSDK/1.5.0-Package/src/common/pico_time/time.c.obj
 .text.alarm_pool_post_alloc_init
                0x10001f10       0x68 CMakeFiles/adc_console.dir/C_/Users/valdas/AppData/Local/VisualGDB/PicoSDK/1.5.0-Package/src/common/pico_time/time.c.obj
 .text.alarm_pool_add_alarm_at
                0x10001f78      0x192 CMakeFiles/adc_console.dir/C_/Users/valdas/AppData/Local/VisualGDB/PicoSDK/1.5.0-Package/src/common/pico_time/time.c.obj
                0x10001f78                alarm_pool_add_alarm_at
 *fill*         0x1000210a        0x2 
 .text.alarm_pool_cancel_alarm
                0x1000210c      0x128 CMakeFiles/adc_console.dir/C_/Users/valdas/AppData/Local/VisualGDB/PicoSDK/1.5.0-Package/src/common/pico_time/time.c.obj
                0x1000210c                alarm_pool_cancel_alarm
 .text.sleep_until_callback
                0x10002234       0x80 CMakeFiles/adc_console.dir/C_/Users/valdas/AppData/Local/VisualGDB/PicoSDK/1.5.0-Package/src/common/pico_time/time.c.obj
 .text.sleep_until
                0x100022b4      0x148 CMakeFiles/adc_console.dir/C_/Users/valdas/AppData/Local/VisualGDB/PicoSDK/1.5.0-Package/src/common/pico_time/time.c.obj
                0x100022b4                sleep_until
 .text.sleep_us
                0x100023fc       0x2c CMakeFiles/adc_console.dir/C_/Users/valdas/AppData/Local/VisualGDB/PicoSDK/1.5.0-Package/src/common/pico_time/time.c.obj
                0x100023fc                sleep_us
 .text.sleep_ms
                0x10002428       0x32 CMakeFiles/adc_console.dir/C_/Users/valdas/AppData/Local/VisualGDB/PicoSDK/1.5.0-Package/src/common/pico_time/time.c.obj
                0x10002428                sleep_ms
 *fill*         0x1000245a        0x2 
 .text.best_effort_wfe_or_timeout
                0x1000245c       0x78 CMakeFiles/adc_console.dir/C_/Users/valdas/AppData/Local/VisualGDB/PicoSDK/1.5.0-Package/src/common/pico_time/time.c.obj
                0x1000245c                best_effort_wfe_or_timeout
 .text.to_us_since_boot
                0x100024d4       0x18 CMakeFiles/adc_console.dir/C_/Users/valdas/AppData/Local/VisualGDB/PicoSDK/1.5.0-Package/src/rp2_common/hardware_timer/timer.c.obj
 .text.__get_current_exception
                0x100024ec       0x16 CMakeFiles/adc_console.dir/C_/Users/valdas/AppData/Local/VisualGDB/PicoSDK/1.5.0-Package/src/rp2_common/hardware_timer/timer.c.obj
 .text.check_hardware_alarm_num_param
                0x10002502       0x10 CMakeFiles/adc_console.dir/C_/Users/valdas/AppData/Local/VisualGDB/PicoSDK/1.5.0-Package/src/rp2_common/hardware_timer/timer.c.obj
 *fill*         0x10002512        0x2 
 .text.irq_clear
                0x10002514       0x24 CMakeFiles/adc_console.dir/C_/Users/valdas/AppData/Local/VisualGDB/PicoSDK/1.5.0-Package/src/rp2_common/hardware_timer/timer.c.obj
 .text.hardware_alarm_claim
                0x10002538       0x2c CMakeFiles/adc_console.dir/C_/Users/valdas/AppData/Local/VisualGDB/PicoSDK/1.5.0-Package/src/rp2_common/hardware_timer/timer.c.obj
                0x10002538                hardware_alarm_claim
 .text.time_us_64
                0x10002564       0x60 CMakeFiles/adc_console.dir/C_/Users/valdas/AppData/Local/VisualGDB/PicoSDK/1.5.0-Package/src/rp2_common/hardware_timer/timer.c.obj
                0x10002564                time_us_64
 .text.busy_wait_until
                0x100025c4       0x6c CMakeFiles/adc_console.dir/C_/Users/valdas/AppData/Local/VisualGDB/PicoSDK/1.5.0-Package/src/rp2_common/hardware_timer/timer.c.obj
                0x100025c4                busy_wait_until
 .text.harware_alarm_irq_number
                0x10002630       0x12 CMakeFiles/adc_console.dir/C_/Users/valdas/AppData/Local/VisualGDB/PicoSDK/1.5.0-Package/src/rp2_common/hardware_timer/timer.c.obj
 *fill*         0x10002642        0x2 
 .text.hardware_alarm_irq_handler
                0x10002644      0x13c CMakeFiles/adc_console.dir/C_/Users/valdas/AppData/Local/VisualGDB/PicoSDK/1.5.0-Package/src/rp2_common/hardware_timer/timer.c.obj
 .text.hardware_alarm_set_callback
                0x10002780      0x134 CMakeFiles/adc_console.dir/C_/Users/valdas/AppData/Local/VisualGDB/PicoSDK/1.5.0-Package/src/rp2_common/hardware_timer/timer.c.obj
                0x10002780                hardware_alarm_set_callback
 .text.hardware_alarm_set_target
                0x100028b4      0x1c4 CMakeFiles/adc_console.dir/C_/Users/valdas/AppData/Local/VisualGDB/PicoSDK/1.5.0-Package/src/rp2_common/hardware_timer/timer.c.obj
                0x100028b4                hardware_alarm_set_target
 .text.hardware_alarm_cancel
                0x10002a78       0xb8 CMakeFiles/adc_console.dir/C_/Users/valdas/AppData/Local/VisualGDB/PicoSDK/1.5.0-Package/src/rp2_common/hardware_timer/timer.c.obj
                0x10002a78                hardware_alarm_cancel
 .text.ph_get_node
                0x10002b30       0x54 CMakeFiles/adc_console.dir/C_/Users/valdas/AppData/Local/VisualGDB/PicoSDK/1.5.0-Package/src/common/pico_util/pheap.c.obj
 .text.ph_add_child_node
                0x10002b84       0xc4 CMakeFiles/adc_console.dir/C_/Users/valdas/AppData/Local/VisualGDB/PicoSDK/1.5.0-Package/src/common/pico_util/pheap.c.obj
 .text.ph_merge_nodes
                0x10002c48       0x7e CMakeFiles/adc_console.dir/C_/Users/valdas/AppData/Local/VisualGDB/PicoSDK/1.5.0-Package/src/common/pico_util/pheap.c.obj
 .text.ph_peek_head
                0x10002cc6       0x14 CMakeFiles/adc_console.dir/C_/Users/valdas/AppData/Local/VisualGDB/PicoSDK/1.5.0-Package/src/common/pico_util/pheap.c.obj
 .text.ph_remove_and_free_head
                0x10002cda       0x1c CMakeFiles/adc_console.dir/C_/Users/valdas/AppData/Local/VisualGDB/PicoSDK/1.5.0-Package/src/common/pico_util/pheap.c.obj
 .text.ph_post_alloc_init
                0x10002cf6       0x32 CMakeFiles/adc_console.dir/C_/Users/valdas/AppData/Local/VisualGDB/PicoSDK/1.5.0-Package/src/common/pico_util/pheap.c.obj
                0x10002cf6                ph_post_alloc_init
 .text.ph_clear
                0x10002d28       0x78 CMakeFiles/adc_console.dir/C_/Users/valdas/AppData/Local/VisualGDB/PicoSDK/1.5.0-Package/src/common/pico_util/pheap.c.obj
                0x10002d28                ph_clear
 .text.ph_merge_two_pass
                0x10002da0       0xd0 CMakeFiles/adc_console.dir/C_/Users/valdas/AppData/Local/VisualGDB/PicoSDK/1.5.0-Package/src/common/pico_util/pheap.c.obj
                0x10002da0                ph_merge_two_pass
 .text.ph_remove_any_head
                0x10002e70      0x140 CMakeFiles/adc_console.dir/C_/Users/valdas/AppData/Local/VisualGDB/PicoSDK/1.5.0-Package/src/common/pico_util/pheap.c.obj
 .text.ph_remove_head
                0x10002fb0       0x44 CMakeFiles/adc_console.dir/C_/Users/valdas/AppData/Local/VisualGDB/PicoSDK/1.5.0-Package/src/common/pico_util/pheap.c.obj
                0x10002fb0                ph_remove_head
 .text.ph_remove_and_free_node
                0x10002ff4      0x154 CMakeFiles/adc_console.dir/C_/Users/valdas/AppData/Local/VisualGDB/PicoSDK/1.5.0-Package/src/common/pico_util/pheap.c.obj
                0x10002ff4                ph_remove_and_free_node
 .text.uart_get_index
                0x10003148       0x24 CMakeFiles/adc_console.dir/C_/Users/valdas/AppData/Local/VisualGDB/PicoSDK/1.5.0-Package/src/rp2_common/hardware_uart/uart.c.obj
 .text.uart_get_hw
                0x1000316c       0x1a CMakeFiles/adc_console.dir/C_/Users/valdas/AppData/Local/VisualGDB/PicoSDK/1.5.0-Package/src/rp2_common/hardware_uart/uart.c.obj
 .text.uart_set_format
                0x10003186       0x80 CMakeFiles/adc_console.dir/C_/Users/valdas/AppData/Local/VisualGDB/PicoSDK/1.5.0-Package/src/rp2_common/hardware_uart/uart.c.obj
 *fill*         0x10003206        0x2 
 .text.reset_block
                0x10003208       0x2c CMakeFiles/adc_console.dir/C_/Users/valdas/AppData/Local/VisualGDB/PicoSDK/1.5.0-Package/src/rp2_common/hardware_uart/uart.c.obj
 .text.unreset_block_wait
                0x10003234       0x3c CMakeFiles/adc_console.dir/C_/Users/valdas/AppData/Local/VisualGDB/PicoSDK/1.5.0-Package/src/rp2_common/hardware_uart/uart.c.obj
 .text.uart_reset
                0x10003270       0x2c CMakeFiles/adc_console.dir/C_/Users/valdas/AppData/Local/VisualGDB/PicoSDK/1.5.0-Package/src/rp2_common/hardware_uart/uart.c.obj
 .text.uart_unreset
                0x1000329c       0x2c CMakeFiles/adc_console.dir/C_/Users/valdas/AppData/Local/VisualGDB/PicoSDK/1.5.0-Package/src/rp2_common/hardware_uart/uart.c.obj
 .text.uart_init
                0x100032c8       0x98 CMakeFiles/adc_console.dir/C_/Users/valdas/AppData/Local/VisualGDB/PicoSDK/1.5.0-Package/src/rp2_common/hardware_uart/uart.c.obj
                0x100032c8                uart_init
 .text.uart_set_baudrate
                0x10003360       0xbc CMakeFiles/adc_console.dir/C_/Users/valdas/AppData/Local/VisualGDB/PicoSDK/1.5.0-Package/src/rp2_common/hardware_uart/uart.c.obj
                0x10003360                uart_set_baudrate
 .text.uart_set_translate_crlf
                0x1000341c       0x3c CMakeFiles/adc_console.dir/C_/Users/valdas/AppData/Local/VisualGDB/PicoSDK/1.5.0-Package/src/rp2_common/hardware_uart/uart.c.obj
                0x1000341c                uart_set_translate_crlf
 .text.has_glitchless_mux
                0x10003458       0x32 CMakeFiles/adc_console.dir/C_/Users/valdas/AppData/Local/VisualGDB/PicoSDK/1.5.0-Package/src/rp2_common/hardware_clocks/clocks.c.obj
 *fill*         0x1000348a        0x2 
 .text.clock_configure
                0x1000348c      0x274 CMakeFiles/adc_console.dir/C_/Users/valdas/AppData/Local/VisualGDB/PicoSDK/1.5.0-Package/src/rp2_common/hardware_clocks/clocks.c.obj
                0x1000348c                clock_configure
 .text.clocks_init
                0x10003700      0x148 CMakeFiles/adc_console.dir/C_/Users/valdas/AppData/Local/VisualGDB/PicoSDK/1.5.0-Package/src/rp2_common/hardware_clocks/clocks.c.obj
                0x10003700                clocks_init
 .text.clock_get_hz
                0x10003848       0x24 CMakeFiles/adc_console.dir/C_/Users/valdas/AppData/Local/VisualGDB/PicoSDK/1.5.0-Package/src/rp2_common/hardware_clocks/clocks.c.obj
                0x10003848                clock_get_hz
 .text.reset_block
                0x1000386c       0x2c CMakeFiles/adc_console.dir/C_/Users/valdas/AppData/Local/VisualGDB/PicoSDK/1.5.0-Package/src/rp2_common/hardware_pll/pll.c.obj
 .text.unreset_block_wait
                0x10003898       0x3c CMakeFiles/adc_console.dir/C_/Users/valdas/AppData/Local/VisualGDB/PicoSDK/1.5.0-Package/src/rp2_common/hardware_pll/pll.c.obj
 .text.pll_init
                0x100038d4      0x18c CMakeFiles/adc_console.dir/C_/Users/valdas/AppData/Local/VisualGDB/PicoSDK/1.5.0-Package/src/rp2_common/hardware_pll/pll.c.obj
                0x100038d4                pll_init
 .text.watchdog_start_tick
                0x10003a60       0x20 CMakeFiles/adc_console.dir/C_/Users/valdas/AppData/Local/VisualGDB/PicoSDK/1.5.0-Package/src/rp2_common/hardware_watchdog/watchdog.c.obj
                0x10003a60                watchdog_start_tick
 .text.xosc_init
                0x10003a80       0x48 CMakeFiles/adc_console.dir/C_/Users/valdas/AppData/Local/VisualGDB/PicoSDK/1.5.0-Package/src/rp2_common/hardware_xosc/xosc.c.obj
                0x10003a80                xosc_init
 .text.__breakpoint
                0x10003ac8        0xc CMakeFiles/adc_console.dir/C_/Users/valdas/AppData/Local/VisualGDB/PicoSDK/1.5.0-Package/src/rp2_common/pico_runtime/runtime.c.obj
 .text.__get_current_exception
                0x10003ad4       0x16 CMakeFiles/adc_console.dir/C_/Users/valdas/AppData/Local/VisualGDB/PicoSDK/1.5.0-Package/src/rp2_common/pico_runtime/runtime.c.obj
 *fill*         0x10003aea        0x2 
 .text.reset_block
                0x10003aec       0x2c CMakeFiles/adc_console.dir/C_/Users/valdas/AppData/Local/VisualGDB/PicoSDK/1.5.0-Package/src/rp2_common/pico_runtime/runtime.c.obj
 .text.unreset_block_wait
                0x10003b18       0x3c CMakeFiles/adc_console.dir/C_/Users/valdas/AppData/Local/VisualGDB/PicoSDK/1.5.0-Package/src/rp2_common/pico_runtime/runtime.c.obj
 .text.runtime_init
                0x10003b54      0x130 CMakeFiles/adc_console.dir/C_/Users/valdas/AppData/Local/VisualGDB/PicoSDK/1.5.0-Package/src/rp2_common/pico_runtime/runtime.c.obj
                0x10003b54                runtime_init
 .text._exit    0x10003c84        0xe CMakeFiles/adc_console.dir/C_/Users/valdas/AppData/Local/VisualGDB/PicoSDK/1.5.0-Package/src/rp2_common/pico_runtime/runtime.c.obj
                0x10003c84                _exit
 .text.exit     0x10003c92       0x10 CMakeFiles/adc_console.dir/C_/Users/valdas/AppData/Local/VisualGDB/PicoSDK/1.5.0-Package/src/rp2_common/pico_runtime/runtime.c.obj
                0x10003c92                exit
 *fill*         0x10003ca2        0x2 
 .text.__assert_func
                0x10003ca4       0x4c CMakeFiles/adc_console.dir/C_/Users/valdas/AppData/Local/VisualGDB/PicoSDK/1.5.0-Package/src/rp2_common/pico_runtime/runtime.c.obj
                0x10003ca4                __assert_func
 .text.panic    0x10003cf0       0x40 CMakeFiles/adc_console.dir/C_/Users/valdas/AppData/Local/VisualGDB/PicoSDK/1.5.0-Package/src/rp2_common/pico_runtime/runtime.c.obj
                0x10003cf0                panic
 .text._out_null
                0x10003d30       0x1c CMakeFiles/adc_console.dir/C_/Users/valdas/AppData/Local/VisualGDB/PicoSDK/1.5.0-Package/src/rp2_common/pico_printf/printf.c.obj
 .text._out_fct
                0x10003d4c       0x36 CMakeFiles/adc_console.dir/C_/Users/valdas/AppData/Local/VisualGDB/PicoSDK/1.5.0-Package/src/rp2_common/pico_printf/printf.c.obj
 .text._strnlen_s
                0x10003d82       0x36 CMakeFiles/adc_console.dir/C_/Users/valdas/AppData/Local/VisualGDB/PicoSDK/1.5.0-Package/src/rp2_common/pico_printf/printf.c.obj
 .text._is_digit
                0x10003db8       0x32 CMakeFiles/adc_console.dir/C_/Users/valdas/AppData/Local/VisualGDB/PicoSDK/1.5.0-Package/src/rp2_common/pico_printf/printf.c.obj
 .text._atoi    0x10003dea       0x46 CMakeFiles/adc_console.dir/C_/Users/valdas/AppData/Local/VisualGDB/PicoSDK/1.5.0-Package/src/rp2_common/pico_printf/printf.c.obj
 .text._out_rev
                0x10003e30       0x9a CMakeFiles/adc_console.dir/C_/Users/valdas/AppData/Local/VisualGDB/PicoSDK/1.5.0-Package/src/rp2_common/pico_printf/printf.c.obj
 .text._ntoa_format
                0x10003eca      0x1ac CMakeFiles/adc_console.dir/C_/Users/valdas/AppData/Local/VisualGDB/PicoSDK/1.5.0-Package/src/rp2_common/pico_printf/printf.c.obj
 .text._ntoa_long
                0x10004076       0xd2 CMakeFiles/adc_console.dir/C_/Users/valdas/AppData/Local/VisualGDB/PicoSDK/1.5.0-Package/src/rp2_common/pico_printf/printf.c.obj
 .text._ntoa_long_long
                0x10004148       0xe6 CMakeFiles/adc_console.dir/C_/Users/valdas/AppData/Local/VisualGDB/PicoSDK/1.5.0-Package/src/rp2_common/pico_printf/printf.c.obj
 *fill*         0x1000422e        0x2 
 .text._ftoa    0x10004230      0x494 CMakeFiles/adc_console.dir/C_/Users/valdas/AppData/Local/VisualGDB/PicoSDK/1.5.0-Package/src/rp2_common/pico_printf/printf.c.obj
 .text._etoa    0x100046c4      0x594 CMakeFiles/adc_console.dir/C_/Users/valdas/AppData/Local/VisualGDB/PicoSDK/1.5.0-Package/src/rp2_common/pico_printf/printf.c.obj
 .text._vsnprintf
                0x10004c58      0x8a0 CMakeFiles/adc_console.dir/C_/Users/valdas/AppData/Local/VisualGDB/PicoSDK/1.5.0-Package/src/rp2_common/pico_printf/printf.c.obj
 .text.vfctprintf
                0x100054f8       0x40 CMakeFiles/adc_console.dir/C_/Users/valdas/AppData/Local/VisualGDB/PicoSDK/1.5.0-Package/src/rp2_common/pico_printf/printf.c.obj
                0x100054f8                vfctprintf
 .text          0x10005538       0x10 CMakeFiles/adc_console.dir/C_/Users/valdas/AppData/Local/VisualGDB/PicoSDK/1.5.0-Package/src/rp2_common/pico_bit_ops/bit_ops_aeabi.S.obj
 .text.rom_func_lookup
                0x10005548       0x2c CMakeFiles/adc_console.dir/C_/Users/valdas/AppData/Local/VisualGDB/PicoSDK/1.5.0-Package/src/rp2_common/pico_bootrom/bootrom.c.obj
                0x10005548                rom_func_lookup
 .text.rom_data_lookup
                0x10005574       0x28 CMakeFiles/adc_console.dir/C_/Users/valdas/AppData/Local/VisualGDB/PicoSDK/1.5.0-Package/src/rp2_common/pico_bootrom/bootrom.c.obj
                0x10005574                rom_data_lookup
 .text.rom_funcs_lookup
                0x1000559c       0x68 CMakeFiles/adc_console.dir/C_/Users/valdas/AppData/Local/VisualGDB/PicoSDK/1.5.0-Package/src/rp2_common/pico_bootrom/bootrom.c.obj
                0x1000559c                rom_funcs_lookup
 .text.__wrap___aeabi_idiv
                0x10005604       0x50 CMakeFiles/adc_console.dir/C_/Users/valdas/AppData/Local/VisualGDB/PicoSDK/1.5.0-Package/src/rp2_common/pico_divider/divider.S.obj
                0x10005604                __wrap___aeabi_idivmod
                0x10005604                divmod_s32s32
                0x10005604                div_s32s32
                0x10005604                __wrap___aeabi_idiv
                0x1000560c                divmod_s32s32_unsafe
                0x10005638                divmod_s32s32_savestate
 .text.__wrap___aeabi_uidiv
                0x10005654       0x4c CMakeFiles/adc_console.dir/C_/Users/valdas/AppData/Local/VisualGDB/PicoSDK/1.5.0-Package/src/rp2_common/pico_divider/divider.S.obj
                0x10005654                __wrap___aeabi_uidiv
                0x10005654                __wrap___aeabi_uidivmod
                0x10005654                div_u32u32
                0x10005654                divmod_u32u32
                0x1000565c                divmod_u32u32_unsafe
                0x10005684                divmod_u32u32_savestate
 .text.__wrap___aeabi_ldiv
                0x100056a0      0x424 CMakeFiles/adc_console.dir/C_/Users/valdas/AppData/Local/VisualGDB/PicoSDK/1.5.0-Package/src/rp2_common/pico_divider/divider.S.obj
                0x100056a0                div_s64s64
                0x100056a0                divmod_s64s64
                0x100056a0                __wrap___aeabi_ldivmod
                0x100056d0                divmod_u64u64
                0x100056d0                div_u64u64
                0x100056d0                __wrap___aeabi_uldivmod
                0x100056e0                divmod_u64u64_savestate
                0x10005700                divmod_s64s64_unsafe
                0x10005788                divmod_u64u64_unsafe
 .text.__wrap___aeabi_darithmetic
                0x10005ac4       0x80 CMakeFiles/adc_console.dir/C_/Users/valdas/AppData/Local/VisualGDB/PicoSDK/1.5.0-Package/src/rp2_common/pico_double/double_aeabi.S.obj
                0x10005ac4                __wrap___aeabi_drsub
                0x10005aca                __wrap___aeabi_dsub
                0x10005adc                __wrap___aeabi_dadd
                0x10005aee                __wrap___aeabi_ddiv
                0x10005b2a                __wrap___aeabi_dmul
 .text.__wrap___aeabi_cdcmple
                0x10005b44       0x6c CMakeFiles/adc_console.dir/C_/Users/valdas/AppData/Local/VisualGDB/PicoSDK/1.5.0-Package/src/rp2_common/pico_double/double_aeabi.S.obj
                0x10005b44                __wrap___aeabi_cdrcmple
                0x10005b54                __wrap___aeabi_cdcmpeq
                0x10005b54                __wrap___aeabi_cdcmple
 .text.__wrap___aeabi_dcmplt
                0x10005bb0        0xc CMakeFiles/adc_console.dir/C_/Users/valdas/AppData/Local/VisualGDB/PicoSDK/1.5.0-Package/src/rp2_common/pico_double/double_aeabi.S.obj
                0x10005bb0                __wrap___aeabi_dcmplt
 .text.__wrap___aeabi_dcmpge
                0x10005bbc       0x10 CMakeFiles/adc_console.dir/C_/Users/valdas/AppData/Local/VisualGDB/PicoSDK/1.5.0-Package/src/rp2_common/pico_double/double_aeabi.S.obj
                0x10005bbc                __wrap___aeabi_dcmpge
 .text.__wrap___aeabi_dcmpgt
                0x10005bcc        0xa CMakeFiles/adc_console.dir/C_/Users/valdas/AppData/Local/VisualGDB/PicoSDK/1.5.0-Package/src/rp2_common/pico_double/double_aeabi.S.obj
                0x10005bcc                __wrap___aeabi_dcmpgt
 .text.__wrap___aeabi_dcmpun
                0x10005bd6       0x1c CMakeFiles/adc_console.dir/C_/Users/valdas/AppData/Local/VisualGDB/PicoSDK/1.5.0-Package/src/rp2_common/pico_double/double_aeabi.S.obj
                0x10005bd6                __wrap___aeabi_dcmpun
 *fill*         0x10005bf2        0x2 
 .text.__wrap___aeabi_i2d
                0x10005bf4       0x38 CMakeFiles/adc_console.dir/C_/Users/valdas/AppData/Local/VisualGDB/PicoSDK/1.5.0-Package/src/rp2_common/pico_double/double_aeabi.S.obj
                0x10005bf4                __wrap___aeabi_ui2d
                0x10005bfc                __wrap___aeabi_i2d
 .text.__wrap___aeabi_d2iz
                0x10005c2c       0x48 CMakeFiles/adc_console.dir/C_/Users/valdas/AppData/Local/VisualGDB/PicoSDK/1.5.0-Package/src/rp2_common/pico_double/double_aeabi.S.obj
                0x10005c2c                double2int_z
                0x10005c2c                __wrap___aeabi_d2iz
 .text.__wrap___aeabi_d2uiz
                0x10005c74       0x18 CMakeFiles/adc_console.dir/C_/Users/valdas/AppData/Local/VisualGDB/PicoSDK/1.5.0-Package/src/rp2_common/pico_double/double_aeabi.S.obj
                0x10005c74                __wrap___aeabi_d2uiz
                0x10005c74                double2uint
 .text.rp2040_rom_version
                0x10005c8c        0xe CMakeFiles/adc_console.dir/C_/Users/valdas/AppData/Local/VisualGDB/PicoSDK/1.5.0-Package/src/rp2_common/pico_double/double_init_rom.c.obj
 .text.rom_table_code
                0x10005c9a       0x26 CMakeFiles/adc_console.dir/C_/Users/valdas/AppData/Local/VisualGDB/PicoSDK/1.5.0-Package/src/rp2_common/pico_double/double_init_rom.c.obj
 .text.__aeabi_double_init
                0x10005cc0       0xfc CMakeFiles/adc_console.dir/C_/Users/valdas/AppData/Local/VisualGDB/PicoSDK/1.5.0-Package/src/rp2_common/pico_double/double_init_rom.c.obj
                0x10005cc0                __aeabi_double_init
 .text.double_table_shim_on_use_helper
                0x10005dbc       0x34 CMakeFiles/adc_console.dir/C_/Users/valdas/AppData/Local/VisualGDB/PicoSDK/1.5.0-Package/src/rp2_common/pico_double/double_v1_rom_shim.S.obj
                0x10005dbc                double_table_shim_on_use_helper
 .text.__wrap___aeabi_dsub
                0x10005df0       0x10 CMakeFiles/adc_console.dir/C_/Users/valdas/AppData/Local/VisualGDB/PicoSDK/1.5.0-Package/src/rp2_common/pico_double/double_v1_rom_shim.S.obj
                0x10005df0                drsub_shim
                0x10005df6                dsub_shim
 .text.dadd_shim
                0x10005e00      0x15c CMakeFiles/adc_console.dir/C_/Users/valdas/AppData/Local/VisualGDB/PicoSDK/1.5.0-Package/src/rp2_common/pico_double/double_v1_rom_shim.S.obj
                0x10005e00                dadd_shim
 .text.dmul_shim
                0x10005f5c      0x15c CMakeFiles/adc_console.dir/C_/Users/valdas/AppData/Local/VisualGDB/PicoSDK/1.5.0-Package/src/rp2_common/pico_double/double_v1_rom_shim.S.obj
                0x10005f5c                dmul_shim
 .text.ddiv_shim
                0x100060b8      0x1b0 CMakeFiles/adc_console.dir/C_/Users/valdas/AppData/Local/VisualGDB/PicoSDK/1.5.0-Package/src/rp2_common/pico_double/double_v1_rom_shim.S.obj
                0x100060b8                ddiv_shim
 .text.double2uint_shim
                0x10006268        0xe CMakeFiles/adc_console.dir/C_/Users/valdas/AppData/Local/VisualGDB/PicoSDK/1.5.0-Package/src/rp2_common/pico_double/double_v1_rom_shim.S.obj
                0x10006268                double2uint_shim
                0x1000626a                double2ufix_shim
 *fill*         0x10006276        0x2 
 .text.double2uint64_shim
                0x10006278       0x70 CMakeFiles/adc_console.dir/C_/Users/valdas/AppData/Local/VisualGDB/PicoSDK/1.5.0-Package/src/rp2_common/pico_double/double_v1_rom_shim.S.obj
                0x10006278                double2uint64_shim
                0x1000627a                double2ufix64_shim
                0x1000629a                d2fix_a
 .text.dunpacks
                0x100062e8       0x3c CMakeFiles/adc_console.dir/C_/Users/valdas/AppData/Local/VisualGDB/PicoSDK/1.5.0-Package/src/rp2_common/pico_double/double_v1_rom_shim.S.obj
                0x100062e8                dunpacks
 .text.__aeabi_lmul
                0x10006324       0x32 CMakeFiles/adc_console.dir/C_/Users/valdas/AppData/Local/VisualGDB/PicoSDK/1.5.0-Package/src/rp2_common/pico_int64_ops/pico_int64_ops_aeabi.S.obj
                0x10006324                __wrap___aeabi_lmul
 *fill*         0x10006356        0x2 
 .text.__wrap___aeabi_farithmetic
                0x10006358       0x58 CMakeFiles/adc_console.dir/C_/Users/valdas/AppData/Local/VisualGDB/PicoSDK/1.5.0-Package/src/rp2_common/pico_float/float_aeabi.S.obj
                0x10006358                __wrap___aeabi_frsub
                0x1000635e                __wrap___aeabi_fsub
                0x10006368                __wrap___aeabi_fadd
                0x10006372                __wrap___aeabi_fdiv
                0x1000639e                __wrap___aeabi_fmul
 .text.__wrap___aeabi_ui2f
                0x100063b0        0xa CMakeFiles/adc_console.dir/C_/Users/valdas/AppData/Local/VisualGDB/PicoSDK/1.5.0-Package/src/rp2_common/pico_float/float_aeabi.S.obj
                0x100063b0                __wrap___aeabi_ui2f
 *fill*         0x100063ba        0x2 
 .text.__wrap___aeabi_i2f
                0x100063bc       0x44 CMakeFiles/adc_console.dir/C_/Users/valdas/AppData/Local/VisualGDB/PicoSDK/1.5.0-Package/src/rp2_common/pico_float/float_aeabi.S.obj
                0x100063bc                __wrap___aeabi_i2f
 .text.__wrap___aeabi_f2d
                0x10006400       0x14 CMakeFiles/adc_console.dir/C_/Users/valdas/AppData/Local/VisualGDB/PicoSDK/1.5.0-Package/src/rp2_common/pico_float/float_aeabi.S.obj
                0x10006400                __wrap___aeabi_f2d
 .text.rp2040_rom_version
                0x10006414        0xe CMakeFiles/adc_console.dir/C_/Users/valdas/AppData/Local/VisualGDB/PicoSDK/1.5.0-Package/src/rp2_common/pico_float/float_init_rom.c.obj
 .text.rom_table_code
                0x10006422       0x26 CMakeFiles/adc_console.dir/C_/Users/valdas/AppData/Local/VisualGDB/PicoSDK/1.5.0-Package/src/rp2_common/pico_float/float_init_rom.c.obj
 .text.__aeabi_float_init
                0x10006448      0x130 CMakeFiles/adc_console.dir/C_/Users/valdas/AppData/Local/VisualGDB/PicoSDK/1.5.0-Package/src/rp2_common/pico_float/float_init_rom.c.obj
                0x10006448                __aeabi_float_init
 .text.float_table_shim_on_use_helper
                0x10006578       0x34 CMakeFiles/adc_console.dir/C_/Users/valdas/AppData/Local/VisualGDB/PicoSDK/1.5.0-Package/src/rp2_common/pico_float/float_v1_rom_shim.S.obj
                0x10006578                float_table_shim_on_use_helper
 .text.float2double_shim
                0x100065ac       0x30 CMakeFiles/adc_console.dir/C_/Users/valdas/AppData/Local/VisualGDB/PicoSDK/1.5.0-Package/src/rp2_common/pico_float/float_v1_rom_shim.S.obj
                0x100065ac                float2double_shim
 .text          0x100065dc       0x10 CMakeFiles/adc_console.dir/C_/Users/valdas/AppData/Local/VisualGDB/PicoSDK/1.5.0-Package/src/rp2_common/pico_mem_ops/mem_ops_aeabi.S.obj
                0x100065dc                __aeabi_mem_init
 .text.memcpy   0x100065ec        0xc CMakeFiles/adc_console.dir/C_/Users/valdas/AppData/Local/VisualGDB/PicoSDK/1.5.0-Package/src/rp2_common/pico_mem_ops/mem_ops_aeabi.S.obj
                0x100065ec                __wrap_memcpy
                0x100065ec                __wrap___aeabi_memcpy
 .text.to_us_since_boot
                0x100065f8       0x18 CMakeFiles/adc_console.dir/C_/Users/valdas/AppData/Local/VisualGDB/PicoSDK/1.5.0-Package/src/rp2_common/pico_stdio/stdio.c.obj
 .text.update_us_since_boot
                0x10006610       0x40 CMakeFiles/adc_console.dir/C_/Users/valdas/AppData/Local/VisualGDB/PicoSDK/1.5.0-Package/src/rp2_common/pico_stdio/stdio.c.obj
 .text.get_absolute_time
                0x10006650       0x2c CMakeFiles/adc_console.dir/C_/Users/valdas/AppData/Local/VisualGDB/PicoSDK/1.5.0-Package/src/rp2_common/pico_stdio/stdio.c.obj
 .text.delayed_by_ms
                0x1000667c       0x80 CMakeFiles/adc_console.dir/C_/Users/valdas/AppData/Local/VisualGDB/PicoSDK/1.5.0-Package/src/rp2_common/pico_stdio/stdio.c.obj
 .text.make_timeout_time_ms
                0x100066fc       0x2a CMakeFiles/adc_console.dir/C_/Users/valdas/AppData/Local/VisualGDB/PicoSDK/1.5.0-Package/src/rp2_common/pico_stdio/stdio.c.obj
 *fill*         0x10006726        0x2 
 .text.stdout_serialize_begin
                0x10006728       0x30 CMakeFiles/adc_console.dir/C_/Users/valdas/AppData/Local/VisualGDB/PicoSDK/1.5.0-Package/src/rp2_common/pico_stdio/stdio.c.obj
                0x10006728                stdout_serialize_begin
 .text.stdout_serialize_end
                0x10006758       0x18 CMakeFiles/adc_console.dir/C_/Users/valdas/AppData/Local/VisualGDB/PicoSDK/1.5.0-Package/src/rp2_common/pico_stdio/stdio.c.obj
                0x10006758                stdout_serialize_end
 .text.stdio_out_chars_no_crlf
                0x10006770       0x20 CMakeFiles/adc_console.dir/C_/Users/valdas/AppData/Local/VisualGDB/PicoSDK/1.5.0-Package/src/rp2_common/pico_stdio/stdio.c.obj
 .text.stdio_out_chars_crlf
                0x10006790       0xf4 CMakeFiles/adc_console.dir/C_/Users/valdas/AppData/Local/VisualGDB/PicoSDK/1.5.0-Package/src/rp2_common/pico_stdio/stdio.c.obj
 .text.stdio_put_string
                0x10006884       0xcc CMakeFiles/adc_console.dir/C_/Users/valdas/AppData/Local/VisualGDB/PicoSDK/1.5.0-Package/src/rp2_common/pico_stdio/stdio.c.obj
 .text.__wrap_puts
                0x10006950       0x2e CMakeFiles/adc_console.dir/C_/Users/valdas/AppData/Local/VisualGDB/PicoSDK/1.5.0-Package/src/rp2_common/pico_stdio/stdio.c.obj
                0x10006950                __wrap_puts
 *fill*         0x1000697e        0x2 
 .text.stdio_set_driver_enabled
                0x10006980       0x68 CMakeFiles/adc_console.dir/C_/Users/valdas/AppData/Local/VisualGDB/PicoSDK/1.5.0-Package/src/rp2_common/pico_stdio/stdio.c.obj
                0x10006980                stdio_set_driver_enabled
 .text.stdio_flush
                0x100069e8       0x38 CMakeFiles/adc_console.dir/C_/Users/valdas/AppData/Local/VisualGDB/PicoSDK/1.5.0-Package/src/rp2_common/pico_stdio/stdio.c.obj
                0x100069e8                stdio_flush
 .text.stdio_stack_buffer_flush
                0x10006a20       0x6c CMakeFiles/adc_console.dir/C_/Users/valdas/AppData/Local/VisualGDB/PicoSDK/1.5.0-Package/src/rp2_common/pico_stdio/stdio.c.obj
 .text.stdio_buffered_printer
                0x10006a8c       0x3e CMakeFiles/adc_console.dir/C_/Users/valdas/AppData/Local/VisualGDB/PicoSDK/1.5.0-Package/src/rp2_common/pico_stdio/stdio.c.obj
 *fill*         0x10006aca        0x2 
 .text.__wrap_vprintf
                0x10006acc       0x5c CMakeFiles/adc_console.dir/C_/Users/valdas/AppData/Local/VisualGDB/PicoSDK/1.5.0-Package/src/rp2_common/pico_stdio/stdio.c.obj
                0x10006acc                __wrap_vprintf
 .text.__wrap_printf
                0x10006b28       0x2e CMakeFiles/adc_console.dir/C_/Users/valdas/AppData/Local/VisualGDB/PicoSDK/1.5.0-Package/src/rp2_common/pico_stdio/stdio.c.obj
                0x10006b28                __wrap_printf
 .text.stdio_init_all
                0x10006b56       0x22 CMakeFiles/adc_console.dir/C_/Users/valdas/AppData/Local/VisualGDB/PicoSDK/1.5.0-Package/src/rp2_common/pico_stdio/stdio.c.obj
                0x10006b56                stdio_init_all
 .text.uart_get_index
                0x10006b78       0x24 CMakeFiles/adc_console.dir/C_/Users/valdas/AppData/Local/VisualGDB/PicoSDK/1.5.0-Package/src/rp2_common/pico_stdio_uart/stdio_uart.c.obj
 .text.uart_get_hw
                0x10006b9c       0x1a CMakeFiles/adc_console.dir/C_/Users/valdas/AppData/Local/VisualGDB/PicoSDK/1.5.0-Package/src/rp2_common/pico_stdio_uart/stdio_uart.c.obj
 .text.uart_set_irq_enables
                0x10006bb6       0xde CMakeFiles/adc_console.dir/C_/Users/valdas/AppData/Local/VisualGDB/PicoSDK/1.5.0-Package/src/rp2_common/pico_stdio_uart/stdio_uart.c.obj
 .text.uart_is_writable
                0x10006c94       0x26 CMakeFiles/adc_console.dir/C_/Users/valdas/AppData/Local/VisualGDB/PicoSDK/1.5.0-Package/src/rp2_common/pico_stdio_uart/stdio_uart.c.obj
 .text.uart_is_readable
                0x10006cba       0x26 CMakeFiles/adc_console.dir/C_/Users/valdas/AppData/Local/VisualGDB/PicoSDK/1.5.0-Package/src/rp2_common/pico_stdio_uart/stdio_uart.c.obj
 .text.uart_write_blocking
                0x10006ce0       0x58 CMakeFiles/adc_console.dir/C_/Users/valdas/AppData/Local/VisualGDB/PicoSDK/1.5.0-Package/src/rp2_common/pico_stdio_uart/stdio_uart.c.obj
 .text.uart_read_blocking
                0x10006d38       0x58 CMakeFiles/adc_console.dir/C_/Users/valdas/AppData/Local/VisualGDB/PicoSDK/1.5.0-Package/src/rp2_common/pico_stdio_uart/stdio_uart.c.obj
 .text.uart_putc_raw
                0x10006d90       0x22 CMakeFiles/adc_console.dir/C_/Users/valdas/AppData/Local/VisualGDB/PicoSDK/1.5.0-Package/src/rp2_common/pico_stdio_uart/stdio_uart.c.obj
 *fill*         0x10006db2        0x2 
 .text.uart_putc
                0x10006db4       0x4c CMakeFiles/adc_console.dir/C_/Users/valdas/AppData/Local/VisualGDB/PicoSDK/1.5.0-Package/src/rp2_common/pico_stdio_uart/stdio_uart.c.obj
 .text.uart_getc
                0x10006e00       0x22 CMakeFiles/adc_console.dir/C_/Users/valdas/AppData/Local/VisualGDB/PicoSDK/1.5.0-Package/src/rp2_common/pico_stdio_uart/stdio_uart.c.obj
 *fill*         0x10006e22        0x2 
 .text.stdio_uart_init
                0x10006e24       0x44 CMakeFiles/adc_console.dir/C_/Users/valdas/AppData/Local/VisualGDB/PicoSDK/1.5.0-Package/src/rp2_common/pico_stdio_uart/stdio_uart.c.obj
                0x10006e24                stdio_uart_init
 .text.stdio_uart_init_full
                0x10006e68       0x5c CMakeFiles/adc_console.dir/C_/Users/valdas/AppData/Local/VisualGDB/PicoSDK/1.5.0-Package/src/rp2_common/pico_stdio_uart/stdio_uart.c.obj
                0x10006e68                stdio_uart_init_full
 .text.stdio_uart_out_chars
                0x10006ec4       0x40 CMakeFiles/adc_console.dir/C_/Users/valdas/AppData/Local/VisualGDB/PicoSDK/1.5.0-Package/src/rp2_common/pico_stdio_uart/stdio_uart.c.obj
 .text.stdio_uart_in_chars
                0x10006f04       0x74 CMakeFiles/adc_console.dir/C_/Users/valdas/AppData/Local/VisualGDB/PicoSDK/1.5.0-Package/src/rp2_common/pico_stdio_uart/stdio_uart.c.obj
                0x10006f04                stdio_uart_in_chars
 .text.on_uart_rx
                0x10006f78       0x38 CMakeFiles/adc_console.dir/C_/Users/valdas/AppData/Local/VisualGDB/PicoSDK/1.5.0-Package/src/rp2_common/pico_stdio_uart/stdio_uart.c.obj
 .text.stdio_uart_set_chars_available_callback
                0x10006fb0       0xa4 CMakeFiles/adc_console.dir/C_/Users/valdas/AppData/Local/VisualGDB/PicoSDK/1.5.0-Package/src/rp2_common/pico_stdio_uart/stdio_uart.c.obj
 .text.reset_block
                0x10007054       0x2c CMakeFiles/adc_console.dir/C_/Users/valdas/AppData/Local/VisualGDB/PicoSDK/1.5.0-Package/src/rp2_common/hardware_adc/adc.c.obj
 .text.unreset_block_wait
                0x10007080       0x3c CMakeFiles/adc_console.dir/C_/Users/valdas/AppData/Local/VisualGDB/PicoSDK/1.5.0-Package/src/rp2_common/hardware_adc/adc.c.obj
 .text.adc_init
                0x100070bc       0x34 CMakeFiles/adc_console.dir/C_/Users/valdas/AppData/Local/VisualGDB/PicoSDK/1.5.0-Package/src/rp2_common/hardware_adc/adc.c.obj
                0x100070bc                adc_init
 .text.strlen   0x100070f0       0x5c c:/sysgcc/arm-eabi/bin/../lib/gcc/arm-none-eabi/10.3.1/../../../../arm-none-eabi/lib/thumb/v6-m/nofp\libg.a(lib_a-strlen-stub.o)
                0x100070f0                strlen
 *(.fini)
 .fini          0x1000714c        0x4 c:/sysgcc/arm-eabi/bin/../lib/gcc/arm-none-eabi/10.3.1/thumb/v6-m/nofp/crti.o
                0x1000714c                _fini
 .fini.__stub   0x10007150       0x40 linker stubs
 *crtbegin.o(.ctors)
 *crtbegin?.o(.ctors)
 *(EXCLUDE_FILE(*crtend.o *crtend?.o) .ctors)
 *(SORT_BY_NAME(.ctors.*))
 *(.ctors)
 *crtbegin.o(.dtors)
 *crtbegin?.o(.dtors)
 *(EXCLUDE_FILE(*crtend.o *crtend?.o) .dtors)
 *(SORT_BY_NAME(.dtors.*))
 *(.dtors)
 *(.eh_frame*)
 .eh_frame      0x10007190        0x0 c:/sysgcc/arm-eabi/bin/../lib/gcc/arm-none-eabi/10.3.1/thumb/v6-m/nofp/crtbegin.o
                0x10007190                . = ALIGN (0x4)

.glue_7         0x10007190        0x0
 .glue_7        0x10007190        0x0 linker stubs

.glue_7t        0x10007190        0x0
 .glue_7t       0x10007190        0x0 linker stubs

.vfp11_veneer   0x10007190        0x0
 .vfp11_veneer  0x10007190        0x0 linker stubs

.v4_bx          0x10007190        0x0
 .v4_bx         0x10007190        0x0 linker stubs

.iplt           0x10007190        0x0
 .iplt          0x10007190        0x0 c:/sysgcc/arm-eabi/bin/../lib/gcc/arm-none-eabi/10.3.1/thumb/v6-m/nofp/crtbegin.o

.rodata         0x10007190     0x15d4
 *(EXCLUDE_FILE(*libm.a: *libc.a:*lib_a-mem*.o *libgcc.a:) .rodata*)
 .rodata        0x10007190       0x2c CMakeFiles/adc_console.dir/adc_console.c.obj
 .rodata        0x100071bc      0x263 CMakeFiles/adc_console.dir/C_/Users/valdas/AppData/Local/VisualGDB/PicoSDK/1.5.0-Package/src/rp2_common/hardware_irq/irq.c.obj
 *fill*         0x1000741f        0x1 
 .rodata.__func__.6
                0x10007420       0x1a CMakeFiles/adc_console.dir/C_/Users/valdas/AppData/Local/VisualGDB/PicoSDK/1.5.0-Package/src/rp2_common/hardware_irq/irq.c.obj
 *fill*         0x1000743a        0x2 
 .rodata.__func__.5
                0x1000743c        0xc CMakeFiles/adc_console.dir/C_/Users/valdas/AppData/Local/VisualGDB/PicoSDK/1.5.0-Package/src/rp2_common/hardware_irq/irq.c.obj
 .rodata.__func__.4
                0x10007448       0x17 CMakeFiles/adc_console.dir/C_/Users/valdas/AppData/Local/VisualGDB/PicoSDK/1.5.0-Package/src/rp2_common/hardware_irq/irq.c.obj
 *fill*         0x1000745f        0x1 
 .rodata.__func__.2
                0x10007460        0xf CMakeFiles/adc_console.dir/C_/Users/valdas/AppData/Local/VisualGDB/PicoSDK/1.5.0-Package/src/rp2_common/hardware_irq/irq.c.obj
 *fill*         0x1000746f        0x1 
 .rodata.__func__.1
                0x10007470       0x13 CMakeFiles/adc_console.dir/C_/Users/valdas/AppData/Local/VisualGDB/PicoSDK/1.5.0-Package/src/rp2_common/hardware_irq/irq.c.obj
 *fill*         0x10007483        0x1 
 .rodata.__func__.0
                0x10007484       0x1a CMakeFiles/adc_console.dir/C_/Users/valdas/AppData/Local/VisualGDB/PicoSDK/1.5.0-Package/src/rp2_common/hardware_irq/irq.c.obj
 *fill*         0x1000749e        0x2 
 .rodata        0x100074a0      0x131 CMakeFiles/adc_console.dir/C_/Users/valdas/AppData/Local/VisualGDB/PicoSDK/1.5.0-Package/src/common/pico_sync/mutex.c.obj
 *fill*         0x100075d1        0x3 
 .rodata.__func__.3
                0x100075d4       0x18 CMakeFiles/adc_console.dir/C_/Users/valdas/AppData/Local/VisualGDB/PicoSDK/1.5.0-Package/src/common/pico_sync/mutex.c.obj
 .rodata.__func__.1
                0x100075ec        0xb CMakeFiles/adc_console.dir/C_/Users/valdas/AppData/Local/VisualGDB/PicoSDK/1.5.0-Package/src/common/pico_sync/mutex.c.obj
 *fill*         0x100075f7        0x1 
 .rodata        0x100075f8      0x371 CMakeFiles/adc_console.dir/C_/Users/valdas/AppData/Local/VisualGDB/PicoSDK/1.5.0-Package/src/common/pico_time/time.c.obj
 *fill*         0x10007969        0x3 
 .rodata.__func__.12
                0x1000796c       0x12 CMakeFiles/adc_console.dir/C_/Users/valdas/AppData/Local/VisualGDB/PicoSDK/1.5.0-Package/src/common/pico_time/time.c.obj
 *fill*         0x1000797e        0x2 
 .rodata.__func__.11
                0x10007980        0xc CMakeFiles/adc_console.dir/C_/Users/valdas/AppData/Local/VisualGDB/PicoSDK/1.5.0-Package/src/common/pico_time/time.c.obj
 .rodata.__func__.10
                0x1000798c        0xa CMakeFiles/adc_console.dir/C_/Users/valdas/AppData/Local/VisualGDB/PicoSDK/1.5.0-Package/src/common/pico_time/time.c.obj
 *fill*         0x10007996        0x2 
 .rodata.__func__.9
                0x10007998       0x17 CMakeFiles/adc_console.dir/C_/Users/valdas/AppData/Local/VisualGDB/PicoSDK/1.5.0-Package/src/common/pico_time/time.c.obj
 *fill*         0x100079af        0x1 
 .rodata.__func__.8
                0x100079b0       0x15 CMakeFiles/adc_console.dir/C_/Users/valdas/AppData/Local/VisualGDB/PicoSDK/1.5.0-Package/src/common/pico_time/time.c.obj
 *fill*         0x100079c5        0x3 
 .rodata.__func__.7
                0x100079c8        0xf CMakeFiles/adc_console.dir/C_/Users/valdas/AppData/Local/VisualGDB/PicoSDK/1.5.0-Package/src/common/pico_time/time.c.obj
 *fill*         0x100079d7        0x1 
 .rodata.__func__.6
                0x100079d8       0x1a CMakeFiles/adc_console.dir/C_/Users/valdas/AppData/Local/VisualGDB/PicoSDK/1.5.0-Package/src/common/pico_time/time.c.obj
 *fill*         0x100079f2        0x2 
 .rodata.__func__.5
                0x100079f4       0x15 CMakeFiles/adc_console.dir/C_/Users/valdas/AppData/Local/VisualGDB/PicoSDK/1.5.0-Package/src/common/pico_time/time.c.obj
 *fill*         0x10007a09        0x3 
 .rodata.__func__.4
                0x10007a0c        0xd CMakeFiles/adc_console.dir/C_/Users/valdas/AppData/Local/VisualGDB/PicoSDK/1.5.0-Package/src/common/pico_time/time.c.obj
 *fill*         0x10007a19        0x3 
 .rodata.__func__.3
                0x10007a1c       0x12 CMakeFiles/adc_console.dir/C_/Users/valdas/AppData/Local/VisualGDB/PicoSDK/1.5.0-Package/src/common/pico_time/time.c.obj
 *fill*         0x10007a2e        0x2 
 .rodata.__func__.1
                0x10007a30       0x18 CMakeFiles/adc_console.dir/C_/Users/valdas/AppData/Local/VisualGDB/PicoSDK/1.5.0-Package/src/common/pico_time/time.c.obj
 .rodata        0x10007a48      0x144 CMakeFiles/adc_console.dir/C_/Users/valdas/AppData/Local/VisualGDB/PicoSDK/1.5.0-Package/src/rp2_common/hardware_timer/timer.c.obj
 .rodata.__func__.0
                0x10007b8c       0x1a CMakeFiles/adc_console.dir/C_/Users/valdas/AppData/Local/VisualGDB/PicoSDK/1.5.0-Package/src/rp2_common/hardware_timer/timer.c.obj
 *fill*         0x10007ba6        0x2 
 .rodata        0x10007ba8      0x1cf CMakeFiles/adc_console.dir/C_/Users/valdas/AppData/Local/VisualGDB/PicoSDK/1.5.0-Package/src/common/pico_util/pheap.c.obj
 *fill*         0x10007d77        0x1 
 .rodata.__func__.3
                0x10007d78       0x12 CMakeFiles/adc_console.dir/C_/Users/valdas/AppData/Local/VisualGDB/PicoSDK/1.5.0-Package/src/common/pico_util/pheap.c.obj
 *fill*         0x10007d8a        0x2 
 .rodata.__func__.2
                0x10007d8c        0xc CMakeFiles/adc_console.dir/C_/Users/valdas/AppData/Local/VisualGDB/PicoSDK/1.5.0-Package/src/common/pico_util/pheap.c.obj
 .rodata.__func__.1
                0x10007d98       0x13 CMakeFiles/adc_console.dir/C_/Users/valdas/AppData/Local/VisualGDB/PicoSDK/1.5.0-Package/src/common/pico_util/pheap.c.obj
 *fill*         0x10007dab        0x1 
 .rodata.__func__.0
                0x10007dac       0x18 CMakeFiles/adc_console.dir/C_/Users/valdas/AppData/Local/VisualGDB/PicoSDK/1.5.0-Package/src/common/pico_util/pheap.c.obj
 .rodata        0x10007dc4      0x11f CMakeFiles/adc_console.dir/C_/Users/valdas/AppData/Local/VisualGDB/PicoSDK/1.5.0-Package/src/rp2_common/hardware_clocks/clocks.c.obj
 *fill*         0x10007ee3        0x1 
 .rodata.__func__.1
                0x10007ee4       0x10 CMakeFiles/adc_console.dir/C_/Users/valdas/AppData/Local/VisualGDB/PicoSDK/1.5.0-Package/src/rp2_common/hardware_clocks/clocks.c.obj
 .rodata        0x10007ef4      0x143 CMakeFiles/adc_console.dir/C_/Users/valdas/AppData/Local/VisualGDB/PicoSDK/1.5.0-Package/src/rp2_common/hardware_pll/pll.c.obj
 *fill*         0x10008037        0x1 
 .rodata.__func__.0
                0x10008038        0x9 CMakeFiles/adc_console.dir/C_/Users/valdas/AppData/Local/VisualGDB/PicoSDK/1.5.0-Package/src/rp2_common/hardware_pll/pll.c.obj
 *fill*         0x10008041        0x3 
 .rodata        0x10008044      0x17c CMakeFiles/adc_console.dir/C_/Users/valdas/AppData/Local/VisualGDB/PicoSDK/1.5.0-Package/src/rp2_common/pico_runtime/runtime.c.obj
 .rodata.__func__.2
                0x100081c0        0xd CMakeFiles/adc_console.dir/C_/Users/valdas/AppData/Local/VisualGDB/PicoSDK/1.5.0-Package/src/rp2_common/pico_runtime/runtime.c.obj
 *fill*         0x100081cd        0x3 
 .rodata        0x100081d0       0x18 CMakeFiles/adc_console.dir/C_/Users/valdas/AppData/Local/VisualGDB/PicoSDK/1.5.0-Package/src/rp2_common/pico_printf/printf.c.obj
 .rodata._vsnprintf
                0x100081e8      0x1e0 CMakeFiles/adc_console.dir/C_/Users/valdas/AppData/Local/VisualGDB/PicoSDK/1.5.0-Package/src/rp2_common/pico_printf/printf.c.obj
 .rodata.pow10.0
                0x100083c8       0x50 CMakeFiles/adc_console.dir/C_/Users/valdas/AppData/Local/VisualGDB/PicoSDK/1.5.0-Package/src/rp2_common/pico_printf/printf.c.obj
 .rodata        0x10008418       0xcb CMakeFiles/adc_console.dir/C_/Users/valdas/AppData/Local/VisualGDB/PicoSDK/1.5.0-Package/src/rp2_common/pico_double/double_init_rom.c.obj
 *fill*         0x100084e3        0x1 
 .rodata.__func__.0
                0x100084e4       0x14 CMakeFiles/adc_console.dir/C_/Users/valdas/AppData/Local/VisualGDB/PicoSDK/1.5.0-Package/src/rp2_common/pico_double/double_init_rom.c.obj
 .rodata        0x100084f8       0xa1 CMakeFiles/adc_console.dir/C_/Users/valdas/AppData/Local/VisualGDB/PicoSDK/1.5.0-Package/src/rp2_common/pico_float/float_init_rom.c.obj
 *fill*         0x10008599        0x3 
 .rodata.__func__.0
                0x1000859c       0x13 CMakeFiles/adc_console.dir/C_/Users/valdas/AppData/Local/VisualGDB/PicoSDK/1.5.0-Package/src/rp2_common/pico_float/float_init_rom.c.obj
 *fill*         0x100085af        0x1 
 .rodata        0x100085b0       0x3e CMakeFiles/adc_console.dir/C_/Users/valdas/AppData/Local/VisualGDB/PicoSDK/1.5.0-Package/src/rp2_common/pico_standard_link/binary_info.c.obj
 *fill*         0x100085ee        0x2 
 .rodata.__bi_44
                0x100085f0        0xc CMakeFiles/adc_console.dir/C_/Users/valdas/AppData/Local/VisualGDB/PicoSDK/1.5.0-Package/src/rp2_common/pico_standard_link/binary_info.c.obj
 .rodata.__bi_75
                0x100085fc        0xc CMakeFiles/adc_console.dir/C_/Users/valdas/AppData/Local/VisualGDB/PicoSDK/1.5.0-Package/src/rp2_common/pico_standard_link/binary_info.c.obj
 .rodata.__bi_81
                0x10008608        0xc CMakeFiles/adc_console.dir/C_/Users/valdas/AppData/Local/VisualGDB/PicoSDK/1.5.0-Package/src/rp2_common/pico_standard_link/binary_info.c.obj
 .rodata        0x10008614       0xf3 CMakeFiles/adc_console.dir/C_/Users/valdas/AppData/Local/VisualGDB/PicoSDK/1.5.0-Package/src/rp2_common/pico_stdio/stdio.c.obj
 *fill*         0x10008707        0x1 
 .rodata.__func__.3
                0x10008708       0x15 CMakeFiles/adc_console.dir/C_/Users/valdas/AppData/Local/VisualGDB/PicoSDK/1.5.0-Package/src/rp2_common/pico_stdio/stdio.c.obj
 *fill*         0x1000871d        0x3 
 .rodata.crlf_str.2
                0x10008720        0x2 CMakeFiles/adc_console.dir/C_/Users/valdas/AppData/Local/VisualGDB/PicoSDK/1.5.0-Package/src/rp2_common/pico_stdio/stdio.c.obj
 *fill*         0x10008722        0x2 
 .rodata.__bi_34.11
                0x10008724        0x8 CMakeFiles/adc_console.dir/C_/Users/valdas/AppData/Local/VisualGDB/PicoSDK/1.5.0-Package/src/rp2_common/pico_stdio_uart/stdio_uart.c.obj
 .rodata        0x1000872c       0x2b CMakeFiles/adc_console.dir/C_/Users/valdas/AppData/Local/VisualGDB/PicoSDK/1.5.0-Package/src/rp2_common/pico_stdio_uart/stdio_uart.c.obj
 *fill*         0x10008757        0x1 
 .rodata.__bi_33.9
                0x10008758        0xc CMakeFiles/adc_console.dir/C_/Users/valdas/AppData/Local/VisualGDB/PicoSDK/1.5.0-Package/src/rp2_common/pico_stdio_uart/stdio_uart.c.obj
                0x10008764                . = ALIGN (0x4)
 *(SORT_BY_ALIGNMENT(SORT_BY_NAME(.flashdata*)))
                0x10008764                . = ALIGN (0x4)

.rel.dyn        0x10008764        0x0
 .rel.iplt      0x10008764        0x0 c:/sysgcc/arm-eabi/bin/../lib/gcc/arm-none-eabi/10.3.1/thumb/v6-m/nofp/crtbegin.o

.ARM.extab
 *(.ARM.extab* .gnu.linkonce.armextab.*)
                0x10008764                __exidx_start = .

.ARM.exidx
 *(.ARM.exidx* .gnu.linkonce.armexidx.*)
                0x10008764                __exidx_end = .
                0x10008764                . = ALIGN (0x4)
                0x10008764                __binary_info_start = .

.binary_info    0x10008764       0x24
 *(.binary_info.keep.*)
 .binary_info.keep.__bi_ptr22
                0x10008764        0x4 CMakeFiles/adc_console.dir/C_/Users/valdas/AppData/Local/VisualGDB/PicoSDK/1.5.0-Package/src/rp2_common/pico_standard_link/binary_info.c.obj
 .binary_info.keep.__bi_ptr30
                0x10008768        0x4 CMakeFiles/adc_console.dir/C_/Users/valdas/AppData/Local/VisualGDB/PicoSDK/1.5.0-Package/src/rp2_common/pico_standard_link/binary_info.c.obj
 .binary_info.keep.__bi_ptr38
                0x1000876c        0x4 CMakeFiles/adc_console.dir/C_/Users/valdas/AppData/Local/VisualGDB/PicoSDK/1.5.0-Package/src/rp2_common/pico_standard_link/binary_info.c.obj
 .binary_info.keep.__bi_ptr44
                0x10008770        0x4 CMakeFiles/adc_console.dir/C_/Users/valdas/AppData/Local/VisualGDB/PicoSDK/1.5.0-Package/src/rp2_common/pico_standard_link/binary_info.c.obj
 .binary_info.keep.__bi_ptr50
                0x10008774        0x4 CMakeFiles/adc_console.dir/C_/Users/valdas/AppData/Local/VisualGDB/PicoSDK/1.5.0-Package/src/rp2_common/pico_standard_link/binary_info.c.obj
 .binary_info.keep.__bi_ptr75
                0x10008778        0x4 CMakeFiles/adc_console.dir/C_/Users/valdas/AppData/Local/VisualGDB/PicoSDK/1.5.0-Package/src/rp2_common/pico_standard_link/binary_info.c.obj
 .binary_info.keep.__bi_ptr81
                0x1000877c        0x4 CMakeFiles/adc_console.dir/C_/Users/valdas/AppData/Local/VisualGDB/PicoSDK/1.5.0-Package/src/rp2_common/pico_standard_link/binary_info.c.obj
 *(.binary_info.*)
 .binary_info.__bi_ptr33
                0x10008780        0x4 CMakeFiles/adc_console.dir/C_/Users/valdas/AppData/Local/VisualGDB/PicoSDK/1.5.0-Package/src/rp2_common/pico_stdio_uart/stdio_uart.c.obj
 .binary_info.__bi_ptr34
                0x10008784        0x4 CMakeFiles/adc_console.dir/C_/Users/valdas/AppData/Local/VisualGDB/PicoSDK/1.5.0-Package/src/rp2_common/pico_stdio_uart/stdio_uart.c.obj
                0x10008788                __binary_info_end = .
                0x10008788                . = ALIGN (0x4)
                0x10008788                __etext = .

.ram_vector_table
                0x20000000       0xc0
 *(.ram_vector_table)
 .ram_vector_table
                0x20000000       0xc0 CMakeFiles/adc_console.dir/C_/Users/valdas/AppData/Local/VisualGDB/PicoSDK/1.5.0-Package/src/rp2_common/pico_runtime/runtime.c.obj
                0x20000000                ram_vector_table

.data           0x200000c0      0x394 load address 0x10008788
                0x200000c0                __data_start__ = .
 *(vtable)
 *(.time_critical*)
 .time_critical.mutex_try_enter
                0x200000c0       0xb2 CMakeFiles/adc_console.dir/C_/Users/valdas/AppData/Local/VisualGDB/PicoSDK/1.5.0-Package/src/common/pico_sync/mutex.c.obj
                0x200000c0                mutex_try_enter
 .time_critical.mutex_try_enter_block_until
                0x20000172       0x56 CMakeFiles/adc_console.dir/C_/Users/valdas/AppData/Local/VisualGDB/PicoSDK/1.5.0-Package/src/common/pico_sync/mutex.c.obj
                0x20000172                mutex_try_enter_block_until
 .time_critical.mutex_enter_block_until
                0x200001c8       0xf8 CMakeFiles/adc_console.dir/C_/Users/valdas/AppData/Local/VisualGDB/PicoSDK/1.5.0-Package/src/common/pico_sync/mutex.c.obj
                0x200001c8                mutex_enter_block_until
 .time_critical.mutex_exit
                0x200002c0       0x9c CMakeFiles/adc_console.dir/C_/Users/valdas/AppData/Local/VisualGDB/PicoSDK/1.5.0-Package/src/common/pico_sync/mutex.c.obj
                0x200002c0                mutex_exit
 *(.text*)
 .text          0x2000035c        0x4 c:/sysgcc/arm-eabi/bin/../lib/gcc/arm-none-eabi/10.3.1/thumb/v6-m/nofp\libgcc.a(_dvmd_tls.o)
                0x2000035c                __aeabi_idiv0
                0x2000035c                __aeabi_ldiv0
 .text.__stub   0x20000360       0x20 linker stubs
                0x20000380                . = ALIGN (0x4)
 *(.rodata*)
                0x20000380                . = ALIGN (0x4)
 *(.data*)
 .data.striped_spin_lock_num
                0x20000380        0x1 CMakeFiles/adc_console.dir/C_/Users/valdas/AppData/Local/VisualGDB/PicoSDK/1.5.0-Package/src/rp2_common/hardware_sync/sync.c.obj
 *fill*         0x20000381        0x3 
 .data          0x20000384       0x48 CMakeFiles/adc_console.dir/C_/Users/valdas/AppData/Local/VisualGDB/PicoSDK/1.5.0-Package/src/rp2_common/hardware_irq/irq_handler_chain.S.obj
                0x20000384                irq_handler_chain_slots
                0x200003b4                irq_handler_chain_first_slot
                0x200003be                irq_handler_chain_remove_tail
 .data.default_alarm_pool_heap
                0x200003cc       0x10 CMakeFiles/adc_console.dir/C_/Users/valdas/AppData/Local/VisualGDB/PicoSDK/1.5.0-Package/src/common/pico_time/time.c.obj
 .data.default_alarm_pool
                0x200003dc       0x18 CMakeFiles/adc_console.dir/C_/Users/valdas/AppData/Local/VisualGDB/PicoSDK/1.5.0-Package/src/common/pico_time/time.c.obj
 *fill*         0x200003f4        0xc 
 .data.aeabi_bits_funcs
                0x20000400       0x10 CMakeFiles/adc_console.dir/C_/Users/valdas/AppData/Local/VisualGDB/PicoSDK/1.5.0-Package/src/rp2_common/pico_bit_ops/bit_ops_aeabi.S.obj
                0x20000400                aeabi_bits_funcs
                0x20000410                aeabi_bits_funcs_end
 .data.aeabi_mem_funcs
                0x20000410       0x10 CMakeFiles/adc_console.dir/C_/Users/valdas/AppData/Local/VisualGDB/PicoSDK/1.5.0-Package/src/rp2_common/pico_mem_ops/mem_ops_aeabi.S.obj
                0x20000410                aeabi_mem_funcs
                0x20000420                aeabi_mem_funcs_end
 .data.stdio_uart
                0x20000420       0x18 CMakeFiles/adc_console.dir/C_/Users/valdas/AppData/Local/VisualGDB/PicoSDK/1.5.0-Package/src/rp2_common/pico_stdio_uart/stdio_uart.c.obj
                0x20000420                stdio_uart
                0x20000438                . = ALIGN (0x4)
 *(.after_data.*)
                0x20000438                . = ALIGN (0x4)
                0x20000438                PROVIDE (__mutex_array_start = .)
 *(SORT_BY_NAME(.mutex_array.*))
 *(.mutex_array)
 .mutex_array   0x20000438        0x8 CMakeFiles/adc_console.dir/C_/Users/valdas/AppData/Local/VisualGDB/PicoSDK/1.5.0-Package/src/rp2_common/pico_stdio/stdio.c.obj
                0x20000440                PROVIDE (__mutex_array_end = .)
                0x20000440                . = ALIGN (0x4)
                0x20000440                PROVIDE (__preinit_array_start = .)
 *(SORT_BY_NAME(.preinit_array.*))
 .preinit_array.00001
                0x20000440        0x4 CMakeFiles/adc_console.dir/C_/Users/valdas/AppData/Local/VisualGDB/PicoSDK/1.5.0-Package/src/rp2_common/pico_mem_ops/mem_ops_aeabi.S.obj
 .preinit_array.00010
                0x20000444        0x4 CMakeFiles/adc_console.dir/C_/Users/valdas/AppData/Local/VisualGDB/PicoSDK/1.5.0-Package/src/rp2_common/pico_bit_ops/bit_ops_aeabi.S.obj
 .preinit_array.00020
                0x20000448        0x4 CMakeFiles/adc_console.dir/C_/Users/valdas/AppData/Local/VisualGDB/PicoSDK/1.5.0-Package/src/rp2_common/pico_double/double_aeabi.S.obj
 .preinit_array.00020
                0x2000044c        0x4 CMakeFiles/adc_console.dir/C_/Users/valdas/AppData/Local/VisualGDB/PicoSDK/1.5.0-Package/src/rp2_common/pico_float/float_aeabi.S.obj
 *(.preinit_array)
                0x20000450                PROVIDE (__preinit_array_end = .)
                0x20000450                . = ALIGN (0x4)
                0x20000450                PROVIDE (__init_array_start = .)
 *(SORT_BY_NAME(.init_array.*))
 *(.init_array)
 .init_array    0x20000450        0x4 c:/sysgcc/arm-eabi/bin/../lib/gcc/arm-none-eabi/10.3.1/thumb/v6-m/nofp/crtbegin.o
                0x20000454                PROVIDE (__init_array_end = .)
                0x20000454                . = ALIGN (0x4)
                [!provide]                PROVIDE (__fini_array_start = .)
 *(SORT_BY_NAME(.fini_array.*))
 *(.fini_array)
                [!provide]                PROVIDE (__fini_array_end = .)
 *(.jcr)
                0x20000454                . = ALIGN (0x4)
                0x20000454                __data_end__ = .

.igot.plt       0x20000454        0x0 load address 0x10008b1c
 .igot.plt      0x20000454        0x0 c:/sysgcc/arm-eabi/bin/../lib/gcc/arm-none-eabi/10.3.1/thumb/v6-m/nofp/crtbegin.o

.uninitialized_data
                0x20000454        0x0 load address 0x10008b1c
                0x20000454                . = ALIGN (0x4)
 *(.uninitialized_data*)

.scratch_x      0x20040000        0x0 load address 0x10008b1c
                0x20040000                __scratch_x_start__ = .
 *(.scratch_x.*)
                0x20040000                . = ALIGN (0x4)
                0x20040000                __scratch_x_end__ = .
                0x10008b1c                __scratch_x_source__ = LOADADDR (.scratch_x)

.scratch_y      0x20041000        0x0 load address 0x10008b1c
                0x20041000                __scratch_y_start__ = .
 *(.scratch_y.*)
                0x20041000                . = ALIGN (0x4)
                0x20041000                __scratch_y_end__ = .
                0x10008b1c                __scratch_y_source__ = LOADADDR (.scratch_y)

.bss            0x20000458      0x3d8
                0x20000458                . = ALIGN (0x4)
                0x20000458                __bss_start__ = .
 *(SORT_BY_ALIGNMENT(SORT_BY_NAME(.bss*)))
 .bss.default_alarm_pool_entries
                0x20000458      0x100 CMakeFiles/adc_console.dir/C_/Users/valdas/AppData/Local/VisualGDB/PicoSDK/1.5.0-Package/src/common/pico_time/time.c.obj
 .bss           0x20000558       0x1c c:/sysgcc/arm-eabi/bin/../lib/gcc/arm-none-eabi/10.3.1/thumb/v6-m/nofp/crtbegin.o
 .bss.alarm_callbacks
                0x20000574       0x10 CMakeFiles/adc_console.dir/C_/Users/valdas/AppData/Local/VisualGDB/PicoSDK/1.5.0-Package/src/rp2_common/hardware_timer/timer.c.obj
 .bss.chars_available_callback
                0x20000584        0x4 CMakeFiles/adc_console.dir/C_/Users/valdas/AppData/Local/VisualGDB/PicoSDK/1.5.0-Package/src/rp2_common/pico_stdio_uart/stdio_uart.c.obj
 .bss.chars_available_param
                0x20000588        0x4 CMakeFiles/adc_console.dir/C_/Users/valdas/AppData/Local/VisualGDB/PicoSDK/1.5.0-Package/src/rp2_common/pico_stdio_uart/stdio_uart.c.obj
 .bss.configured_freq
                0x2000058c       0x28 CMakeFiles/adc_console.dir/C_/Users/valdas/AppData/Local/VisualGDB/PicoSDK/1.5.0-Package/src/rp2_common/hardware_clocks/clocks.c.obj
 .bss.default_alarm_pool_entry_ids_high
                0x200005b4       0x10 CMakeFiles/adc_console.dir/C_/Users/valdas/AppData/Local/VisualGDB/PicoSDK/1.5.0-Package/src/common/pico_time/time.c.obj
 .bss.default_alarm_pool_heap_nodes
                0x200005c4       0x30 CMakeFiles/adc_console.dir/C_/Users/valdas/AppData/Local/VisualGDB/PicoSDK/1.5.0-Package/src/common/pico_time/time.c.obj
 .bss.drivers   0x200005f4        0x4 CMakeFiles/adc_console.dir/C_/Users/valdas/AppData/Local/VisualGDB/PicoSDK/1.5.0-Package/src/rp2_common/pico_stdio/stdio.c.obj
 .bss.filter    0x200005f8        0x4 CMakeFiles/adc_console.dir/C_/Users/valdas/AppData/Local/VisualGDB/PicoSDK/1.5.0-Package/src/rp2_common/pico_stdio/stdio.c.obj
 .bss.pools     0x200005fc       0x10 CMakeFiles/adc_console.dir/C_/Users/valdas/AppData/Local/VisualGDB/PicoSDK/1.5.0-Package/src/common/pico_time/time.c.obj
 .bss.sd_table  0x2000060c      0x100 CMakeFiles/adc_console.dir/C_/Users/valdas/AppData/Local/VisualGDB/PicoSDK/1.5.0-Package/src/rp2_common/pico_double/double_init_rom.c.obj
                0x2000060c                sd_table
 .bss.sf_clz_func
                0x2000070c        0x4 CMakeFiles/adc_console.dir/C_/Users/valdas/AppData/Local/VisualGDB/PicoSDK/1.5.0-Package/src/rp2_common/pico_double/double_init_rom.c.obj
                0x2000070c                sf_clz_func
 .bss.sf_table  0x20000710      0x100 CMakeFiles/adc_console.dir/C_/Users/valdas/AppData/Local/VisualGDB/PicoSDK/1.5.0-Package/src/rp2_common/pico_float/float_init_rom.c.obj
                0x20000710                sf_table
 .bss.sleep_notifier
                0x20000810        0x4 CMakeFiles/adc_console.dir/C_/Users/valdas/AppData/Local/VisualGDB/PicoSDK/1.5.0-Package/src/common/pico_time/time.c.obj
 .bss.target_hi
                0x20000814       0x10 CMakeFiles/adc_console.dir/C_/Users/valdas/AppData/Local/VisualGDB/PicoSDK/1.5.0-Package/src/rp2_common/hardware_timer/timer.c.obj
 .bss.uart_char_to_line_feed
                0x20000824        0x4 CMakeFiles/adc_console.dir/C_/Users/valdas/AppData/Local/VisualGDB/PicoSDK/1.5.0-Package/src/rp2_common/hardware_uart/uart.c.obj
                0x20000824                uart_char_to_line_feed
 .bss.uart_instance
                0x20000828        0x4 CMakeFiles/adc_console.dir/C_/Users/valdas/AppData/Local/VisualGDB/PicoSDK/1.5.0-Package/src/rp2_common/pico_stdio_uart/stdio_uart.c.obj
 .bss.claimed   0x2000082c        0x1 CMakeFiles/adc_console.dir/C_/Users/valdas/AppData/Local/VisualGDB/PicoSDK/1.5.0-Package/src/rp2_common/hardware_timer/timer.c.obj
 .bss.irq_hander_chain_free_slot_head
                0x2000082d        0x1 CMakeFiles/adc_console.dir/C_/Users/valdas/AppData/Local/VisualGDB/PicoSDK/1.5.0-Package/src/rp2_common/hardware_irq/irq.c.obj
 .bss.timer_callbacks_pending
                0x2000082e        0x1 CMakeFiles/adc_console.dir/C_/Users/valdas/AppData/Local/VisualGDB/PicoSDK/1.5.0-Package/src/rp2_common/hardware_timer/timer.c.obj
 *(COMMON)
                0x20000830                . = ALIGN (0x4)
 *fill*         0x2000082f        0x1 
                0x20000830                __bss_end__ = .

.heap           0x20000830      0x800
                0x20000830                __end__ = .
                0x20000830                end = __end__
 *(.heap*)
 .heap          0x20000830      0x800 CMakeFiles/adc_console.dir/C_/Users/valdas/AppData/Local/VisualGDB/PicoSDK/1.5.0-Package/src/rp2_common/pico_standard_link/crt0.S.obj
                0x20001030                __HeapLimit = .

.stack1_dummy   0x20040000        0x0
 *(.stack1*)

.stack_dummy    0x20041000      0x800
 *(.stack*)
 .stack         0x20041000      0x800 CMakeFiles/adc_console.dir/C_/Users/valdas/AppData/Local/VisualGDB/PicoSDK/1.5.0-Package/src/rp2_common/pico_standard_link/crt0.S.obj

.flash_end      0x10008b1c        0x0
                0x10008b1c                __flash_binary_end = .
                0x20040000                __StackLimit = (ORIGIN (RAM) + LENGTH (RAM))
                0x20041000                __StackOneTop = (ORIGIN (SCRATCH_X) + LENGTH (SCRATCH_X))
                0x20042000                __StackTop = (ORIGIN (SCRATCH_Y) + LENGTH (SCRATCH_Y))
                0x20041000                __StackOneBottom = (__StackOneTop - SIZEOF (.stack1_dummy))
                0x20041800                __StackBottom = (__StackTop - SIZEOF (.stack_dummy))
                0x20042000                PROVIDE (__stack = __StackTop)
                0x00000001                ASSERT ((__StackLimit >= __HeapLimit), region RAM overflowed)
                0x00000001                ASSERT (((__binary_info_header_end - __logical_binary_start) <= 0x100), Binary info must be in first 256 bytes of the binary)
LOAD CMakeFiles/adc_console.dir/adc_console.c.obj
LOAD CMakeFiles/adc_console.dir/C_/Users/valdas/AppData/Local/VisualGDB/PicoSDK/1.5.0-Package/src/rp2_common/pico_stdlib/stdlib.c.obj
LOAD CMakeFiles/adc_console.dir/C_/Users/valdas/AppData/Local/VisualGDB/PicoSDK/1.5.0-Package/src/rp2_common/hardware_gpio/gpio.c.obj
LOAD CMakeFiles/adc_console.dir/C_/Users/valdas/AppData/Local/VisualGDB/PicoSDK/1.5.0-Package/src/rp2_common/pico_platform/platform.c.obj
LOAD CMakeFiles/adc_console.dir/C_/Users/valdas/AppData/Local/VisualGDB/PicoSDK/1.5.0-Package/src/rp2_common/hardware_claim/claim.c.obj
LOAD CMakeFiles/adc_console.dir/C_/Users/valdas/AppData/Local/VisualGDB/PicoSDK/1.5.0-Package/src/rp2_common/hardware_sync/sync.c.obj
LOAD CMakeFiles/adc_console.dir/C_/Users/valdas/AppData/Local/VisualGDB/PicoSDK/1.5.0-Package/src/rp2_common/hardware_irq/irq.c.obj
LOAD CMakeFiles/adc_console.dir/C_/Users/valdas/AppData/Local/VisualGDB/PicoSDK/1.5.0-Package/src/rp2_common/hardware_irq/irq_handler_chain.S.obj
LOAD CMakeFiles/adc_console.dir/C_/Users/valdas/AppData/Local/VisualGDB/PicoSDK/1.5.0-Package/src/common/pico_sync/sem.c.obj
LOAD CMakeFiles/adc_console.dir/C_/Users/valdas/AppData/Local/VisualGDB/PicoSDK/1.5.0-Package/src/common/pico_sync/lock_core.c.obj
LOAD CMakeFiles/adc_console.dir/C_/Users/valdas/AppData/Local/VisualGDB/PicoSDK/1.5.0-Package/src/common/pico_sync/mutex.c.obj
LOAD CMakeFiles/adc_console.dir/C_/Users/valdas/AppData/Local/VisualGDB/PicoSDK/1.5.0-Package/src/common/pico_sync/critical_section.c.obj
LOAD CMakeFiles/adc_console.dir/C_/Users/valdas/AppData/Local/VisualGDB/PicoSDK/1.5.0-Package/src/common/pico_time/time.c.obj
LOAD CMakeFiles/adc_console.dir/C_/Users/valdas/AppData/Local/VisualGDB/PicoSDK/1.5.0-Package/src/common/pico_time/timeout_helper.c.obj
LOAD CMakeFiles/adc_console.dir/C_/Users/valdas/AppData/Local/VisualGDB/PicoSDK/1.5.0-Package/src/rp2_common/hardware_timer/timer.c.obj
LOAD CMakeFiles/adc_console.dir/C_/Users/valdas/AppData/Local/VisualGDB/PicoSDK/1.5.0-Package/src/common/pico_util/datetime.c.obj
LOAD CMakeFiles/adc_console.dir/C_/Users/valdas/AppData/Local/VisualGDB/PicoSDK/1.5.0-Package/src/common/pico_util/pheap.c.obj
LOAD CMakeFiles/adc_console.dir/C_/Users/valdas/AppData/Local/VisualGDB/PicoSDK/1.5.0-Package/src/common/pico_util/queue.c.obj
LOAD CMakeFiles/adc_console.dir/C_/Users/valdas/AppData/Local/VisualGDB/PicoSDK/1.5.0-Package/src/rp2_common/hardware_uart/uart.c.obj
LOAD CMakeFiles/adc_console.dir/C_/Users/valdas/AppData/Local/VisualGDB/PicoSDK/1.5.0-Package/src/rp2_common/hardware_clocks/clocks.c.obj
LOAD CMakeFiles/adc_console.dir/C_/Users/valdas/AppData/Local/VisualGDB/PicoSDK/1.5.0-Package/src/rp2_common/hardware_pll/pll.c.obj
LOAD CMakeFiles/adc_console.dir/C_/Users/valdas/AppData/Local/VisualGDB/PicoSDK/1.5.0-Package/src/rp2_common/hardware_vreg/vreg.c.obj
LOAD CMakeFiles/adc_console.dir/C_/Users/valdas/AppData/Local/VisualGDB/PicoSDK/1.5.0-Package/src/rp2_common/hardware_watchdog/watchdog.c.obj
LOAD CMakeFiles/adc_console.dir/C_/Users/valdas/AppData/Local/VisualGDB/PicoSDK/1.5.0-Package/src/rp2_common/hardware_xosc/xosc.c.obj
LOAD CMakeFiles/adc_console.dir/C_/Users/valdas/AppData/Local/VisualGDB/PicoSDK/1.5.0-Package/src/rp2_common/hardware_divider/divider.S.obj
LOAD CMakeFiles/adc_console.dir/C_/Users/valdas/AppData/Local/VisualGDB/PicoSDK/1.5.0-Package/src/rp2_common/pico_runtime/runtime.c.obj
LOAD CMakeFiles/adc_console.dir/C_/Users/valdas/AppData/Local/VisualGDB/PicoSDK/1.5.0-Package/src/rp2_common/pico_printf/printf.c.obj
LOAD CMakeFiles/adc_console.dir/C_/Users/valdas/AppData/Local/VisualGDB/PicoSDK/1.5.0-Package/src/rp2_common/pico_bit_ops/bit_ops_aeabi.S.obj
LOAD CMakeFiles/adc_console.dir/C_/Users/valdas/AppData/Local/VisualGDB/PicoSDK/1.5.0-Package/src/rp2_common/pico_bootrom/bootrom.c.obj
LOAD CMakeFiles/adc_console.dir/C_/Users/valdas/AppData/Local/VisualGDB/PicoSDK/1.5.0-Package/src/rp2_common/pico_divider/divider.S.obj
LOAD CMakeFiles/adc_console.dir/C_/Users/valdas/AppData/Local/VisualGDB/PicoSDK/1.5.0-Package/src/rp2_common/pico_double/double_aeabi.S.obj
LOAD CMakeFiles/adc_console.dir/C_/Users/valdas/AppData/Local/VisualGDB/PicoSDK/1.5.0-Package/src/rp2_common/pico_double/double_init_rom.c.obj
LOAD CMakeFiles/adc_console.dir/C_/Users/valdas/AppData/Local/VisualGDB/PicoSDK/1.5.0-Package/src/rp2_common/pico_double/double_math.c.obj
LOAD CMakeFiles/adc_console.dir/C_/Users/valdas/AppData/Local/VisualGDB/PicoSDK/1.5.0-Package/src/rp2_common/pico_double/double_v1_rom_shim.S.obj
LOAD CMakeFiles/adc_console.dir/C_/Users/valdas/AppData/Local/VisualGDB/PicoSDK/1.5.0-Package/src/rp2_common/pico_int64_ops/pico_int64_ops_aeabi.S.obj
LOAD CMakeFiles/adc_console.dir/C_/Users/valdas/AppData/Local/VisualGDB/PicoSDK/1.5.0-Package/src/rp2_common/pico_float/float_aeabi.S.obj
LOAD CMakeFiles/adc_console.dir/C_/Users/valdas/AppData/Local/VisualGDB/PicoSDK/1.5.0-Package/src/rp2_common/pico_float/float_init_rom.c.obj
LOAD CMakeFiles/adc_console.dir/C_/Users/valdas/AppData/Local/VisualGDB/PicoSDK/1.5.0-Package/src/rp2_common/pico_float/float_math.c.obj
LOAD CMakeFiles/adc_console.dir/C_/Users/valdas/AppData/Local/VisualGDB/PicoSDK/1.5.0-Package/src/rp2_common/pico_float/float_v1_rom_shim.S.obj
LOAD CMakeFiles/adc_console.dir/C_/Users/valdas/AppData/Local/VisualGDB/PicoSDK/1.5.0-Package/src/rp2_common/pico_malloc/pico_malloc.c.obj
LOAD CMakeFiles/adc_console.dir/C_/Users/valdas/AppData/Local/VisualGDB/PicoSDK/1.5.0-Package/src/rp2_common/pico_mem_ops/mem_ops_aeabi.S.obj
LOAD CMakeFiles/adc_console.dir/C_/Users/valdas/AppData/Local/VisualGDB/PicoSDK/1.5.0-Package/src/rp2_common/pico_standard_link/crt0.S.obj
LOAD CMakeFiles/adc_console.dir/C_/Users/valdas/AppData/Local/VisualGDB/PicoSDK/1.5.0-Package/src/rp2_common/pico_standard_link/new_delete.cpp.obj
LOAD CMakeFiles/adc_console.dir/C_/Users/valdas/AppData/Local/VisualGDB/PicoSDK/1.5.0-Package/src/rp2_common/pico_standard_link/binary_info.c.obj
LOAD CMakeFiles/adc_console.dir/C_/Users/valdas/AppData/Local/VisualGDB/PicoSDK/1.5.0-Package/src/rp2_common/pico_stdio/stdio.c.obj
LOAD CMakeFiles/adc_console.dir/C_/Users/valdas/AppData/Local/VisualGDB/PicoSDK/1.5.0-Package/src/rp2_common/pico_stdio_uart/stdio_uart.c.obj
LOAD CMakeFiles/adc_console.dir/C_/Users/valdas/AppData/Local/VisualGDB/PicoSDK/1.5.0-Package/src/rp2_common/hardware_adc/adc.c.obj
LOAD C:\Users\valdas\AppData\Local\Temp\cciuxHPr.o
LOAD c:/sysgcc/arm-eabi/bin/../lib/gcc/arm-none-eabi/10.3.1/../../../../arm-none-eabi/lib/thumb/v6-m/nofp\libstdc++.a
LOAD c:/sysgcc/arm-eabi/bin/../lib/gcc/arm-none-eabi/10.3.1/../../../../arm-none-eabi/lib/thumb/v6-m/nofp\libm.a
START GROUP
LOAD c:/sysgcc/arm-eabi/bin/../lib/gcc/arm-none-eabi/10.3.1/thumb/v6-m/nofp\libgcc.a
LOAD c:/sysgcc/arm-eabi/bin/../lib/gcc/arm-none-eabi/10.3.1/../../../../arm-none-eabi/lib/thumb/v6-m/nofp\libg.a
LOAD c:/sysgcc/arm-eabi/bin/../lib/gcc/arm-none-eabi/10.3.1/../../../../arm-none-eabi/lib/thumb/v6-m/nofp\libc.a
END GROUP
START GROUP
LOAD c:/sysgcc/arm-eabi/bin/../lib/gcc/arm-none-eabi/10.3.1/thumb/v6-m/nofp\libgcc.a
LOAD c:/sysgcc/arm-eabi/bin/../lib/gcc/arm-none-eabi/10.3.1/../../../../arm-none-eabi/lib/thumb/v6-m/nofp\libc.a
LOAD c:/sysgcc/arm-eabi/bin/../lib/gcc/arm-none-eabi/10.3.1/../../../../arm-none-eabi/lib/thumb/v6-m/nofp\libnosys.a
END GROUP
LOAD c:/sysgcc/arm-eabi/bin/../lib/gcc/arm-none-eabi/10.3.1/thumb/v6-m/nofp/crtend.o
LOAD c:/sysgcc/arm-eabi/bin/../lib/gcc/arm-none-eabi/10.3.1/thumb/v6-m/nofp/crtn.o
OUTPUT(adc_console.elf elf32-littlearm)
LOAD linker stubs

.ARM.attributes
                0x00000000       0x28
 .ARM.attributes
                0x00000000       0x1e c:/sysgcc/arm-eabi/bin/../lib/gcc/arm-none-eabi/10.3.1/thumb/v6-m/nofp/crti.o
 .ARM.attributes
                0x0000001e       0x2c c:/sysgcc/arm-eabi/bin/../lib/gcc/arm-none-eabi/10.3.1/thumb/v6-m/nofp/crtbegin.o
 .ARM.attributes
                0x0000004a       0x2c CMakeFiles/adc_console.dir/adc_console.c.obj
 .ARM.attributes
                0x00000076       0x2c CMakeFiles/adc_console.dir/C_/Users/valdas/AppData/Local/VisualGDB/PicoSDK/1.5.0-Package/src/rp2_common/hardware_gpio/gpio.c.obj
 .ARM.attributes
                0x000000a2       0x2c CMakeFiles/adc_console.dir/C_/Users/valdas/AppData/Local/VisualGDB/PicoSDK/1.5.0-Package/src/rp2_common/pico_platform/platform.c.obj
 .ARM.attributes
                0x000000ce       0x2c CMakeFiles/adc_console.dir/C_/Users/valdas/AppData/Local/VisualGDB/PicoSDK/1.5.0-Package/src/rp2_common/hardware_claim/claim.c.obj
 .ARM.attributes
                0x000000fa       0x2c CMakeFiles/adc_console.dir/C_/Users/valdas/AppData/Local/VisualGDB/PicoSDK/1.5.0-Package/src/rp2_common/hardware_sync/sync.c.obj
 .ARM.attributes
                0x00000126       0x2c CMakeFiles/adc_console.dir/C_/Users/valdas/AppData/Local/VisualGDB/PicoSDK/1.5.0-Package/src/rp2_common/hardware_irq/irq.c.obj
 .ARM.attributes
                0x00000152       0x22 CMakeFiles/adc_console.dir/C_/Users/valdas/AppData/Local/VisualGDB/PicoSDK/1.5.0-Package/src/rp2_common/hardware_irq/irq_handler_chain.S.obj
 .ARM.attributes
                0x00000174       0x2c CMakeFiles/adc_console.dir/C_/Users/valdas/AppData/Local/VisualGDB/PicoSDK/1.5.0-Package/src/common/pico_sync/lock_core.c.obj
 .ARM.attributes
                0x000001a0       0x2c CMakeFiles/adc_console.dir/C_/Users/valdas/AppData/Local/VisualGDB/PicoSDK/1.5.0-Package/src/common/pico_sync/mutex.c.obj
 .ARM.attributes
                0x000001cc       0x2c CMakeFiles/adc_console.dir/C_/Users/valdas/AppData/Local/VisualGDB/PicoSDK/1.5.0-Package/src/common/pico_time/time.c.obj
 .ARM.attributes
                0x000001f8       0x2c CMakeFiles/adc_console.dir/C_/Users/valdas/AppData/Local/VisualGDB/PicoSDK/1.5.0-Package/src/rp2_common/hardware_timer/timer.c.obj
 .ARM.attributes
                0x00000224       0x2c CMakeFiles/adc_console.dir/C_/Users/valdas/AppData/Local/VisualGDB/PicoSDK/1.5.0-Package/src/common/pico_util/pheap.c.obj
 .ARM.attributes
                0x00000250       0x2c CMakeFiles/adc_console.dir/C_/Users/valdas/AppData/Local/VisualGDB/PicoSDK/1.5.0-Package/src/rp2_common/hardware_uart/uart.c.obj
 .ARM.attributes
                0x0000027c       0x2c CMakeFiles/adc_console.dir/C_/Users/valdas/AppData/Local/VisualGDB/PicoSDK/1.5.0-Package/src/rp2_common/hardware_clocks/clocks.c.obj
 .ARM.attributes
                0x000002a8       0x2c CMakeFiles/adc_console.dir/C_/Users/valdas/AppData/Local/VisualGDB/PicoSDK/1.5.0-Package/src/rp2_common/hardware_pll/pll.c.obj
 .ARM.attributes
                0x000002d4       0x2c CMakeFiles/adc_console.dir/C_/Users/valdas/AppData/Local/VisualGDB/PicoSDK/1.5.0-Package/src/rp2_common/hardware_watchdog/watchdog.c.obj
 .ARM.attributes
                0x00000300       0x2c CMakeFiles/adc_console.dir/C_/Users/valdas/AppData/Local/VisualGDB/PicoSDK/1.5.0-Package/src/rp2_common/hardware_xosc/xosc.c.obj
 .ARM.attributes