Archive member included to satisfy reference by file (symbol)

c:/sysgcc/arm-eabi/bin/../lib/gcc/arm-none-eabi/10.3.1/thumb/v6-m/nofp\libgcc.a(_dvmd_tls.o)
                              CMakeFiles/hello_usb.dir/C_/Users/valdas/AppData/Local/VisualGDB/PicoSDK/1.5.0-Package/src/rp2_common/pico_divider/divider.S.obj (__aeabi_idiv0)
c:/sysgcc/arm-eabi/bin/../lib/gcc/arm-none-eabi/10.3.1/../../../../arm-none-eabi/lib/thumb/v6-m/nofp\libg.a(lib_a-calloc.o)
                              CMakeFiles/hello_usb.dir/C_/Users/valdas/AppData/Local/VisualGDB/PicoSDK/1.5.0-Package/src/rp2_common/pico_malloc/pico_malloc.c.obj (calloc)
c:/sysgcc/arm-eabi/bin/../lib/gcc/arm-none-eabi/10.3.1/../../../../arm-none-eabi/lib/thumb/v6-m/nofp\libg.a(lib_a-callocr.o)
                              c:/sysgcc/arm-eabi/bin/../lib/gcc/arm-none-eabi/10.3.1/../../../../arm-none-eabi/lib/thumb/v6-m/nofp\libg.a(lib_a-calloc.o) (_calloc_r)
c:/sysgcc/arm-eabi/bin/../lib/gcc/arm-none-eabi/10.3.1/../../../../arm-none-eabi/lib/thumb/v6-m/nofp\libg.a(lib_a-errno.o)
                              c:/sysgcc/arm-eabi/bin/../lib/gcc/arm-none-eabi/10.3.1/../../../../arm-none-eabi/lib/thumb/v6-m/nofp\libg.a(lib_a-callocr.o) (__errno)
c:/sysgcc/arm-eabi/bin/../lib/gcc/arm-none-eabi/10.3.1/../../../../arm-none-eabi/lib/thumb/v6-m/nofp\libg.a(lib_a-impure.o)
                              c:/sysgcc/arm-eabi/bin/../lib/gcc/arm-none-eabi/10.3.1/../../../../arm-none-eabi/lib/thumb/v6-m/nofp\libg.a(lib_a-calloc.o) (_impure_ptr)
c:/sysgcc/arm-eabi/bin/../lib/gcc/arm-none-eabi/10.3.1/../../../../arm-none-eabi/lib/thumb/v6-m/nofp\libg.a(lib_a-init.o)
                              c:/sysgcc/arm-eabi/bin/../lib/gcc/arm-none-eabi/10.3.1/../../../../arm-none-eabi/lib/thumb/v6-m/nofp/crt0.o (__libc_init_array)
c:/sysgcc/arm-eabi/bin/../lib/gcc/arm-none-eabi/10.3.1/../../../../arm-none-eabi/lib/thumb/v6-m/nofp\libg.a(lib_a-malloc.o)
                              CMakeFiles/hello_usb.dir/C_/Users/valdas/AppData/Local/VisualGDB/PicoSDK/1.5.0-Package/src/rp2_common/pico_malloc/pico_malloc.c.obj (malloc)
c:/sysgcc/arm-eabi/bin/../lib/gcc/arm-none-eabi/10.3.1/../../../../arm-none-eabi/lib/thumb/v6-m/nofp\libg.a(lib_a-mallocr.o)
                              c:/sysgcc/arm-eabi/bin/../lib/gcc/arm-none-eabi/10.3.1/../../../../arm-none-eabi/lib/thumb/v6-m/nofp\libg.a(lib_a-callocr.o) (_malloc_r)
c:/sysgcc/arm-eabi/bin/../lib/gcc/arm-none-eabi/10.3.1/../../../../arm-none-eabi/lib/thumb/v6-m/nofp\libg.a(lib_a-mlock.o)
                              c:/sysgcc/arm-eabi/bin/../lib/gcc/arm-none-eabi/10.3.1/../../../../arm-none-eabi/lib/thumb/v6-m/nofp\libg.a(lib_a-mallocr.o) (__malloc_lock)
c:/sysgcc/arm-eabi/bin/../lib/gcc/arm-none-eabi/10.3.1/../../../../arm-none-eabi/lib/thumb/v6-m/nofp\libg.a(lib_a-realloc.o)
                              CMakeFiles/hello_usb.dir/C_/Users/valdas/AppData/Local/VisualGDB/PicoSDK/1.5.0-Package/src/rp2_common/pico_malloc/pico_malloc.c.obj (realloc)
c:/sysgcc/arm-eabi/bin/../lib/gcc/arm-none-eabi/10.3.1/../../../../arm-none-eabi/lib/thumb/v6-m/nofp\libg.a(lib_a-reallocr.o)
                              c:/sysgcc/arm-eabi/bin/../lib/gcc/arm-none-eabi/10.3.1/../../../../arm-none-eabi/lib/thumb/v6-m/nofp\libg.a(lib_a-realloc.o) (_realloc_r)
c:/sysgcc/arm-eabi/bin/../lib/gcc/arm-none-eabi/10.3.1/../../../../arm-none-eabi/lib/thumb/v6-m/nofp\libg.a(lib_a-sbrkr.o)
                              c:/sysgcc/arm-eabi/bin/../lib/gcc/arm-none-eabi/10.3.1/../../../../arm-none-eabi/lib/thumb/v6-m/nofp\libg.a(lib_a-mallocr.o) (_sbrk_r)
c:/sysgcc/arm-eabi/bin/../lib/gcc/arm-none-eabi/10.3.1/../../../../arm-none-eabi/lib/thumb/v6-m/nofp\libg.a(lib_a-strlen-stub.o)
                              CMakeFiles/hello_usb.dir/C_/Users/valdas/AppData/Local/VisualGDB/PicoSDK/1.5.0-Package/src/rp2_common/pico_stdio/stdio.c.obj (strlen)
c:/sysgcc/arm-eabi/bin/../lib/gcc/arm-none-eabi/10.3.1/../../../../arm-none-eabi/lib/thumb/v6-m/nofp\libg.a(lib_a-freer.o)
                              c:/sysgcc/arm-eabi/bin/../lib/gcc/arm-none-eabi/10.3.1/../../../../arm-none-eabi/lib/thumb/v6-m/nofp\libg.a(lib_a-malloc.o) (_free_r)
c:/sysgcc/arm-eabi/bin/../lib/gcc/arm-none-eabi/10.3.1/../../../../arm-none-eabi/lib/thumb/v6-m/nofp\libg.a(lib_a-lock.o)
                              c:/sysgcc/arm-eabi/bin/../lib/gcc/arm-none-eabi/10.3.1/../../../../arm-none-eabi/lib/thumb/v6-m/nofp\libg.a(lib_a-mlock.o) (__retarget_lock_acquire_recursive)
c:/sysgcc/arm-eabi/bin/../lib/gcc/arm-none-eabi/10.3.1/../../../../arm-none-eabi/lib/thumb/v6-m/nofp\libg.a(lib_a-memmove.o)
                              c:/sysgcc/arm-eabi/bin/../lib/gcc/arm-none-eabi/10.3.1/../../../../arm-none-eabi/lib/thumb/v6-m/nofp\libg.a(lib_a-reallocr.o) (memmove)
c:/sysgcc/arm-eabi/bin/../lib/gcc/arm-none-eabi/10.3.1/../../../../arm-none-eabi/lib/thumb/v6-m/nofp\libg.a(lib_a-reent.o)
[...]
Memory Configuration

Name             Origin             Length             Attributes
FLASH            0x10000000         0x00200000         xr
RAM              0x20000000         0x00040000         xrw
SCRATCH_X        0x20040000         0x00001000         xrw
SCRATCH_Y        0x20041000         0x00001000         xrw
*default*        0x00000000         0xffffffff

Linker script and memory map

LOAD c:/sysgcc/arm-eabi/bin/../lib/gcc/arm-none-eabi/10.3.1/thumb/v6-m/nofp/crti.o
LOAD c:/sysgcc/arm-eabi/bin/../lib/gcc/arm-none-eabi/10.3.1/thumb/v6-m/nofp/crtbegin.o
LOAD c:/sysgcc/arm-eabi/bin/../lib/gcc/arm-none-eabi/10.3.1/../../../../arm-none-eabi/lib/thumb/v6-m/nofp/crt0.o

.flash_begin    0x10000000        0x0
                0x10000000                __flash_binary_start = .

.boot2          0x10000000      0x100
                0x10000000                __boot2_start__ = .
 *(.boot2)
 .boot2         0x10000000      0x100 C:\Users\valdas\AppData\Local\Temp\ccMHQMMr.o
                0x10000100                __boot2_end__ = .
                0x00000001                ASSERT (((__boot2_end__ - __boot2_start__) == 0x100), ERROR: Pico second stage bootloader must be 256 bytes in size)

.text           0x10000100     0xba58
                0x10000100                __logical_binary_start = .
 *(.vectors)
 .vectors       0x10000100       0xd4 CMakeFiles/hello_usb.dir/C_/Users/valdas/AppData/Local/VisualGDB/PicoSDK/1.5.0-Package/src/rp2_common/pico_standard_link/crt0.S.obj
                0x10000100                __VECTOR_TABLE
                0x10000100                __vectors
                0x100001c0                isr_invalid
                0x100001c0                __default_isrs_start
                0x100001c2                isr_nmi
                0x100001c4                isr_hardfault
                0x100001c6                isr_svcall
                0x100001c8                isr_pendsv
                0x100001ca                isr_systick
                0x100001cc                isr_irq23
                0x100001cc                isr_irq18
                0x100001cc                isr_irq11
                0x100001cc                isr_irq28
                0x100001cc                isr_irq19
                0x100001cc                isr_irq0
                0x100001cc                isr_irq6
                0x100001cc                isr_irq5
                0x100001cc                isr_irq12
                0x100001cc                isr_irq22
                0x100001cc                isr_irq31
                0x100001cc                isr_irq17
                0x100001cc                isr_irq27
                0x100001cc                isr_irq30
                0x100001cc                isr_irq2
                0x100001cc                isr_irq10
                0x100001cc                isr_irq8
                0x100001cc                isr_irq24
                0x100001cc                isr_irq1
                0x100001cc                isr_irq7
                0x100001cc                isr_irq21
                0x100001cc                isr_irq20
                0x100001cc                isr_irq15
                0x100001cc                isr_irq25
                0x100001cc                isr_irq13
                0x100001cc                __unhandled_user_irq
                0x100001cc                isr_irq4
                0x100001cc                isr_irq16
                0x100001cc                isr_irq29
                0x100001cc                isr_irq26
                0x100001cc                __default_isrs_end
                0x100001cc                isr_irq3
                0x100001cc                isr_irq14
                0x100001cc                isr_irq9
                0x100001d2                unhandled_user_irq_num_in_r0
 *(.binary_info_header)
 .binary_info_header
                0x100001d4       0x14 CMakeFiles/hello_usb.dir/C_/Users/valdas/AppData/Local/VisualGDB/PicoSDK/1.5.0-Package/src/rp2_common/pico_standard_link/crt0.S.obj
                0x100001e8                __binary_info_header_end = .
 *(.reset)
 .reset         0x100001e8       0xa0 CMakeFiles/hello_usb.dir/C_/Users/valdas/AppData/Local/VisualGDB/PicoSDK/1.5.0-Package/src/rp2_common/pico_standard_link/crt0.S.obj
                0x100001e8                _entry_point
 .reset         0x10000288       0x30 CMakeFiles/hello_usb.dir/C_/Users/valdas/AppData/Local/VisualGDB/PicoSDK/1.5.0-Package/src/rp2_common/pico_standard_link/binary_info.c.obj
 *(.init)
 .init          0x100002b8        0x4 c:/sysgcc/arm-eabi/bin/../lib/gcc/arm-none-eabi/10.3.1/thumb/v6-m/nofp/crti.o
                0x100002b8                _init
 *(EXCLUDE_FILE(*libm.a: *libc.a:*lib_a-mem*.o *libgcc.a:) .text*)
 .text          0x100002bc       0x48 c:/sysgcc/arm-eabi/bin/../lib/gcc/arm-none-eabi/10.3.1/thumb/v6-m/nofp/crtbegin.o
 .text.gpio_disable_pulls
                0x10000304       0x1c CMakeFiles/hello_usb.dir/hello_usb.c.obj
 .text.gpio_set_dir_out_masked
                0x10000320       0x18 CMakeFiles/hello_usb.dir/hello_usb.c.obj
 .text.gpio_set_dir_in_masked
                0x10000338       0x18 CMakeFiles/hello_usb.dir/hello_usb.c.obj
 .text.gpio_set_dir
                0x10000350       0x3a CMakeFiles/hello_usb.dir/hello_usb.c.obj
 .text.adc_gpio_init
                0x1000038a       0x2c CMakeFiles/hello_usb.dir/hello_usb.c.obj
 *fill*         0x100003b6        0x2 
 .text.adc_select_input
                0x100003b8       0x48 CMakeFiles/hello_usb.dir/hello_usb.c.obj
 .text.main     0x10000400       0x44 CMakeFiles/hello_usb.dir/hello_usb.c.obj
                0x10000400                main
 .text.reset_block
                0x10000444       0x2c CMakeFiles/hello_usb.dir/C_/Users/valdas/AppData/Local/VisualGDB/PicoSDK/1.5.0-Package/src/rp2_common/hardware_adc/adc.c.obj
 .text.unreset_block_wait
                0x10000470       0x3c CMakeFiles/hello_usb.dir/C_/Users/valdas/AppData/Local/VisualGDB/PicoSDK/1.5.0-Package/src/rp2_common/hardware_adc/adc.c.obj
 .text.adc_init
                0x100004ac       0x34 CMakeFiles/hello_usb.dir/C_/Users/valdas/AppData/Local/VisualGDB/PicoSDK/1.5.0-Package/src/rp2_common/hardware_adc/adc.c.obj
                0x100004ac                adc_init
 .text.check_gpio_param
                0x100004e0       0x10 CMakeFiles/hello_usb.dir/C_/Users/valdas/AppData/Local/VisualGDB/PicoSDK/1.5.0-Package/src/rp2_common/hardware_gpio/gpio.c.obj
 .text.gpio_set_function
                0x100004f0       0x6c CMakeFiles/hello_usb.dir/C_/Users/valdas/AppData/Local/VisualGDB/PicoSDK/1.5.0-Package/src/rp2_common/hardware_gpio/gpio.c.obj
                0x100004f0                gpio_set_function
 .text.gpio_set_pulls
                0x1000055c       0x7c CMakeFiles/hello_usb.dir/C_/Users/valdas/AppData/Local/VisualGDB/PicoSDK/1.5.0-Package/src/rp2_common/hardware_gpio/gpio.c.obj
                0x1000055c                gpio_set_pulls
 .text.gpio_set_input_enabled
                0x100005d8       0x60 CMakeFiles/hello_usb.dir/C_/Users/valdas/AppData/Local/VisualGDB/PicoSDK/1.5.0-Package/src/rp2_common/hardware_gpio/gpio.c.obj
                0x100005d8                gpio_set_input_enabled
 .text.gpio_init
                0x10000638       0x36 CMakeFiles/hello_usb.dir/C_/Users/valdas/AppData/Local/VisualGDB/PicoSDK/1.5.0-Package/src/rp2_common/hardware_gpio/gpio.c.obj
                0x10000638                gpio_init
 *fill*         0x1000066e        0x2 
 .text.running_on_fpga
                0x10000670       0x1c CMakeFiles/hello_usb.dir/C_/Users/valdas/AppData/Local/VisualGDB/PicoSDK/1.5.0-Package/src/rp2_common/pico_platform/platform.c.obj
                0x10000670                running_on_fpga
 .text.hw_claim_lock
                0x1000068c       0x50 CMakeFiles/hello_usb.dir/C_/Users/valdas/AppData/Local/VisualGDB/PicoSDK/1.5.0-Package/src/rp2_common/hardware_claim/claim.c.obj
                0x1000068c                hw_claim_lock
 .text.hw_claim_unlock
                0x100006dc       0x4c CMakeFiles/hello_usb.dir/C_/Users/valdas/AppData/Local/VisualGDB/PicoSDK/1.5.0-Package/src/rp2_common/hardware_claim/claim.c.obj
                0x100006dc                hw_claim_unlock
 .text.hw_is_claimed
                0x10000728       0x32 CMakeFiles/hello_usb.dir/C_/Users/valdas/AppData/Local/VisualGDB/PicoSDK/1.5.0-Package/src/rp2_common/hardware_claim/claim.c.obj
                0x10000728                hw_is_claimed
 .text.hw_claim_or_assert
                0x1000075a       0x66 CMakeFiles/hello_usb.dir/C_/Users/valdas/AppData/Local/VisualGDB/PicoSDK/1.5.0-Package/src/rp2_common/hardware_claim/claim.c.obj
                0x1000075a                hw_claim_or_assert
 .text.hw_claim_unused_from_range
                0x100007c0       0xa6 CMakeFiles/hello_usb.dir/C_/Users/valdas/AppData/Local/VisualGDB/PicoSDK/1.5.0-Package/src/rp2_common/hardware_claim/claim.c.obj
                0x100007c0                hw_claim_unused_from_range
 *fill*         0x10000866        0x2 
 .text.spin_locks_reset
                0x10000868       0x48 CMakeFiles/hello_usb.dir/C_/Users/valdas/AppData/Local/VisualGDB/PicoSDK/1.5.0-Package/src/rp2_common/hardware_sync/sync.c.obj
                0x10000868                spin_locks_reset
 .text.next_striped_spin_lock_num
                0x100008b0       0x30 CMakeFiles/hello_usb.dir/C_/Users/valdas/AppData/Local/VisualGDB/PicoSDK/1.5.0-Package/src/rp2_common/hardware_sync/sync.c.obj
                0x100008b0                next_striped_spin_lock_num
 .text.spin_lock_claim_unused
                0x100008e0       0x30 CMakeFiles/hello_usb.dir/C_/Users/valdas/AppData/Local/VisualGDB/PicoSDK/1.5.0-Package/src/rp2_common/hardware_sync/sync.c.obj
                0x100008e0                spin_lock_claim_unused
 .text.__get_current_exception
                0x10000910       0x16 CMakeFiles/hello_usb.dir/C_/Users/valdas/AppData/Local/VisualGDB/PicoSDK/1.5.0-Package/src/rp2_common/hardware_irq/irq.c.obj
 .text.check_irq_param
                0x10000926       0x10 CMakeFiles/hello_usb.dir/C_/Users/valdas/AppData/Local/VisualGDB/PicoSDK/1.5.0-Package/src/rp2_common/hardware_irq/irq.c.obj
 *fill*         0x10000936        0x2 
 .text.user_irq_claimed_ptr
                0x10000938       0x10 CMakeFiles/hello_usb.dir/C_/Users/valdas/AppData/Local/VisualGDB/PicoSDK/1.5.0-Package/src/rp2_common/hardware_irq/irq.c.obj
 .text.get_vtable
                0x10000948       0x14 CMakeFiles/hello_usb.dir/C_/Users/valdas/AppData/Local/VisualGDB/PicoSDK/1.5.0-Package/src/rp2_common/hardware_irq/irq.c.obj
 .text.add_thumb_bit
                0x1000095c       0x16 CMakeFiles/hello_usb.dir/C_/Users/valdas/AppData/Local/VisualGDB/PicoSDK/1.5.0-Package/src/rp2_common/hardware_irq/irq.c.obj
 .text.remove_thumb_bit
                0x10000972       0x16 CMakeFiles/hello_usb.dir/C_/Users/valdas/AppData/Local/VisualGDB/PicoSDK/1.5.0-Package/src/rp2_common/hardware_irq/irq.c.obj
 .text.set_raw_irq_handler_and_unlock
                0x10000988       0x68 CMakeFiles/hello_usb.dir/C_/Users/valdas/AppData/Local/VisualGDB/PicoSDK/1.5.0-Package/src/rp2_common/hardware_irq/irq.c.obj
 .text.irq_set_enabled
                0x100009f0       0x30 CMakeFiles/hello_usb.dir/C_/Users/valdas/AppData/Local/VisualGDB/PicoSDK/1.5.0-Package/src/rp2_common/hardware_irq/irq.c.obj
                0x100009f0                irq_set_enabled
 .text.irq_is_enabled
                0x10000a20       0x30 CMakeFiles/hello_usb.dir/C_/Users/valdas/AppData/Local/VisualGDB/PicoSDK/1.5.0-Package/src/rp2_common/hardware_irq/irq.c.obj
                0x10000a20                irq_is_enabled
 .text.irq_set_mask_enabled
                0x10000a50       0x40 CMakeFiles/hello_usb.dir/C_/Users/valdas/AppData/Local/VisualGDB/PicoSDK/1.5.0-Package/src/rp2_common/hardware_irq/irq.c.obj
                0x10000a50                irq_set_mask_enabled
 .text.irq_set_pending
                0x10000a90       0x28 CMakeFiles/hello_usb.dir/C_/Users/valdas/AppData/Local/VisualGDB/PicoSDK/1.5.0-Package/src/rp2_common/hardware_irq/irq.c.obj
                0x10000a90                irq_set_pending
 .text.is_shared_irq_raw_handler
                0x10000ab8       0x24 CMakeFiles/hello_usb.dir/C_/Users/valdas/AppData/Local/VisualGDB/PicoSDK/1.5.0-Package/src/rp2_common/hardware_irq/irq.c.obj
 .text.irq_has_shared_handler
                0x10000adc       0x44 CMakeFiles/hello_usb.dir/C_/Users/valdas/AppData/Local/VisualGDB/PicoSDK/1.5.0-Package/src/rp2_common/hardware_irq/irq.c.obj
                0x10000adc                irq_has_shared_handler
 .text.irq_get_vtable_handler
                0x10000b20       0x28 CMakeFiles/hello_usb.dir/C_/Users/valdas/AppData/Local/VisualGDB/PicoSDK/1.5.0-Package/src/rp2_common/hardware_irq/irq.c.obj
                0x10000b20                irq_get_vtable_handler
 .text.irq_set_exclusive_handler
                0x10000b48       0xa4 CMakeFiles/hello_usb.dir/C_/Users/valdas/AppData/Local/VisualGDB/PicoSDK/1.5.0-Package/src/rp2_common/hardware_irq/irq.c.obj
                0x10000b48                irq_set_exclusive_handler
 .text.make_branch
                0x10000bec       0x74 CMakeFiles/hello_usb.dir/C_/Users/valdas/AppData/Local/VisualGDB/PicoSDK/1.5.0-Package/src/rp2_common/hardware_irq/irq.c.obj
 .text.insert_branch_and_link
                0x10000c60       0x74 CMakeFiles/hello_usb.dir/C_/Users/valdas/AppData/Local/VisualGDB/PicoSDK/1.5.0-Package/src/rp2_common/hardware_irq/irq.c.obj
 .text.resolve_branch
                0x10000cd4       0x5c CMakeFiles/hello_usb.dir/C_/Users/valdas/AppData/Local/VisualGDB/PicoSDK/1.5.0-Package/src/rp2_common/hardware_irq/irq.c.obj
 .text.slot_diff
                0x10000d30       0x30 CMakeFiles/hello_usb.dir/C_/Users/valdas/AppData/Local/VisualGDB/PicoSDK/1.5.0-Package/src/rp2_common/hardware_irq/irq.c.obj
 .text.get_slot_index
                0x10000d60       0x24 CMakeFiles/hello_usb.dir/C_/Users/valdas/AppData/Local/VisualGDB/PicoSDK/1.5.0-Package/src/rp2_common/hardware_irq/irq.c.obj
 .text.irq_add_shared_handler
                0x10000d84      0x2d8 CMakeFiles/hello_usb.dir/C_/Users/valdas/AppData/Local/VisualGDB/PicoSDK/1.5.0-Package/src/rp2_common/hardware_irq/irq.c.obj
                0x10000d84                irq_add_shared_handler
 .text.irq_remove_handler
                0x1000105c      0x24c CMakeFiles/hello_usb.dir/C_/Users/valdas/AppData/Local/VisualGDB/PicoSDK/1.5.0-Package/src/rp2_common/hardware_irq/irq.c.obj
                0x1000105c                irq_remove_handler
 .text.irq_add_tail_to_free_list
                0x100012a8      0x1b4 CMakeFiles/hello_usb.dir/C_/Users/valdas/AppData/Local/VisualGDB/PicoSDK/1.5.0-Package/src/rp2_common/hardware_irq/irq.c.obj
                0x100012a8                irq_add_tail_to_free_list
 .text.irq_init_priorities
                0x1000145c       0x3c CMakeFiles/hello_usb.dir/C_/Users/valdas/AppData/Local/VisualGDB/PicoSDK/1.5.0-Package/src/rp2_common/hardware_irq/irq.c.obj
                0x1000145c                irq_init_priorities
 .text.user_irq_claim_unused
                0x10001498       0x40 CMakeFiles/hello_usb.dir/C_/Users/valdas/AppData/Local/VisualGDB/PicoSDK/1.5.0-Package/src/rp2_common/hardware_irq/irq.c.obj
                0x10001498                user_irq_claim_unused
 .text.lock_init
                0x100014d8       0x2c CMakeFiles/hello_usb.dir/C_/Users/valdas/AppData/Local/VisualGDB/PicoSDK/1.5.0-Package/src/common/pico_sync/lock_core.c.obj
                0x100014d8                lock_init
 .text.to_us_since_boot
                0x10001504       0x18 CMakeFiles/hello_usb.dir/C_/Users/valdas/AppData/Local/VisualGDB/PicoSDK/1.5.0-Package/src/common/pico_sync/mutex.c.obj
 .text.update_us_since_boot
                0x1000151c       0x40 CMakeFiles/hello_usb.dir/C_/Users/valdas/AppData/Local/VisualGDB/PicoSDK/1.5.0-Package/src/common/pico_sync/mutex.c.obj
 .text.get_absolute_time
                0x1000155c       0x2c CMakeFiles/hello_usb.dir/C_/Users/valdas/AppData/Local/VisualGDB/PicoSDK/1.5.0-Package/src/common/pico_sync/mutex.c.obj
 .text.delayed_by_ms
                0x10001588       0x80 CMakeFiles/hello_usb.dir/C_/Users/valdas/AppData/Local/VisualGDB/PicoSDK/1.5.0-Package/src/common/pico_sync/mutex.c.obj
 .text.make_timeout_time_ms
                0x10001608       0x2a CMakeFiles/hello_usb.dir/C_/Users/valdas/AppData/Local/VisualGDB/PicoSDK/1.5.0-Package/src/common/pico_sync/mutex.c.obj
 .text.mutex_init
                0x10001632       0x2e CMakeFiles/hello_usb.dir/C_/Users/valdas/AppData/Local/VisualGDB/PicoSDK/1.5.0-Package/src/common/pico_sync/mutex.c.obj
                0x10001632                mutex_init
 .text.recursive_mutex_init
                0x10001660       0x34 CMakeFiles/hello_usb.dir/C_/Users/valdas/AppData/Local/VisualGDB/PicoSDK/1.5.0-Package/src/common/pico_sync/mutex.c.obj
                0x10001660                recursive_mutex_init
 .text.critical_section_init
                0x10001694       0x24 CMakeFiles/hello_usb.dir/C_/Users/valdas/AppData/Local/VisualGDB/PicoSDK/1.5.0-Package/src/common/pico_sync/critical_section.c.obj
                0x10001694                critical_section_init
 .text.critical_section_init_with_lock_num
                0x100016b8       0x34 CMakeFiles/hello_usb.dir/C_/Users/valdas/AppData/Local/VisualGDB/PicoSDK/1.5.0-Package/src/common/pico_sync/critical_section.c.obj
                0x100016b8                critical_section_init_with_lock_num
 .text.to_us_since_boot
                0x100016ec       0x18 CMakeFiles/hello_usb.dir/C_/Users/valdas/AppData/Local/VisualGDB/PicoSDK/1.5.0-Package/src/common/pico_time/time.c.obj
 .text.update_us_since_boot
                0x10001704       0x40 CMakeFiles/hello_usb.dir/C_/Users/valdas/AppData/Local/VisualGDB/PicoSDK/1.5.0-Package/src/common/pico_time/time.c.obj
 .text.__get_current_exception
                0x10001744       0x16 CMakeFiles/hello_usb.dir/C_/Users/valdas/AppData/Local/VisualGDB/PicoSDK/1.5.0-Package/src/common/pico_time/time.c.obj
 *fill*         0x1000175a        0x2 
 .text.time_reached
                0x1000175c       0x64 CMakeFiles/hello_usb.dir/C_/Users/valdas/AppData/Local/VisualGDB/PicoSDK/1.5.0-Package/src/common/pico_time/time.c.obj
 .text.get_absolute_time
                0x100017c0       0x2c CMakeFiles/hello_usb.dir/C_/Users/valdas/AppData/Local/VisualGDB/PicoSDK/1.5.0-Package/src/common/pico_time/time.c.obj
 .text.delayed_by_us
                0x100017ec       0x68 CMakeFiles/hello_usb.dir/C_/Users/valdas/AppData/Local/VisualGDB/PicoSDK/1.5.0-Package/src/common/pico_time/time.c.obj
 .text.make_timeout_time_us
                0x10001854       0x36 CMakeFiles/hello_usb.dir/C_/Users/valdas/AppData/Local/VisualGDB/PicoSDK/1.5.0-Package/src/common/pico_time/time.c.obj
 .text.absolute_time_diff_us
                0x1000188a       0x40 CMakeFiles/hello_usb.dir/C_/Users/valdas/AppData/Local/VisualGDB/PicoSDK/1.5.0-Package/src/common/pico_time/time.c.obj
 .text.add_alarm_at
                0x100018ca       0x34 CMakeFiles/hello_usb.dir/C_/Users/valdas/AppData/Local/VisualGDB/PicoSDK/1.5.0-Package/src/common/pico_time/time.c.obj
 .text.cancel_alarm
                0x100018fe       0x22 CMakeFiles/hello_usb.dir/C_/Users/valdas/AppData/Local/VisualGDB/PicoSDK/1.5.0-Package/src/common/pico_time/time.c.obj
 .text.ph_get_node
                0x10001920       0x54 CMakeFiles/hello_usb.dir/C_/Users/valdas/AppData/Local/VisualGDB/PicoSDK/1.5.0-Package/src/common/pico_time/time.c.obj
 .text.ph_add_child_node
                0x10001974       0xc4 CMakeFiles/hello_usb.dir/C_/Users/valdas/AppData/Local/VisualGDB/PicoSDK/1.5.0-Package/src/common/pico_time/time.c.obj
 .text.ph_merge_nodes
                0x10001a38       0x7e CMakeFiles/hello_usb.dir/C_/Users/valdas/AppData/Local/VisualGDB/PicoSDK/1.5.0-Package/src/common/pico_time/time.c.obj
 .text.ph_new_node
                0x10001ab6       0x6a CMakeFiles/hello_usb.dir/C_/Users/valdas/AppData/Local/VisualGDB/PicoSDK/1.5.0-Package/src/common/pico_time/time.c.obj
 .text.ph_insert_node
                0x10001b20       0x7c CMakeFiles/hello_usb.dir/C_/Users/valdas/AppData/Local/VisualGDB/PicoSDK/1.5.0-Package/src/common/pico_time/time.c.obj
 .text.ph_peek_head
                0x10001b9c       0x14 CMakeFiles/hello_usb.dir/C_/Users/valdas/AppData/Local/VisualGDB/PicoSDK/1.5.0-Package/src/common/pico_time/time.c.obj
 .text.ph_contains_node
                0x10001bb0       0x46 CMakeFiles/hello_usb.dir/C_/Users/valdas/AppData/Local/VisualGDB/PicoSDK/1.5.0-Package/src/common/pico_time/time.c.obj
 *fill*         0x10001bf6        0x2 
 .text.ph_free_node
                0x10001bf8       0x98 CMakeFiles/hello_usb.dir/C_/Users/valdas/AppData/Local/VisualGDB/PicoSDK/1.5.0-Package/src/common/pico_time/time.c.obj
 .text.default_alarm_pool_initialized
                0x10001c90       0x18 CMakeFiles/hello_usb.dir/C_/Users/valdas/AppData/Local/VisualGDB/PicoSDK/1.5.0-Package/src/common/pico_time/time.c.obj
 .text.get_entry
                0x10001ca8       0x5c CMakeFiles/hello_usb.dir/C_/Users/valdas/AppData/Local/VisualGDB/PicoSDK/1.5.0-Package/src/common/pico_time/time.c.obj
 .text.get_entry_id_high
                0x10001d04       0x50 CMakeFiles/hello_usb.dir/C_/Users/valdas/AppData/Local/VisualGDB/PicoSDK/1.5.0-Package/src/common/pico_time/time.c.obj
 .text.timer_pool_entry_comparator
                0x10001d54       0x76 CMakeFiles/hello_usb.dir/C_/Users/valdas/AppData/Local/VisualGDB/PicoSDK/1.5.0-Package/src/common/pico_time/time.c.obj
                0x10001d54                timer_pool_entry_comparator
 .text.make_public_id
                0x10001dca       0x26 CMakeFiles/hello_usb.dir/C_/Users/valdas/AppData/Local/VisualGDB/PicoSDK/1.5.0-Package/src/common/pico_time/time.c.obj
 .text.alarm_pool_init_default
                0x10001df0       0x50 CMakeFiles/hello_usb.dir/C_/Users/valdas/AppData/Local/VisualGDB/PicoSDK/1.5.0-Package/src/common/pico_time/time.c.obj
                0x10001df0                alarm_pool_init_default
 .text.alarm_pool_get_default
                0x10001e40       0x30 CMakeFiles/hello_usb.dir/C_/Users/valdas/AppData/Local/VisualGDB/PicoSDK/1.5.0-Package/src/common/pico_time/time.c.obj
                0x10001e40                alarm_pool_get_default
 .text.add_alarm_under_lock
                0x10001e70      0x128 CMakeFiles/hello_usb.dir/C_/Users/valdas/AppData/Local/VisualGDB/PicoSDK/1.5.0-Package/src/common/pico_time/time.c.obj
 .text.alarm_pool_alarm_callback
                0x10001f98      0x414 CMakeFiles/hello_usb.dir/C_/Users/valdas/AppData/Local/VisualGDB/PicoSDK/1.5.0-Package/src/common/pico_time/time.c.obj
 .text.alarm_pool_post_alloc_init
                0x100023ac       0x68 CMakeFiles/hello_usb.dir/C_/Users/valdas/AppData/Local/VisualGDB/PicoSDK/1.5.0-Package/src/common/pico_time/time.c.obj
 .text.alarm_pool_add_alarm_at
                0x10002414      0x192 CMakeFiles/hello_usb.dir/C_/Users/valdas/AppData/Local/VisualGDB/PicoSDK/1.5.0-Package/src/common/pico_time/time.c.obj
                0x10002414                alarm_pool_add_alarm_at
 *fill*         0x100025a6        0x2 
 .text.alarm_pool_cancel_alarm
                0x100025a8      0x128 CMakeFiles/hello_usb.dir/C_/Users/valdas/AppData/Local/VisualGDB/PicoSDK/1.5.0-Package/src/common/pico_time/time.c.obj
                0x100025a8                alarm_pool_cancel_alarm
 .text.alarm_pool_core_num
                0x100026d0       0x14 CMakeFiles/hello_usb.dir/C_/Users/valdas/AppData/Local/VisualGDB/PicoSDK/1.5.0-Package/src/common/pico_time/time.c.obj
                0x100026d0                alarm_pool_core_num
 .text.sleep_until_callback
                0x100026e4       0x80 CMakeFiles/hello_usb.dir/C_/Users/valdas/AppData/Local/VisualGDB/PicoSDK/1.5.0-Package/src/common/pico_time/time.c.obj
 .text.sleep_until
                0x10002764      0x148 CMakeFiles/hello_usb.dir/C_/Users/valdas/AppData/Local/VisualGDB/PicoSDK/1.5.0-Package/src/common/pico_time/time.c.obj
                0x10002764                sleep_until
 .text.sleep_us
                0x100028ac       0x2c CMakeFiles/hello_usb.dir/C_/Users/valdas/AppData/Local/VisualGDB/PicoSDK/1.5.0-Package/src/common/pico_time/time.c.obj
                0x100028ac                sleep_us
 .text.sleep_ms
                0x100028d8       0x32 CMakeFiles/hello_usb.dir/C_/Users/valdas/AppData/Local/VisualGDB/PicoSDK/1.5.0-Package/src/common/pico_time/time.c.obj
                0x100028d8                sleep_ms
 *fill*         0x1000290a        0x2 
 .text.best_effort_wfe_or_timeout
                0x1000290c       0x78 CMakeFiles/hello_usb.dir/C_/Users/valdas/AppData/Local/VisualGDB/PicoSDK/1.5.0-Package/src/common/pico_time/time.c.obj
                0x1000290c                best_effort_wfe_or_timeout
 .text.to_us_since_boot
                0x10002984       0x18 CMakeFiles/hello_usb.dir/C_/Users/valdas/AppData/Local/VisualGDB/PicoSDK/1.5.0-Package/src/rp2_common/hardware_timer/timer.c.obj
 .text.__get_current_exception
                0x1000299c       0x16 CMakeFiles/hello_usb.dir/C_/Users/valdas/AppData/Local/VisualGDB/PicoSDK/1.5.0-Package/src/rp2_common/hardware_timer/timer.c.obj
 .text.check_hardware_alarm_num_param
                0x100029b2       0x10 CMakeFiles/hello_usb.dir/C_/Users/valdas/AppData/Local/VisualGDB/PicoSDK/1.5.0-Package/src/rp2_common/hardware_timer/timer.c.obj
 *fill*         0x100029c2        0x2 
 .text.irq_clear
                0x100029c4       0x24 CMakeFiles/hello_usb.dir/C_/Users/valdas/AppData/Local/VisualGDB/PicoSDK/1.5.0-Package/src/rp2_common/hardware_timer/timer.c.obj
 .text.hardware_alarm_claim
                0x100029e8       0x2c CMakeFiles/hello_usb.dir/C_/Users/valdas/AppData/Local/VisualGDB/PicoSDK/1.5.0-Package/src/rp2_common/hardware_timer/timer.c.obj
                0x100029e8                hardware_alarm_claim
 .text.time_us_64
                0x10002a14       0x60 CMakeFiles/hello_usb.dir/C_/Users/valdas/AppData/Local/VisualGDB/PicoSDK/1.5.0-Package/src/rp2_common/hardware_timer/timer.c.obj
                0x10002a14                time_us_64
 .text.busy_wait_until
                0x10002a74       0x6c CMakeFiles/hello_usb.dir/C_/Users/valdas/AppData/Local/VisualGDB/PicoSDK/1.5.0-Package/src/rp2_common/hardware_timer/timer.c.obj
                0x10002a74                busy_wait_until
 .text.harware_alarm_irq_number
                0x10002ae0       0x12 CMakeFiles/hello_usb.dir/C_/Users/valdas/AppData/Local/VisualGDB/PicoSDK/1.5.0-Package/src/rp2_common/hardware_timer/timer.c.obj
 *fill*         0x10002af2        0x2 
 .text.hardware_alarm_irq_handler
                0x10002af4      0x13c CMakeFiles/hello_usb.dir/C_/Users/valdas/AppData/Local/VisualGDB/PicoSDK/1.5.0-Package/src/rp2_common/hardware_timer/timer.c.obj
 .text.hardware_alarm_set_callback
                0x10002c30      0x134 CMakeFiles/hello_usb.dir/C_/Users/valdas/AppData/Local/VisualGDB/PicoSDK/1.5.0-Package/src/rp2_common/hardware_timer/timer.c.obj
                0x10002c30                hardware_alarm_set_callback
 .text.hardware_alarm_set_target
                0x10002d64      0x1c4 CMakeFiles/hello_usb.dir/C_/Users/valdas/AppData/Local/VisualGDB/PicoSDK/1.5.0-Package/src/rp2_common/hardware_timer/timer.c.obj
                0x10002d64                hardware_alarm_set_target
 .text.hardware_alarm_cancel
                0x10002f28       0xb8 CMakeFiles/hello_usb.dir/C_/Users/valdas/AppData/Local/VisualGDB/PicoSDK/1.5.0-Package/src/rp2_common/hardware_timer/timer.c.obj
                0x10002f28                hardware_alarm_cancel
 .text.ph_get_node
                0x10002fe0       0x54 CMakeFiles/hello_usb.dir/C_/Users/valdas/AppData/Local/VisualGDB/PicoSDK/1.5.0-Package/src/common/pico_util/pheap.c.obj
 .text.ph_add_child_node
                0x10003034       0xc4 CMakeFiles/hello_usb.dir/C_/Users/valdas/AppData/Local/VisualGDB/PicoSDK/1.5.0-Package/src/common/pico_util/pheap.c.obj
 .text.ph_merge_nodes
                0x100030f8       0x7e CMakeFiles/hello_usb.dir/C_/Users/valdas/AppData/Local/VisualGDB/PicoSDK/1.5.0-Package/src/common/pico_util/pheap.c.obj
 .text.ph_peek_head
                0x10003176       0x14 CMakeFiles/hello_usb.dir/C_/Users/valdas/AppData/Local/VisualGDB/PicoSDK/1.5.0-Package/src/common/pico_util/pheap.c.obj
 .text.ph_remove_and_free_head
                0x1000318a       0x1c CMakeFiles/hello_usb.dir/C_/Users/valdas/AppData/Local/VisualGDB/PicoSDK/1.5.0-Package/src/common/pico_util/pheap.c.obj
 .text.ph_post_alloc_init
                0x100031a6       0x32 CMakeFiles/hello_usb.dir/C_/Users/valdas/AppData/Local/VisualGDB/PicoSDK/1.5.0-Package/src/common/pico_util/pheap.c.obj
                0x100031a6                ph_post_alloc_init
 .text.ph_clear
                0x100031d8       0x78 CMakeFiles/hello_usb.dir/C_/Users/valdas/AppData/Local/VisualGDB/PicoSDK/1.5.0-Package/src/common/pico_util/pheap.c.obj
                0x100031d8                ph_clear
 .text.ph_merge_two_pass
                0x10003250       0xd0 CMakeFiles/hello_usb.dir/C_/Users/valdas/AppData/Local/VisualGDB/PicoSDK/1.5.0-Package/src/common/pico_util/pheap.c.obj
                0x10003250                ph_merge_two_pass
 .text.ph_remove_any_head
                0x10003320      0x140 CMakeFiles/hello_usb.dir/C_/Users/valdas/AppData/Local/VisualGDB/PicoSDK/1.5.0-Package/src/common/pico_util/pheap.c.obj
 .text.ph_remove_head
                0x10003460       0x44 CMakeFiles/hello_usb.dir/C_/Users/valdas/AppData/Local/VisualGDB/PicoSDK/1.5.0-Package/src/common/pico_util/pheap.c.obj
                0x10003460                ph_remove_head
 .text.ph_remove_and_free_node
                0x100034a4      0x154 CMakeFiles/hello_usb.dir/C_/Users/valdas/AppData/Local/VisualGDB/PicoSDK/1.5.0-Package/src/common/pico_util/pheap.c.obj
                0x100034a4                ph_remove_and_free_node
 .text.has_glitchless_mux
                0x100035f8       0x32 CMakeFiles/hello_usb.dir/C_/Users/valdas/AppData/Local/VisualGDB/PicoSDK/1.5.0-Package/src/rp2_common/hardware_clocks/clocks.c.obj
 *fill*         0x1000362a        0x2 
 .text.clock_configure
                0x1000362c      0x274 CMakeFiles/hello_usb.dir/C_/Users/valdas/AppData/Local/VisualGDB/PicoSDK/1.5.0-Package/src/rp2_common/hardware_clocks/clocks.c.obj
                0x1000362c                clock_configure
 .text.clocks_init
                0x100038a0      0x148 CMakeFiles/hello_usb.dir/C_/Users/valdas/AppData/Local/VisualGDB/PicoSDK/1.5.0-Package/src/rp2_common/hardware_clocks/clocks.c.obj
                0x100038a0                clocks_init
 .text.reset_block
                0x100039e8       0x2c CMakeFiles/hello_usb.dir/C_/Users/valdas/AppData/Local/VisualGDB/PicoSDK/1.5.0-Package/src/rp2_common/hardware_pll/pll.c.obj
 .text.unreset_block_wait
                0x10003a14       0x3c CMakeFiles/hello_usb.dir/C_/Users/valdas/AppData/Local/VisualGDB/PicoSDK/1.5.0-Package/src/rp2_common/hardware_pll/pll.c.obj
 .text.pll_init
                0x10003a50      0x18c CMakeFiles/hello_usb.dir/C_/Users/valdas/AppData/Local/VisualGDB/PicoSDK/1.5.0-Package/src/rp2_common/hardware_pll/pll.c.obj
                0x10003a50                pll_init
 .text.watchdog_start_tick
                0x10003bdc       0x20 CMakeFiles/hello_usb.dir/C_/Users/valdas/AppData/Local/VisualGDB/PicoSDK/1.5.0-Package/src/rp2_common/hardware_watchdog/watchdog.c.obj
                0x10003bdc                watchdog_start_tick
 .text.watchdog_update
                0x10003bfc       0x1c CMakeFiles/hello_usb.dir/C_/Users/valdas/AppData/Local/VisualGDB/PicoSDK/1.5.0-Package/src/rp2_common/hardware_watchdog/watchdog.c.obj
                0x10003bfc                watchdog_update
 .text._watchdog_enable
                0x10003c18       0xf4 CMakeFiles/hello_usb.dir/C_/Users/valdas/AppData/Local/VisualGDB/PicoSDK/1.5.0-Package/src/rp2_common/hardware_watchdog/watchdog.c.obj
                0x10003c18                _watchdog_enable
 .text.watchdog_reboot
                0x10003d0c       0x74 CMakeFiles/hello_usb.dir/C_/Users/valdas/AppData/Local/VisualGDB/PicoSDK/1.5.0-Package/src/rp2_common/hardware_watchdog/watchdog.c.obj
                0x10003d0c                watchdog_reboot
 .text.xosc_init
                0x10003d80       0x48 CMakeFiles/hello_usb.dir/C_/Users/valdas/AppData/Local/VisualGDB/PicoSDK/1.5.0-Package/src/rp2_common/hardware_xosc/xosc.c.obj
                0x10003d80                xosc_init
 .text.__breakpoint
                0x10003dc8        0xc CMakeFiles/hello_usb.dir/C_/Users/valdas/AppData/Local/VisualGDB/PicoSDK/1.5.0-Package/src/rp2_common/pico_runtime/runtime.c.obj
 .text.__get_current_exception
                0x10003dd4       0x16 CMakeFiles/hello_usb.dir/C_/Users/valdas/AppData/Local/VisualGDB/PicoSDK/1.5.0-Package/src/rp2_common/pico_runtime/runtime.c.obj
 *fill*         0x10003dea        0x2 
 .text.reset_block
                0x10003dec       0x2c CMakeFiles/hello_usb.dir/C_/Users/valdas/AppData/Local/VisualGDB/PicoSDK/1.5.0-Package/src/rp2_common/pico_runtime/runtime.c.obj
 .text.unreset_block_wait
                0x10003e18       0x3c CMakeFiles/hello_usb.dir/C_/Users/valdas/AppData/Local/VisualGDB/PicoSDK/1.5.0-Package/src/rp2_common/pico_runtime/runtime.c.obj
 .text.runtime_init
                0x10003e54      0x130 CMakeFiles/hello_usb.dir/C_/Users/valdas/AppData/Local/VisualGDB/PicoSDK/1.5.0-Package/src/rp2_common/pico_runtime/runtime.c.obj
                0x10003e54                runtime_init
 .text._exit    0x10003f84        0xe CMakeFiles/hello_usb.dir/C_/Users/valdas/AppData/Local/VisualGDB/PicoSDK/1.5.0-Package/src/rp2_common/pico_runtime/runtime.c.obj
                0x10003f84                _exit
 .text.exit     0x10003f92       0x10 CMakeFiles/hello_usb.dir/C_/Users/valdas/AppData/Local/VisualGDB/PicoSDK/1.5.0-Package/src/rp2_common/pico_runtime/runtime.c.obj
                0x10003f92                exit
 *fill*         0x10003fa2        0x2 
 .text.__assert_func
                0x10003fa4       0x4c CMakeFiles/hello_usb.dir/C_/Users/valdas/AppData/Local/VisualGDB/PicoSDK/1.5.0-Package/src/rp2_common/pico_runtime/runtime.c.obj
                0x10003fa4                __assert_func
 .text.panic    0x10003ff0       0x40 CMakeFiles/hello_usb.dir/C_/Users/valdas/AppData/Local/VisualGDB/PicoSDK/1.5.0-Package/src/rp2_common/pico_runtime/runtime.c.obj
                0x10003ff0                panic
 .text._out_null
                0x10004030       0x1c CMakeFiles/hello_usb.dir/C_/Users/valdas/AppData/Local/VisualGDB/PicoSDK/1.5.0-Package/src/rp2_common/pico_printf/printf.c.obj
 .text._out_fct
                0x1000404c       0x36 CMakeFiles/hello_usb.dir/C_/Users/valdas/AppData/Local/VisualGDB/PicoSDK/1.5.0-Package/src/rp2_common/pico_printf/printf.c.obj
 .text._strnlen_s
                0x10004082       0x36 CMakeFiles/hello_usb.dir/C_/Users/valdas/AppData/Local/VisualGDB/PicoSDK/1.5.0-Package/src/rp2_common/pico_printf/printf.c.obj
 .text._is_digit
                0x100040b8       0x32 CMakeFiles/hello_usb.dir/C_/Users/valdas/AppData/Local/VisualGDB/PicoSDK/1.5.0-Package/src/rp2_common/pico_printf/printf.c.obj
 .text._atoi    0x100040ea       0x46 CMakeFiles/hello_usb.dir/C_/Users/valdas/AppData/Local/VisualGDB/PicoSDK/1.5.0-Package/src/rp2_common/pico_printf/printf.c.obj
 .text._out_rev
                0x10004130       0x9a CMakeFiles/hello_usb.dir/C_/Users/valdas/AppData/Local/VisualGDB/PicoSDK/1.5.0-Package/src/rp2_common/pico_printf/printf.c.obj
 .text._ntoa_format
                0x100041ca      0x1ac CMakeFiles/hello_usb.dir/C_/Users/valdas/AppData/Local/VisualGDB/PicoSDK/1.5.0-Package/src/rp2_common/pico_printf/printf.c.obj
 .text._ntoa_long
                0x10004376       0xd2 CMakeFiles/hello_usb.dir/C_/Users/valdas/AppData/Local/VisualGDB/PicoSDK/1.5.0-Package/src/rp2_common/pico_printf/printf.c.obj
 .text._ntoa_long_long
                0x10004448       0xe6 CMakeFiles/hello_usb.dir/C_/Users/valdas/AppData/Local/VisualGDB/PicoSDK/1.5.0-Package/src/rp2_common/pico_printf/printf.c.obj
 *fill*         0x1000452e        0x2 
 .text._ftoa    0x10004530      0x494 CMakeFiles/hello_usb.dir/C_/Users/valdas/AppData/Local/VisualGDB/PicoSDK/1.5.0-Package/src/rp2_common/pico_printf/printf.c.obj
 .text._etoa    0x100049c4      0x594 CMakeFiles/hello_usb.dir/C_/Users/valdas/AppData/Local/VisualGDB/PicoSDK/1.5.0-Package/src/rp2_common/pico_printf/printf.c.obj
 .text._vsnprintf
                0x10004f58      0x8a0 CMakeFiles/hello_usb.dir/C_/Users/valdas/AppData/Local/VisualGDB/PicoSDK/1.5.0-Package/src/rp2_common/pico_printf/printf.c.obj
 .text.vfctprintf
                0x100057f8       0x40 CMakeFiles/hello_usb.dir/C_/Users/valdas/AppData/Local/VisualGDB/PicoSDK/1.5.0-Package/src/rp2_common/pico_printf/printf.c.obj
                0x100057f8                vfctprintf
 .text          0x10005838       0x10 CMakeFiles/hello_usb.dir/C_/Users/valdas/AppData/Local/VisualGDB/PicoSDK/1.5.0-Package/src/rp2_common/pico_bit_ops/bit_ops_aeabi.S.obj
 .text.rom_func_lookup
                0x10005848       0x2c CMakeFiles/hello_usb.dir/C_/Users/valdas/AppData/Local/VisualGDB/PicoSDK/1.5.0-Package/src/rp2_common/pico_bootrom/bootrom.c.obj
                0x10005848                rom_func_lookup
 .text.rom_data_lookup
                0x10005874       0x28 CMakeFiles/hello_usb.dir/C_/Users/valdas/AppData/Local/VisualGDB/PicoSDK/1.5.0-Package/src/rp2_common/pico_bootrom/bootrom.c.obj
                0x10005874                rom_data_lookup
 .text.rom_funcs_lookup
                0x1000589c       0x68 CMakeFiles/hello_usb.dir/C_/Users/valdas/AppData/Local/VisualGDB/PicoSDK/1.5.0-Package/src/rp2_common/pico_bootrom/bootrom.c.obj
                0x1000589c                rom_funcs_lookup
 .text.__wrap___aeabi_idiv
                0x10005904       0x50 CMakeFiles/hello_usb.dir/C_/Users/valdas/AppData/Local/VisualGDB/PicoSDK/1.5.0-Package/src/rp2_common/pico_divider/divider.S.obj
                0x10005904                __wrap___aeabi_idivmod
                0x10005904                divmod_s32s32
                0x10005904                div_s32s32
                0x10005904                __wrap___aeabi_idiv
                0x1000590c                divmod_s32s32_unsafe
                0x10005938                divmod_s32s32_savestate
 .text.__wrap___aeabi_uidiv
                0x10005954       0x4c CMakeFiles/hello_usb.dir/C_/Users/valdas/AppData/Local/VisualGDB/PicoSDK/1.5.0-Package/src/rp2_common/pico_divider/divider.S.obj
                0x10005954                __wrap___aeabi_uidiv
                0x10005954                __wrap___aeabi_uidivmod
                0x10005954                div_u32u32
                0x10005954                divmod_u32u32
                0x1000595c                divmod_u32u32_unsafe
                0x10005984                divmod_u32u32_savestate
 .text.__wrap___aeabi_ldiv
                0x100059a0      0x424 CMakeFiles/hello_usb.dir/C_/Users/valdas/AppData/Local/VisualGDB/PicoSDK/1.5.0-Package/src/rp2_common/pico_divider/divider.S.obj
                0x100059a0                div_s64s64
                0x100059a0                divmod_s64s64
                0x100059a0                __wrap___aeabi_ldivmod
                0x100059d0                divmod_u64u64
                0x100059d0                div_u64u64
                0x100059d0                __wrap___aeabi_uldivmod
                0x100059e0                divmod_u64u64_savestate
                0x10005a00                divmod_s64s64_unsafe
                0x10005a88                divmod_u64u64_unsafe
 .text.__wrap___aeabi_darithmetic
                0x10005dc4       0x80 CMakeFiles/hello_usb.dir/C_/Users/valdas/AppData/Local/VisualGDB/PicoSDK/1.5.0-Package/src/rp2_common/pico_double/double_aeabi.S.obj
                0x10005dc4                __wrap___aeabi_drsub
                0x10005dca                __wrap___aeabi_dsub
                0x10005ddc                __wrap___aeabi_dadd
                0x10005dee                __wrap___aeabi_ddiv
                0x10005e2a                __wrap___aeabi_dmul
 .text.__wrap___aeabi_cdcmple
                0x10005e44       0x6c CMakeFiles/hello_usb.dir/C_/Users/valdas/AppData/Local/VisualGDB/PicoSDK/1.5.0-Package/src/rp2_common/pico_double/double_aeabi.S.obj
                0x10005e44                __wrap___aeabi_cdrcmple
                0x10005e54                __wrap___aeabi_cdcmpeq
                0x10005e54                __wrap___aeabi_cdcmple
 .text.__wrap___aeabi_dcmplt
                0x10005eb0        0xc CMakeFiles/hello_usb.dir/C_/Users/valdas/AppData/Local/VisualGDB/PicoSDK/1.5.0-Package/src/rp2_common/pico_double/double_aeabi.S.obj
                0x10005eb0                __wrap___aeabi_dcmplt
 .text.__wrap___aeabi_dcmpge
                0x10005ebc       0x10 CMakeFiles/hello_usb.dir/C_/Users/valdas/AppData/Local/VisualGDB/PicoSDK/1.5.0-Package/src/rp2_common/pico_double/double_aeabi.S.obj
                0x10005ebc                __wrap___aeabi_dcmpge
 .text.__wrap___aeabi_dcmpgt
                0x10005ecc        0xa CMakeFiles/hello_usb.dir/C_/Users/valdas/AppData/Local/VisualGDB/PicoSDK/1.5.0-Package/src/rp2_common/pico_double/double_aeabi.S.obj
                0x10005ecc                __wrap___aeabi_dcmpgt
 .text.__wrap___aeabi_dcmpun
                0x10005ed6       0x1c CMakeFiles/hello_usb.dir/C_/Users/valdas/AppData/Local/VisualGDB/PicoSDK/1.5.0-Package/src/rp2_common/pico_double/double_aeabi.S.obj
                0x10005ed6                __wrap___aeabi_dcmpun
 *fill*         0x10005ef2        0x2 
 .text.__wrap___aeabi_i2d
                0x10005ef4       0x38 CMakeFiles/hello_usb.dir/C_/Users/valdas/AppData/Local/VisualGDB/PicoSDK/1.5.0-Package/src/rp2_common/pico_double/double_aeabi.S.obj
                0x10005ef4                __wrap___aeabi_ui2d
                0x10005efc                __wrap___aeabi_i2d
 .text.__wrap___aeabi_d2iz
                0x10005f2c       0x48 CMakeFiles/hello_usb.dir/C_/Users/valdas/AppData/Local/VisualGDB/PicoSDK/1.5.0-Package/src/rp2_common/pico_double/double_aeabi.S.obj
                0x10005f2c                double2int_z
                0x10005f2c                __wrap___aeabi_d2iz
 .text.__wrap___aeabi_d2uiz
                0x10005f74       0x18 CMakeFiles/hello_usb.dir/C_/Users/valdas/AppData/Local/VisualGDB/PicoSDK/1.5.0-Package/src/rp2_common/pico_double/double_aeabi.S.obj
                0x10005f74                __wrap___aeabi_d2uiz
                0x10005f74                double2uint
 .text.rp2040_rom_version
                0x10005f8c        0xe CMakeFiles/hello_usb.dir/C_/Users/valdas/AppData/Local/VisualGDB/PicoSDK/1.5.0-Package/src/rp2_common/pico_double/double_init_rom.c.obj
 .text.rom_table_code
                0x10005f9a       0x26 CMakeFiles/hello_usb.dir/C_/Users/valdas/AppData/Local/VisualGDB/PicoSDK/1.5.0-Package/src/rp2_common/pico_double/double_init_rom.c.obj
 .text.__aeabi_double_init
                0x10005fc0       0xfc CMakeFiles/hello_usb.dir/C_/Users/valdas/AppData/Local/VisualGDB/PicoSDK/1.5.0-Package/src/rp2_common/pico_double/double_init_rom.c.obj
                0x10005fc0                __aeabi_double_init
 .text.double_table_shim_on_use_helper
                0x100060bc       0x34 CMakeFiles/hello_usb.dir/C_/Users/valdas/AppData/Local/VisualGDB/PicoSDK/1.5.0-Package/src/rp2_common/pico_double/double_v1_rom_shim.S.obj
                0x100060bc                double_table_shim_on_use_helper
 .text.__wrap___aeabi_dsub
                0x100060f0       0x10 CMakeFiles/hello_usb.dir/C_/Users/valdas/AppData/Local/VisualGDB/PicoSDK/1.5.0-Package/src/rp2_common/pico_double/double_v1_rom_shim.S.obj
                0x100060f0                drsub_shim
                0x100060f6                dsub_shim
 .text.dadd_shim
                0x10006100      0x15c CMakeFiles/hello_usb.dir/C_/Users/valdas/AppData/Local/VisualGDB/PicoSDK/1.5.0-Package/src/rp2_common/pico_double/double_v1_rom_shim.S.obj
                0x10006100                dadd_shim
 .text.dmul_shim
                0x1000625c      0x15c CMakeFiles/hello_usb.dir/C_/Users/valdas/AppData/Local/VisualGDB/PicoSDK/1.5.0-Package/src/rp2_common/pico_double/double_v1_rom_shim.S.obj
                0x1000625c                dmul_shim
 .text.ddiv_shim
                0x100063b8      0x1b0 CMakeFiles/hello_usb.dir/C_/Users/valdas/AppData/Local/VisualGDB/PicoSDK/1.5.0-Package/src/rp2_common/pico_double/double_v1_rom_shim.S.obj
                0x100063b8                ddiv_shim
 .text.double2uint_shim
                0x10006568        0xe CMakeFiles/hello_usb.dir/C_/Users/valdas/AppData/Local/VisualGDB/PicoSDK/1.5.0-Package/src/rp2_common/pico_double/double_v1_rom_shim.S.obj
                0x10006568                double2uint_shim
                0x1000656a                double2ufix_shim
 *fill*         0x10006576        0x2 
 .text.double2uint64_shim
                0x10006578       0x70 CMakeFiles/hello_usb.dir/C_/Users/valdas/AppData/Local/VisualGDB/PicoSDK/1.5.0-Package/src/rp2_common/pico_double/double_v1_rom_shim.S.obj
                0x10006578                double2uint64_shim
                0x1000657a                double2ufix64_shim
                0x1000659a                d2fix_a
 .text.dunpacks
                0x100065e8       0x3c CMakeFiles/hello_usb.dir/C_/Users/valdas/AppData/Local/VisualGDB/PicoSDK/1.5.0-Package/src/rp2_common/pico_double/double_v1_rom_shim.S.obj
                0x100065e8                dunpacks
 .text.__aeabi_lmul
                0x10006624       0x32 CMakeFiles/hello_usb.dir/C_/Users/valdas/AppData/Local/VisualGDB/PicoSDK/1.5.0-Package/src/rp2_common/pico_int64_ops/pico_int64_ops_aeabi.S.obj
                0x10006624                __wrap___aeabi_lmul
 .text.rp2040_rom_version
                0x10006656        0xe CMakeFiles/hello_usb.dir/C_/Users/valdas/AppData/Local/VisualGDB/PicoSDK/1.5.0-Package/src/rp2_common/pico_float/float_init_rom.c.obj
 .text.rom_table_code
                0x10006664       0x26 CMakeFiles/hello_usb.dir/C_/Users/valdas/AppData/Local/VisualGDB/PicoSDK/1.5.0-Package/src/rp2_common/pico_float/float_init_rom.c.obj
 *fill*         0x1000668a        0x2 
 .text.__aeabi_float_init
                0x1000668c      0x130 CMakeFiles/hello_usb.dir/C_/Users/valdas/AppData/Local/VisualGDB/PicoSDK/1.5.0-Package/src/rp2_common/pico_float/float_init_rom.c.obj
                0x1000668c                __aeabi_float_init
 .text.float_table_shim_on_use_helper
                0x100067bc       0x34 CMakeFiles/hello_usb.dir/C_/Users/valdas/AppData/Local/VisualGDB/PicoSDK/1.5.0-Package/src/rp2_common/pico_float/float_v1_rom_shim.S.obj
                0x100067bc                float_table_shim_on_use_helper
 .text          0x100067f0       0x10 CMakeFiles/hello_usb.dir/C_/Users/valdas/AppData/Local/VisualGDB/PicoSDK/1.5.0-Package/src/rp2_common/pico_mem_ops/mem_ops_aeabi.S.obj
                0x100067f0                __aeabi_mem_init
 .text.memset   0x10006800        0xc CMakeFiles/hello_usb.dir/C_/Users/valdas/AppData/Local/VisualGDB/PicoSDK/1.5.0-Package/src/rp2_common/pico_mem_ops/mem_ops_aeabi.S.obj
                0x10006800                __wrap_memset
 .text.memcpy   0x1000680c        0xc CMakeFiles/hello_usb.dir/C_/Users/valdas/AppData/Local/VisualGDB/PicoSDK/1.5.0-Package/src/rp2_common/pico_mem_ops/mem_ops_aeabi.S.obj
                0x1000680c                __wrap_memcpy
                0x1000680c                __wrap___aeabi_memcpy
 .text.to_us_since_boot
                0x10006818       0x18 CMakeFiles/hello_usb.dir/C_/Users/valdas/AppData/Local/VisualGDB/PicoSDK/1.5.0-Package/src/rp2_common/pico_stdio/stdio.c.obj
 .text.update_us_since_boot
                0x10006830       0x40 CMakeFiles/hello_usb.dir/C_/Users/valdas/AppData/Local/VisualGDB/PicoSDK/1.5.0-Package/src/rp2_common/pico_stdio/stdio.c.obj
 .text.get_absolute_time
                0x10006870       0x2c CMakeFiles/hello_usb.dir/C_/Users/valdas/AppData/Local/VisualGDB/PicoSDK/1.5.0-Package/src/rp2_common/pico_stdio/stdio.c.obj
 .text.delayed_by_ms
                0x1000689c       0x80 CMakeFiles/hello_usb.dir/C_/Users/valdas/AppData/Local/VisualGDB/PicoSDK/1.5.0-Package/src/rp2_common/pico_stdio/stdio.c.obj
 .text.make_timeout_time_ms
                0x1000691c       0x2a CMakeFiles/hello_usb.dir/C_/Users/valdas/AppData/Local/VisualGDB/PicoSDK/1.5.0-Package/src/rp2_common/pico_stdio/stdio.c.obj
 *fill*         0x10006946        0x2 
 .text.stdout_serialize_begin
                0x10006948       0x30 CMakeFiles/hello_usb.dir/C_/Users/valdas/AppData/Local/VisualGDB/PicoSDK/1.5.0-Package/src/rp2_common/pico_stdio/stdio.c.obj
                0x10006948                stdout_serialize_begin
 .text.stdout_serialize_end
                0x10006978       0x18 CMakeFiles/hello_usb.dir/C_/Users/valdas/AppData/Local/VisualGDB/PicoSDK/1.5.0-Package/src/rp2_common/pico_stdio/stdio.c.obj
                0x10006978                stdout_serialize_end
 .text.stdio_out_chars_no_crlf
                0x10006990       0x20 CMakeFiles/hello_usb.dir/C_/Users/valdas/AppData/Local/VisualGDB/PicoSDK/1.5.0-Package/src/rp2_common/pico_stdio/stdio.c.obj
 .text.stdio_out_chars_crlf
                0x100069b0       0xf4 CMakeFiles/hello_usb.dir/C_/Users/valdas/AppData/Local/VisualGDB/PicoSDK/1.5.0-Package/src/rp2_common/pico_stdio/stdio.c.obj
 .text.stdio_put_string
                0x10006aa4       0xcc CMakeFiles/hello_usb.dir/C_/Users/valdas/AppData/Local/VisualGDB/PicoSDK/1.5.0-Package/src/rp2_common/pico_stdio/stdio.c.obj
 .text.__wrap_puts
                0x10006b70       0x2e CMakeFiles/hello_usb.dir/C_/Users/valdas/AppData/Local/VisualGDB/PicoSDK/1.5.0-Package/src/rp2_common/pico_stdio/stdio.c.obj
                0x10006b70                __wrap_puts
 *fill*         0x10006b9e        0x2 
 .text.stdio_set_driver_enabled
                0x10006ba0       0x68 CMakeFiles/hello_usb.dir/C_/Users/valdas/AppData/Local/VisualGDB/PicoSDK/1.5.0-Package/src/rp2_common/pico_stdio/stdio.c.obj
                0x10006ba0                stdio_set_driver_enabled
 .text.stdio_flush
                0x10006c08       0x38 CMakeFiles/hello_usb.dir/C_/Users/valdas/AppData/Local/VisualGDB/PicoSDK/1.5.0-Package/src/rp2_common/pico_stdio/stdio.c.obj
                0x10006c08                stdio_flush
 .text.stdio_stack_buffer_flush
                0x10006c40       0x6c CMakeFiles/hello_usb.dir/C_/Users/valdas/AppData/Local/VisualGDB/PicoSDK/1.5.0-Package/src/rp2_common/pico_stdio/stdio.c.obj
 .text.stdio_buffered_printer
                0x10006cac       0x3e CMakeFiles/hello_usb.dir/C_/Users/valdas/AppData/Local/VisualGDB/PicoSDK/1.5.0-Package/src/rp2_common/pico_stdio/stdio.c.obj
 *fill*         0x10006cea        0x2 
 .text.__wrap_vprintf
                0x10006cec       0x5c CMakeFiles/hello_usb.dir/C_/Users/valdas/AppData/Local/VisualGDB/PicoSDK/1.5.0-Package/src/rp2_common/pico_stdio/stdio.c.obj
                0x10006cec                __wrap_vprintf
 .text.__wrap_printf
                0x10006d48       0x2e CMakeFiles/hello_usb.dir/C_/Users/valdas/AppData/Local/VisualGDB/PicoSDK/1.5.0-Package/src/rp2_common/pico_stdio/stdio.c.obj
                0x10006d48                __wrap_printf
 .text.stdio_init_all
                0x10006d76       0x32 CMakeFiles/hello_usb.dir/C_/Users/valdas/AppData/Local/VisualGDB/PicoSDK/1.5.0-Package/src/rp2_common/pico_stdio/stdio.c.obj
                0x10006d76                stdio_init_all
 .text.reset_usb_boot
                0x10006da8       0x24 CMakeFiles/hello_usb.dir/C_/Users/valdas/AppData/Local/VisualGDB/PicoSDK/1.5.0-Package/src/rp2_common/pico_stdio_usb/reset_interface.c.obj
 .text.resetd_init
                0x10006dcc        0xa CMakeFiles/hello_usb.dir/C_/Users/valdas/AppData/Local/VisualGDB/PicoSDK/1.5.0-Package/src/rp2_common/pico_stdio_usb/reset_interface.c.obj
 *fill*         0x10006dd6        0x2 
 .text.resetd_reset
                0x10006dd8       0x20 CMakeFiles/hello_usb.dir/C_/Users/valdas/AppData/Local/VisualGDB/PicoSDK/1.5.0-Package/src/rp2_common/pico_stdio_usb/reset_interface.c.obj
 .text.resetd_open
                0x10006df8       0x64 CMakeFiles/hello_usb.dir/C_/Users/valdas/AppData/Local/VisualGDB/PicoSDK/1.5.0-Package/src/rp2_common/pico_stdio_usb/reset_interface.c.obj
 .text.resetd_control_xfer_cb
                0x10006e5c       0xb0 CMakeFiles/hello_usb.dir/C_/Users/valdas/AppData/Local/VisualGDB/PicoSDK/1.5.0-Package/src/rp2_common/pico_stdio_usb/reset_interface.c.obj
 .text.resetd_xfer_cb
                0x10006f0c       0x2a CMakeFiles/hello_usb.dir/C_/Users/valdas/AppData/Local/VisualGDB/PicoSDK/1.5.0-Package/src/rp2_common/pico_stdio_usb/reset_interface.c.obj
 *fill*         0x10006f36        0x2 
 .text.usbd_app_driver_get_cb
                0x10006f38       0x1c CMakeFiles/hello_usb.dir/C_/Users/valdas/AppData/Local/VisualGDB/PicoSDK/1.5.0-Package/src/rp2_common/pico_stdio_usb/reset_interface.c.obj
                0x10006f38                usbd_app_driver_get_cb
 .text.tud_cdc_line_coding_cb
                0x10006f54       0x44 CMakeFiles/hello_usb.dir/C_/Users/valdas/AppData/Local/VisualGDB/PicoSDK/1.5.0-Package/src/rp2_common/pico_stdio_usb/reset_interface.c.obj
                0x10006f54                tud_cdc_line_coding_cb
 .text.to_us_since_boot
                0x10006f98       0x18 CMakeFiles/hello_usb.dir/C_/Users/valdas/AppData/Local/VisualGDB/PicoSDK/1.5.0-Package/src/rp2_common/pico_stdio_usb/stdio_usb.c.obj
 .text.update_us_since_boot
                0x10006fb0       0x40 CMakeFiles/hello_usb.dir/C_/Users/valdas/AppData/Local/VisualGDB/PicoSDK/1.5.0-Package/src/rp2_common/pico_stdio_usb/stdio_usb.c.obj
 .text.get_absolute_time
                0x10006ff0       0x2c CMakeFiles/hello_usb.dir/C_/Users/valdas/AppData/Local/VisualGDB/PicoSDK/1.5.0-Package/src/rp2_common/pico_stdio_usb/stdio_usb.c.obj
 .text.delayed_by_us
                0x1000701c       0x68 CMakeFiles/hello_usb.dir/C_/Users/valdas/AppData/Local/VisualGDB/PicoSDK/1.5.0-Package/src/rp2_common/pico_stdio_usb/stdio_usb.c.obj
 .text.delayed_by_ms
                0x10007084       0x80 CMakeFiles/hello_usb.dir/C_/Users/valdas/AppData/Local/VisualGDB/PicoSDK/1.5.0-Package/src/rp2_common/pico_stdio_usb/stdio_usb.c.obj
 .text.make_timeout_time_ms
                0x10007104       0x2a CMakeFiles/hello_usb.dir/C_/Users/valdas/AppData/Local/VisualGDB/PicoSDK/1.5.0-Package/src/rp2_common/pico_stdio_usb/stdio_usb.c.obj
 .text.alarm_pool_add_alarm_in_us
                0x1000712e       0x54 CMakeFiles/hello_usb.dir/C_/Users/valdas/AppData/Local/VisualGDB/PicoSDK/1.5.0-Package/src/rp2_common/pico_stdio_usb/stdio_usb.c.obj
 .text.add_alarm_in_us
                0x10007182       0x34 CMakeFiles/hello_usb.dir/C_/Users/valdas/AppData/Local/VisualGDB/PicoSDK/1.5.0-Package/src/rp2_common/pico_stdio_usb/stdio_usb.c.obj
 .text.critical_section_enter_blocking
                0x100071b6       0x46 CMakeFiles/hello_usb.dir/C_/Users/valdas/AppData/Local/VisualGDB/PicoSDK/1.5.0-Package/src/rp2_common/pico_stdio_usb/stdio_usb.c.obj
 .text.critical_section_exit
                0x100071fc       0x3e CMakeFiles/hello_usb.dir/C_/Users/valdas/AppData/Local/VisualGDB/PicoSDK/1.5.0-Package/src/rp2_common/pico_stdio_usb/stdio_usb.c.obj
 .text.critical_section_is_initialized
                0x1000723a       0x1a CMakeFiles/hello_usb.dir/C_/Users/valdas/AppData/Local/VisualGDB/PicoSDK/1.5.0-Package/src/rp2_common/pico_stdio_usb/stdio_usb.c.obj
 .text.tud_cdc_connected
                0x10007254       0x12 CMakeFiles/hello_usb.dir/C_/Users/valdas/AppData/Local/VisualGDB/PicoSDK/1.5.0-Package/src/rp2_common/pico_stdio_usb/stdio_usb.c.obj
 .text.tud_cdc_available
                0x10007266       0x12 CMakeFiles/hello_usb.dir/C_/Users/valdas/AppData/Local/VisualGDB/PicoSDK/1.5.0-Package/src/rp2_common/pico_stdio_usb/stdio_usb.c.obj
 .text.tud_cdc_read
                0x10007278       0x20 CMakeFiles/hello_usb.dir/C_/Users/valdas/AppData/Local/VisualGDB/PicoSDK/1.5.0-Package/src/rp2_common/pico_stdio_usb/stdio_usb.c.obj
 .text.tud_cdc_write
                0x10007298       0x20 CMakeFiles/hello_usb.dir/C_/Users/valdas/AppData/Local/VisualGDB/PicoSDK/1.5.0-Package/src/rp2_common/pico_stdio_usb/stdio_usb.c.obj
 .text.tud_cdc_write_flush
                0x100072b8       0x12 CMakeFiles/hello_usb.dir/C_/Users/valdas/AppData/Local/VisualGDB/PicoSDK/1.5.0-Package/src/rp2_common/pico_stdio_usb/stdio_usb.c.obj
 .text.tud_cdc_write_available
                0x100072ca       0x12 CMakeFiles/hello_usb.dir/C_/Users/valdas/AppData/Local/VisualGDB/PicoSDK/1.5.0-Package/src/rp2_common/pico_stdio_usb/stdio_usb.c.obj
 .text.timer_task
                0x100072dc       0x64 CMakeFiles/hello_usb.dir/C_/Users/valdas/AppData/Local/VisualGDB/PicoSDK/1.5.0-Package/src/rp2_common/pico_stdio_usb/stdio_usb.c.obj
 .text.low_priority_worker_irq
                0x10007340       0xa0 CMakeFiles/hello_usb.dir/C_/Users/valdas/AppData/Local/VisualGDB/PicoSDK/1.5.0-Package/src/rp2_common/pico_stdio_usb/stdio_usb.c.obj
 .text.usb_irq  0x100073e0       0x18 CMakeFiles/hello_usb.dir/C_/Users/valdas/AppData/Local/VisualGDB/PicoSDK/1.5.0-Package/src/rp2_common/pico_stdio_usb/stdio_usb.c.obj
 .text.stdio_usb_out_chars
                0x100073f8      0x120 CMakeFiles/hello_usb.dir/C_/Users/valdas/AppData/Local/VisualGDB/PicoSDK/1.5.0-Package/src/rp2_common/pico_stdio_usb/stdio_usb.c.obj
 .text.stdio_usb_in_chars
                0x10007518       0xa8 CMakeFiles/hello_usb.dir/C_/Users/valdas/AppData/Local/VisualGDB/PicoSDK/1.5.0-Package/src/rp2_common/pico_stdio_usb/stdio_usb.c.obj
                0x10007518                stdio_usb_in_chars
 .text.tud_cdc_rx_cb
                0x100075c0       0x34 CMakeFiles/hello_usb.dir/C_/Users/valdas/AppData/Local/VisualGDB/PicoSDK/1.5.0-Package/src/rp2_common/pico_stdio_usb/stdio_usb.c.obj
                0x100075c0                tud_cdc_rx_cb
 .text.stdio_usb_set_chars_available_callback
                0x100075f4       0x28 CMakeFiles/hello_usb.dir/C_/Users/valdas/AppData/Local/VisualGDB/PicoSDK/1.5.0-Package/src/rp2_common/pico_stdio_usb/stdio_usb.c.obj
                0x100075f4                stdio_usb_set_chars_available_callback
 .text.stdio_usb_init
                0x1000761c      0x114 CMakeFiles/hello_usb.dir/C_/Users/valdas/AppData/Local/VisualGDB/PicoSDK/1.5.0-Package/src/rp2_common/pico_stdio_usb/stdio_usb.c.obj
                0x1000761c                stdio_usb_init
 .text.stdio_usb_connected
                0x10007730       0x10 CMakeFiles/hello_usb.dir/C_/Users/valdas/AppData/Local/VisualGDB/PicoSDK/1.5.0-Package/src/rp2_common/pico_stdio_usb/stdio_usb.c.obj
                0x10007730                stdio_usb_connected
 .text.tud_descriptor_device_cb
                0x10007740       0x10 CMakeFiles/hello_usb.dir/C_/Users/valdas/AppData/Local/VisualGDB/PicoSDK/1.5.0-Package/src/rp2_common/pico_stdio_usb/stdio_usb_descriptors.c.obj
                0x10007740                tud_descriptor_device_cb
 .text.tud_descriptor_configuration_cb
                0x10007750       0x1c CMakeFiles/hello_usb.dir/C_/Users/valdas/AppData/Local/VisualGDB/PicoSDK/1.5.0-Package/src/rp2_common/pico_stdio_usb/stdio_usb_descriptors.c.obj
                0x10007750                tud_descriptor_configuration_cb
 .text.tud_descriptor_string_cb
                0x1000776c       0xd4 CMakeFiles/hello_usb.dir/C_/Users/valdas/AppData/Local/VisualGDB/PicoSDK/1.5.0-Package/src/rp2_common/pico_stdio_usb/stdio_usb_descriptors.c.obj
                0x1000776c                tud_descriptor_string_cb
 .text._retrieve_unique_id_on_boot
                0x10007840       0x18 CMakeFiles/hello_usb.dir/C_/Users/valdas/AppData/Local/VisualGDB/PicoSDK/1.5.0-Package/src/rp2_common/pico_unique_id/unique_id.c.obj
 .text.pico_get_unique_board_id_string
                0x10007858       0x9c CMakeFiles/hello_usb.dir/C_/Users/valdas/AppData/Local/VisualGDB/PicoSDK/1.5.0-Package/src/rp2_common/pico_unique_id/unique_id.c.obj
                0x10007858                pico_get_unique_board_id_string
 .text.flash_get_unique_id
                0x100078f4       0x70 CMakeFiles/hello_usb.dir/C_/Users/valdas/AppData/Local/VisualGDB/PicoSDK/1.5.0-Package/src/rp2_common/hardware_flash/flash.c.obj
                0x100078f4                flash_get_unique_id
 .text.time_us_32
                0x10007964       0x14 CMakeFiles/hello_usb.dir/C_/Users/valdas/AppData/Local/VisualGDB/PicoSDK/1.5.0-Package/lib/tinyusb/src/portable/raspberrypi/rp2040/dcd_rp2040.c.obj
 .text.hw_data_offset
                0x10007978       0x1c CMakeFiles/hello_usb.dir/C_/Users/valdas/AppData/Local/VisualGDB/PicoSDK/1.5.0-Package/lib/tinyusb/src/portable/raspberrypi/rp2040/dcd_rp2040.c.obj
 .text.dcd_event_sof
                0x10007994       0x52 CMakeFiles/hello_usb.dir/C_/Users/valdas/AppData/Local/VisualGDB/PicoSDK/1.5.0-Package/lib/tinyusb/src/portable/raspberrypi/rp2040/dcd_rp2040.c.obj
 *fill*         0x100079e6        0x2 
 .text.hw_endpoint_get_by_addr
                0x100079e8       0x70 CMakeFiles/hello_usb.dir/C_/Users/valdas/AppData/Local/VisualGDB/PicoSDK/1.5.0-Package/lib/tinyusb/src/portable/raspberrypi/rp2040/dcd_rp2040.c.obj
 .text._hw_endpoint_alloc
                0x10007a58       0xcc CMakeFiles/hello_usb.dir/C_/Users/valdas/AppData/Local/VisualGDB/PicoSDK/1.5.0-Package/lib/tinyusb/src/portable/raspberrypi/rp2040/dcd_rp2040.c.obj
 .text.hw_endpoint_init
                0x10007b24      0x128 CMakeFiles/hello_usb.dir/C_/Users/valdas/AppData/Local/VisualGDB/PicoSDK/1.5.0-Package/lib/tinyusb/src/portable/raspberrypi/rp2040/dcd_rp2040.c.obj
 .text.hw_endpoint_xfer
                0x10007c4c       0x3a CMakeFiles/hello_usb.dir/C_/Users/valdas/AppData/Local/VisualGDB/PicoSDK/1.5.0-Package/lib/tinyusb/src/portable/raspberrypi/rp2040/dcd_rp2040.c.obj
 *fill*         0x10007c86        0x2 
 .text.dcd_init
                0x10007c88       0xa0 CMakeFiles/hello_usb.dir/C_/Users/valdas/AppData/Local/VisualGDB/PicoSDK/1.5.0-Package/lib/tinyusb/src/portable/raspberrypi/rp2040/dcd_rp2040.c.obj
                0x10007c88                dcd_init
 .text.dcd_int_enable
                0x10007d28       0x40 CMakeFiles/hello_usb.dir/C_/Users/valdas/AppData/Local/VisualGDB/PicoSDK/1.5.0-Package/lib/tinyusb/src/portable/raspberrypi/rp2040/dcd_rp2040.c.obj
                0x10007d28                dcd_int_enable
 .text.dcd_set_address
                0x10007d68       0x48 CMakeFiles/hello_usb.dir/C_/Users/valdas/AppData/Local/VisualGDB/PicoSDK/1.5.0-Package/lib/tinyusb/src/portable/raspberrypi/rp2040/dcd_rp2040.c.obj
                0x10007d68                dcd_set_address
 .text.dcd_connect
                0x10007db0       0x20 CMakeFiles/hello_usb.dir/C_/Users/valdas/AppData/Local/VisualGDB/PicoSDK/1.5.0-Package/lib/tinyusb/src/portable/raspberrypi/rp2040/dcd_rp2040.c.obj
                0x10007db0                dcd_connect
 .text.dcd_edpt0_status_complete
                0x10007dd0       0x50 CMakeFiles/hello_usb.dir/C_/Users/valdas/AppData/Local/VisualGDB/PicoSDK/1.5.0-Package/lib/tinyusb/src/portable/raspberrypi/rp2040/dcd_rp2040.c.obj
                0x10007dd0                dcd_edpt0_status_complete
 .text.dcd_edpt_open
                0x10007e20       0x64 CMakeFiles/hello_usb.dir/C_/Users/valdas/AppData/Local/VisualGDB/PicoSDK/1.5.0-Package/lib/tinyusb/src/portable/raspberrypi/rp2040/dcd_rp2040.c.obj
                0x10007e20                dcd_edpt_open
 .text.dcd_edpt_close_all
                0x10007e84       0x18 CMakeFiles/hello_usb.dir/C_/Users/valdas/AppData/Local/VisualGDB/PicoSDK/1.5.0-Package/lib/tinyusb/src/portable/raspberrypi/rp2040/dcd_rp2040.c.obj
                0x10007e84                dcd_edpt_close_all
 .text.dcd_edpt_xfer
                0x10007e9c       0x60 CMakeFiles/hello_usb.dir/C_/Users/valdas/AppData/Local/VisualGDB/PicoSDK/1.5.0-Package/lib/tinyusb/src/portable/raspberrypi/rp2040/dcd_rp2040.c.obj
                0x10007e9c                dcd_edpt_xfer
 .text.dcd_edpt_stall
                0x10007efc       0x7c CMakeFiles/hello_usb.dir/C_/Users/valdas/AppData/Local/VisualGDB/PicoSDK/1.5.0-Package/lib/tinyusb/src/portable/raspberrypi/rp2040/dcd_rp2040.c.obj
                0x10007efc                dcd_edpt_stall
 .text.dcd_edpt_clear_stall
                0x10007f78       0x5e CMakeFiles/hello_usb.dir/C_/Users/valdas/AppData/Local/VisualGDB/PicoSDK/1.5.0-Package/lib/tinyusb/src/portable/raspberrypi/rp2040/dcd_rp2040.c.obj
                0x10007f78                dcd_edpt_clear_stall
 *fill*         0x10007fd6        0x2 
 .text.reset_block
                0x10007fd8       0x2c CMakeFiles/hello_usb.dir/C_/Users/valdas/AppData/Local/VisualGDB/PicoSDK/1.5.0-Package/lib/tinyusb/src/portable/raspberrypi/rp2040/rp2040_usb.c.obj
 .text.unreset_block_wait
                0x10008004       0x3c CMakeFiles/hello_usb.dir/C_/Users/valdas/AppData/Local/VisualGDB/PicoSDK/1.5.0-Package/lib/tinyusb/src/portable/raspberrypi/rp2040/rp2040_usb.c.obj
 .text.time_us_32
                0x10008040       0x14 CMakeFiles/hello_usb.dir/C_/Users/valdas/AppData/Local/VisualGDB/PicoSDK/1.5.0-Package/lib/tinyusb/src/portable/raspberrypi/rp2040/rp2040_usb.c.obj
 .text.rp2040_usb_init
                0x10008054       0x48 CMakeFiles/hello_usb.dir/C_/Users/valdas/AppData/Local/VisualGDB/PicoSDK/1.5.0-Package/lib/tinyusb/src/portable/raspberrypi/rp2040/rp2040_usb.c.obj
                0x10008054                rp2040_usb_init
 .text.hw_endpoint_xfer_start
                0x1000809c       0x8c CMakeFiles/hello_usb.dir/C_/Users/valdas/AppData/Local/VisualGDB/PicoSDK/1.5.0-Package/lib/tinyusb/src/portable/raspberrypi/rp2040/rp2040_usb.c.obj
                0x1000809c                hw_endpoint_xfer_start
 .text.critical_section_enter_blocking
                0x10008128       0x46 CMakeFiles/hello_usb.dir/C_/Users/valdas/AppData/Local/VisualGDB/PicoSDK/1.5.0-Package/lib/tinyusb/src/device/usbd.c.obj
 .text.critical_section_exit
                0x1000816e       0x3e CMakeFiles/hello_usb.dir/C_/Users/valdas/AppData/Local/VisualGDB/PicoSDK/1.5.0-Package/lib/tinyusb/src/device/usbd.c.obj
 .text.get_driver
                0x100081ac       0x74 CMakeFiles/hello_usb.dir/C_/Users/valdas/AppData/Local/VisualGDB/PicoSDK/1.5.0-Package/lib/tinyusb/src/device/usbd.c.obj
 .text.tud_mounted
                0x10008220       0x1c CMakeFiles/hello_usb.dir/C_/Users/valdas/AppData/Local/VisualGDB/PicoSDK/1.5.0-Package/lib/tinyusb/src/device/usbd.c.obj
                0x10008220                tud_mounted
 .text.tud_suspended
                0x1000823c       0x20 CMakeFiles/hello_usb.dir/C_/Users/valdas/AppData/Local/VisualGDB/PicoSDK/1.5.0-Package/lib/tinyusb/src/device/usbd.c.obj
                0x1000823c                tud_suspended
 .text.tud_inited
                0x1000825c       0x1c CMakeFiles/hello_usb.dir/C_/Users/valdas/AppData/Local/VisualGDB/PicoSDK/1.5.0-Package/lib/tinyusb/src/device/usbd.c.obj
                0x1000825c                tud_inited
 .text.tud_init
                0x10008278      0x10c CMakeFiles/hello_usb.dir/C_/Users/valdas/AppData/Local/VisualGDB/PicoSDK/1.5.0-Package/lib/tinyusb/src/device/usbd.c.obj
                0x10008278                tud_init
 .text.configuration_reset
                0x10008384       0x90 CMakeFiles/hello_usb.dir/C_/Users/valdas/AppData/Local/VisualGDB/PicoSDK/1.5.0-Package/lib/tinyusb/src/device/usbd.c.obj
 .text.usbd_reset
                0x10008414       0x22 CMakeFiles/hello_usb.dir/C_/Users/valdas/AppData/Local/VisualGDB/PicoSDK/1.5.0-Package/lib/tinyusb/src/device/usbd.c.obj
 *fill*         0x10008436        0x2 
 .text.tud_task_ext
                0x10008438      0x2b0 CMakeFiles/hello_usb.dir/C_/Users/valdas/AppData/Local/VisualGDB/PicoSDK/1.5.0-Package/lib/tinyusb/src/device/usbd.c.obj
                0x10008438                tud_task_ext
 .text.invoke_class_control
                0x100086e8       0x36 CMakeFiles/hello_usb.dir/C_/Users/valdas/AppData/Local/VisualGDB/PicoSDK/1.5.0-Package/lib/tinyusb/src/device/usbd.c.obj
 *fill*         0x1000871e        0x2 
 .text.process_control_request
                0x10008720      0x4f0 CMakeFiles/hello_usb.dir/C_/Users/valdas/AppData/Local/VisualGDB/PicoSDK/1.5.0-Package/lib/tinyusb/src/device/usbd.c.obj
 .text.process_set_config
                0x10008c10      0x240 CMakeFiles/hello_usb.dir/C_/Users/valdas/AppData/Local/VisualGDB/PicoSDK/1.5.0-Package/lib/tinyusb/src/device/usbd.c.obj
 .text.process_get_descriptor
                0x10008e50      0x1d4 CMakeFiles/hello_usb.dir/C_/Users/valdas/AppData/Local/VisualGDB/PicoSDK/1.5.0-Package/lib/tinyusb/src/device/usbd.c.obj
 .text.usbd_open_edpt_pair
                0x10009024       0xc0 CMakeFiles/hello_usb.dir/C_/Users/valdas/AppData/Local/VisualGDB/PicoSDK/1.5.0-Package/lib/tinyusb/src/device/usbd.c.obj
                0x10009024                usbd_open_edpt_pair
 .text.usbd_defer_func
                0x100090e4       0x48 CMakeFiles/hello_usb.dir/C_/Users/valdas/AppData/Local/VisualGDB/PicoSDK/1.5.0-Package/lib/tinyusb/src/device/usbd.c.obj
                0x100090e4                usbd_defer_func
 .text.usbd_edpt_open
                0x1000912c       0x74 CMakeFiles/hello_usb.dir/C_/Users/valdas/AppData/Local/VisualGDB/PicoSDK/1.5.0-Package/lib/tinyusb/src/device/usbd.c.obj
                0x1000912c                usbd_edpt_open
 .text.usbd_edpt_claim
                0x100091a0       0x7c CMakeFiles/hello_usb.dir/C_/Users/valdas/AppData/Local/VisualGDB/PicoSDK/1.5.0-Package/lib/tinyusb/src/device/usbd.c.obj
                0x100091a0                usbd_edpt_claim
 .text.usbd_edpt_release
                0x1000921c       0x7c CMakeFiles/hello_usb.dir/C_/Users/valdas/AppData/Local/VisualGDB/PicoSDK/1.5.0-Package/lib/tinyusb/src/device/usbd.c.obj
                0x1000921c                usbd_edpt_release
 .text.usbd_edpt_xfer
                0x10009298      0x108 CMakeFiles/hello_usb.dir/C_/Users/valdas/AppData/Local/VisualGDB/PicoSDK/1.5.0-Package/lib/tinyusb/src/device/usbd.c.obj
                0x10009298                usbd_edpt_xfer
 .text.usbd_edpt_stall
                0x100093a0       0xc4 CMakeFiles/hello_usb.dir/C_/Users/valdas/AppData/Local/VisualGDB/PicoSDK/1.5.0-Package/lib/tinyusb/src/device/usbd.c.obj
                0x100093a0                usbd_edpt_stall
 .text.usbd_edpt_clear_stall
                0x10009464       0xc4 CMakeFiles/hello_usb.dir/C_/Users/valdas/AppData/Local/VisualGDB/PicoSDK/1.5.0-Package/lib/tinyusb/src/device/usbd.c.obj
                0x10009464                usbd_edpt_clear_stall
 .text.usbd_edpt_stalled
                0x10009528       0x74 CMakeFiles/hello_usb.dir/C_/Users/valdas/AppData/Local/VisualGDB/PicoSDK/1.5.0-Package/lib/tinyusb/src/device/usbd.c.obj
                0x10009528                usbd_edpt_stalled
 .text._status_stage_xact
                0x1000959c       0x42 CMakeFiles/hello_usb.dir/C_/Users/valdas/AppData/Local/VisualGDB/PicoSDK/1.5.0-Package/lib/tinyusb/src/device/usbd_control.c.obj
 *fill*         0x100095de        0x2 
 .text.tud_control_status
                0x100095e0       0x4c CMakeFiles/hello_usb.dir/C_/Users/valdas/AppData/Local/VisualGDB/PicoSDK/1.5.0-Package/lib/tinyusb/src/device/usbd_control.c.obj
                0x100095e0                tud_control_status
 .text._data_stage_xact
                0x1000962c       0xb0 CMakeFiles/hello_usb.dir/C_/Users/valdas/AppData/Local/VisualGDB/PicoSDK/1.5.0-Package/lib/tinyusb/src/device/usbd_control.c.obj
 .text.tud_control_xfer
                0x100096dc       0xe0 CMakeFiles/hello_usb.dir/C_/Users/valdas/AppData/Local/VisualGDB/PicoSDK/1.5.0-Package/lib/tinyusb/src/device/usbd_control.c.obj
                0x100096dc                tud_control_xfer
 .text.usbd_control_reset
                0x100097bc       0x1c CMakeFiles/hello_usb.dir/C_/Users/valdas/AppData/Local/VisualGDB/PicoSDK/1.5.0-Package/lib/tinyusb/src/device/usbd_control.c.obj
                0x100097bc                usbd_control_reset
 .text.usbd_control_set_complete_callback
                0x100097d8       0x1c CMakeFiles/hello_usb.dir/C_/Users/valdas/AppData/Local/VisualGDB/PicoSDK/1.5.0-Package/lib/tinyusb/src/device/usbd_control.c.obj
                0x100097d8                usbd_control_set_complete_callback
 .text.usbd_control_set_request
                0x100097f4       0x38 CMakeFiles/hello_usb.dir/C_/Users/valdas/AppData/Local/VisualGDB/PicoSDK/1.5.0-Package/lib/tinyusb/src/device/usbd_control.c.obj
                0x100097f4                usbd_control_set_request
 .text.usbd_control_xfer_cb
                0x1000982c      0x170 CMakeFiles/hello_usb.dir/C_/Users/valdas/AppData/Local/VisualGDB/PicoSDK/1.5.0-Package/lib/tinyusb/src/device/usbd_control.c.obj
                0x1000982c                usbd_control_xfer_cb
 .text._prep_out_transaction
                0x1000999c       0xa4 CMakeFiles/hello_usb.dir/C_/Users/valdas/AppData/Local/VisualGDB/PicoSDK/1.5.0-Package/lib/tinyusb/src/class/cdc/cdc_device.c.obj
 .text.tud_cdc_n_connected
                0x10009a40       0x88 CMakeFiles/hello_usb.dir/C_/Users/valdas/AppData/Local/VisualGDB/PicoSDK/1.5.0-Package/lib/tinyusb/src/class/cdc/cdc_device.c.obj
                0x10009a40                tud_cdc_n_connected
 .text.tud_cdc_n_available
                0x10009ac8       0x34 CMakeFiles/hello_usb.dir/C_/Users/valdas/AppData/Local/VisualGDB/PicoSDK/1.5.0-Package/lib/tinyusb/src/class/cdc/cdc_device.c.obj
                0x10009ac8                tud_cdc_n_available
 .text.tud_cdc_n_read
                0x10009afc       0x4c CMakeFiles/hello_usb.dir/C_/Users/valdas/AppData/Local/VisualGDB/PicoSDK/1.5.0-Package/lib/tinyusb/src/class/cdc/cdc_device.c.obj
                0x10009afc                tud_cdc_n_read
 .text.tud_cdc_n_write
                0x10009b48       0x68 CMakeFiles/hello_usb.dir/C_/Users/valdas/AppData/Local/VisualGDB/PicoSDK/1.5.0-Package/lib/tinyusb/src/class/cdc/cdc_device.c.obj
                0x10009b48                tud_cdc_n_write
 .text.tud_cdc_n_write_flush
                0x10009bb0      0x110 CMakeFiles/hello_usb.dir/C_/Users/valdas/AppData/Local/VisualGDB/PicoSDK/1.5.0-Package/lib/tinyusb/src/class/cdc/cdc_device.c.obj
                0x10009bb0                tud_cdc_n_write_flush
 .text.tud_cdc_n_write_available
                0x10009cc0       0x34 CMakeFiles/hello_usb.dir/C_/Users/valdas/AppData/Local/VisualGDB/PicoSDK/1.5.0-Package/lib/tinyusb/src/class/cdc/cdc_device.c.obj
                0x10009cc0                tud_cdc_n_write_available
 .text.cdcd_init
                0x10009cf4      0x128 CMakeFiles/hello_usb.dir/C_/Users/valdas/AppData/Local/VisualGDB/PicoSDK/1.5.0-Package/lib/tinyusb/src/class/cdc/cdc_device.c.obj
                0x10009cf4                cdcd_init
 .text.cdcd_reset
                0x10009e1c       0x78 CMakeFiles/hello_usb.dir/C_/Users/valdas/AppData/Local/VisualGDB/PicoSDK/1.5.0-Package/lib/tinyusb/src/class/cdc/cdc_device.c.obj
                0x10009e1c                cdcd_reset
 .text.cdcd_open
                0x10009e94      0x1e8 CMakeFiles/hello_usb.dir/C_/Users/valdas/AppData/Local/VisualGDB/PicoSDK/1.5.0-Package/lib/tinyusb/src/class/cdc/cdc_device.c.obj
                0x10009e94                cdcd_open
 .text.cdcd_control_xfer_cb
                0x1000a07c      0x238 CMakeFiles/hello_usb.dir/C_/Users/valdas/AppData/Local/VisualGDB/PicoSDK/1.5.0-Package/lib/tinyusb/src/class/cdc/cdc_device.c.obj
                0x1000a07c                cdcd_control_xfer_cb
 .text.cdcd_xfer_cb
                0x1000a2b4      0x1b8 CMakeFiles/hello_usb.dir/C_/Users/valdas/AppData/Local/VisualGDB/PicoSDK/1.5.0-Package/lib/tinyusb/src/class/cdc/cdc_device.c.obj
                0x1000a2b4                cdcd_xfer_cb
 .text.tusb_init
                0x1000a46c       0x24 CMakeFiles/hello_usb.dir/C_/Users/valdas/AppData/Local/VisualGDB/PicoSDK/1.5.0-Package/lib/tinyusb/src/tusb.c.obj
                0x1000a46c                tusb_init
 .text.tusb_inited
                0x1000a490       0x3a CMakeFiles/hello_usb.dir/C_/Users/valdas/AppData/Local/VisualGDB/PicoSDK/1.5.0-Package/lib/tinyusb/src/tusb.c.obj
                0x1000a490                tusb_inited
 .text.tu_edpt_claim
                0x1000a4ca       0x9c CMakeFiles/hello_usb.dir/C_/Users/valdas/AppData/Local/VisualGDB/PicoSDK/1.5.0-Package/lib/tinyusb/src/tusb.c.obj
                0x1000a4ca                tu_edpt_claim
 .text.tu_edpt_release
                0x1000a566       0x7c CMakeFiles/hello_usb.dir/C_/Users/valdas/AppData/Local/VisualGDB/PicoSDK/1.5.0-Package/lib/tinyusb/src/tusb.c.obj
                0x1000a566                tu_edpt_release
 *fill*         0x1000a5e2        0x2 
 .text.tu_edpt_validate
                0x1000a5e4       0xd8 CMakeFiles/hello_usb.dir/C_/Users/valdas/AppData/Local/VisualGDB/PicoSDK/1.5.0-Package/lib/tinyusb/src/tusb.c.obj
                0x1000a5e4                tu_edpt_validate
 .text.tu_edpt_bind_driver
                0x1000a6bc       0x98 CMakeFiles/hello_usb.dir/C_/Users/valdas/AppData/Local/VisualGDB/PicoSDK/1.5.0-Package/lib/tinyusb/src/tusb.c.obj
                0x1000a6bc                tu_edpt_bind_driver
 .text.tu_fifo_config
                0x1000a754       0xfc CMakeFiles/hello_usb.dir/C_/Users/valdas/AppData/Local/VisualGDB/PicoSDK/1.5.0-Package/lib/tinyusb/src/common/tusb_fifo.c.obj
                0x1000a754                tu_fifo_config
 .text._ff_push_const_addr
                0x1000a850       0xd0 CMakeFiles/hello_usb.dir/C_/Users/valdas/AppData/Local/VisualGDB/PicoSDK/1.5.0-Package/lib/tinyusb/src/common/tusb_fifo.c.obj
 .text._ff_pull_const_addr
                0x1000a920       0x96 CMakeFiles/hello_usb.dir/C_/Users/valdas/AppData/Local/VisualGDB/PicoSDK/1.5.0-Package/lib/tinyusb/src/common/tusb_fifo.c.obj
 .text._ff_push
                0x1000a9b6       0x40 CMakeFiles/hello_usb.dir/C_/Users/valdas/AppData/Local/VisualGDB/PicoSDK/1.5.0-Package/lib/tinyusb/src/common/tusb_fifo.c.obj
 .text._ff_push_n
                0x1000a9f6      0x22a CMakeFiles/hello_usb.dir/C_/Users/valdas/AppData/Local/VisualGDB/PicoSDK/1.5.0-Package/lib/tinyusb/src/common/tusb_fifo.c.obj
 .text._ff_pull
                0x1000ac20       0x40 CMakeFiles/hello_usb.dir/C_/Users/valdas/AppData/Local/VisualGDB/PicoSDK/1.5.0-Package/lib/tinyusb/src/common/tusb_fifo.c.obj
 .text._ff_pull_n
                0x1000ac60      0x22e CMakeFiles/hello_usb.dir/C_/Users/valdas/AppData/Local/VisualGDB/PicoSDK/1.5.0-Package/lib/tinyusb/src/common/tusb_fifo.c.obj
 .text.advance_index
                0x1000ae8e       0x76 CMakeFiles/hello_usb.dir/C_/Users/valdas/AppData/Local/VisualGDB/PicoSDK/1.5.0-Package/lib/tinyusb/src/common/tusb_fifo.c.obj
 .text._tu_fifo_peek
                0x1000af04      0x140 CMakeFiles/hello_usb.dir/C_/Users/valdas/AppData/Local/VisualGDB/PicoSDK/1.5.0-Package/lib/tinyusb/src/common/tusb_fifo.c.obj
 .text._tu_fifo_peek_n
                0x1000b044      0x16a CMakeFiles/hello_usb.dir/C_/Users/valdas/AppData/Local/VisualGDB/PicoSDK/1.5.0-Package/lib/tinyusb/src/common/tusb_fifo.c.obj
 .text._tu_fifo_write_n
                0x1000b1ae      0x2c6 CMakeFiles/hello_usb.dir/C_/Users/valdas/AppData/Local/VisualGDB/PicoSDK/1.5.0-Package/lib/tinyusb/src/common/tusb_fifo.c.obj
 .text._tu_fifo_read_n
                0x1000b474       0xa6 CMakeFiles/hello_usb.dir/C_/Users/valdas/AppData/Local/VisualGDB/PicoSDK/1.5.0-Package/lib/tinyusb/src/common/tusb_fifo.c.obj
 .text.tu_fifo_count
                0x1000b51a       0x94 CMakeFiles/hello_usb.dir/C_/Users/valdas/AppData/Local/VisualGDB/PicoSDK/1.5.0-Package/lib/tinyusb/src/common/tusb_fifo.c.obj
                0x1000b51a                tu_fifo_count
 .text.tu_fifo_empty
                0x1000b5ae       0x24 CMakeFiles/hello_usb.dir/C_/Users/valdas/AppData/Local/VisualGDB/PicoSDK/1.5.0-Package/lib/tinyusb/src/common/tusb_fifo.c.obj
                0x1000b5ae                tu_fifo_empty
 .text.tu_fifo_full
                0x1000b5d2       0x7c CMakeFiles/hello_usb.dir/C_/Users/valdas/AppData/Local/VisualGDB/PicoSDK/1.5.0-Package/lib/tinyusb/src/common/tusb_fifo.c.obj
                0x1000b5d2                tu_fifo_full
 .text.tu_fifo_remaining
                0x1000b64e       0xac CMakeFiles/hello_usb.dir/C_/Users/valdas/AppData/Local/VisualGDB/PicoSDK/1.5.0-Package/lib/tinyusb/src/common/tusb_fifo.c.obj
                0x1000b64e                tu_fifo_remaining
 .text.tu_fifo_read
                0x1000b6fa       0x90 CMakeFiles/hello_usb.dir/C_/Users/valdas/AppData/Local/VisualGDB/PicoSDK/1.5.0-Package/lib/tinyusb/src/common/tusb_fifo.c.obj
                0x1000b6fa                tu_fifo_read
 .text.tu_fifo_read_n
                0x1000b78a       0x26 CMakeFiles/hello_usb.dir/C_/Users/valdas/AppData/Local/VisualGDB/PicoSDK/1.5.0-Package/lib/tinyusb/src/common/tusb_fifo.c.obj
                0x1000b78a                tu_fifo_read_n
 .text.tu_fifo_write
                0x1000b7b0       0xfe CMakeFiles/hello_usb.dir/C_/Users/valdas/AppData/Local/VisualGDB/PicoSDK/1.5.0-Package/lib/tinyusb/src/common/tusb_fifo.c.obj
                0x1000b7b0                tu_fifo_write
 .text.tu_fifo_write_n
                0x1000b8ae       0x26 CMakeFiles/hello_usb.dir/C_/Users/valdas/AppData/Local/VisualGDB/PicoSDK/1.5.0-Package/lib/tinyusb/src/common/tusb_fifo.c.obj
                0x1000b8ae                tu_fifo_write_n
 .text.tu_fifo_clear
                0x1000b8d4       0x9a CMakeFiles/hello_usb.dir/C_/Users/valdas/AppData/Local/VisualGDB/PicoSDK/1.5.0-Package/lib/tinyusb/src/common/tusb_fifo.c.obj
                0x1000b8d4                tu_fifo_clear
 .text.tu_fifo_set_overwritable
                0x1000b96e       0xaa CMakeFiles/hello_usb.dir/C_/Users/valdas/AppData/Local/VisualGDB/PicoSDK/1.5.0-Package/lib/tinyusb/src/common/tusb_fifo.c.obj
                0x1000b96e                tu_fifo_set_overwritable
 .text.strlen   0x1000ba18       0x5c c:/sysgcc/arm-eabi/bin/../lib/gcc/arm-none-eabi/10.3.1/../../../../arm-none-eabi/lib/thumb/v6-m/nofp\libg.a(lib_a-strlen-stub.o)
                0x1000ba18                strlen
 *(.fini)
 .fini          0x1000ba74        0x4 c:/sysgcc/arm-eabi/bin/../lib/gcc/arm-none-eabi/10.3.1/thumb/v6-m/nofp/crti.o
                0x1000ba74                _fini
 .fini.__stub   0x1000ba78       0xe0 linker stubs
 *crtbegin.o(.ctors)
 *crtbegin?.o(.ctors)
 *(EXCLUDE_FILE(*crtend.o *crtend?.o) .ctors)
 *(SORT_BY_NAME(.ctors.*))
 *(.ctors)
 *crtbegin.o(.dtors)
 *crtbegin?.o(.dtors)
 *(EXCLUDE_FILE(*crtend.o *crtend?.o) .dtors)
 *(SORT_BY_NAME(.dtors.*))
 *(.dtors)
 *(.eh_frame*)
 .eh_frame      0x1000bb58        0x0 c:/sysgcc/arm-eabi/bin/../lib/gcc/arm-none-eabi/10.3.1/thumb/v6-m/nofp/crtbegin.o
                0x1000bb58                . = ALIGN (0x4)

.glue_7         0x1000bb58        0x0
 .glue_7        0x1000bb58        0x0 linker stubs

.glue_7t        0x1000bb58        0x0
 .glue_7t       0x1000bb58        0x0 linker stubs

.vfp11_veneer   0x1000bb58        0x0
 .vfp11_veneer  0x1000bb58        0x0 linker stubs

.v4_bx          0x1000bb58        0x0
 .v4_bx         0x1000bb58        0x0 linker stubs

.iplt           0x1000bb58        0x0
 .iplt          0x1000bb58        0x0 c:/sysgcc/arm-eabi/bin/../lib/gcc/arm-none-eabi/10.3.1/thumb/v6-m/nofp/crtbegin.o

.rodata         0x1000bb58     0x1d9c
 *(EXCLUDE_FILE(*libm.a: *libc.a:*lib_a-mem*.o *libgcc.a:) .rodata*)
 .rodata        0x1000bb58        0x9 CMakeFiles/hello_usb.dir/hello_usb.c.obj
 *fill*         0x1000bb61        0x3 
 .rodata        0x1000bb64       0xbb CMakeFiles/hello_usb.dir/C_/Users/valdas/AppData/Local/VisualGDB/PicoSDK/1.5.0-Package/src/rp2_common/hardware_sync/sync.c.obj
 *fill*         0x1000bc1f        0x1 
 .rodata        0x1000bc20      0x263 CMakeFiles/hello_usb.dir/C_/Users/valdas/AppData/Local/VisualGDB/PicoSDK/1.5.0-Package/src/rp2_common/hardware_irq/irq.c.obj
 *fill*         0x1000be83        0x1 
 .rodata.__func__.6
                0x1000be84       0x1a CMakeFiles/hello_usb.dir/C_/Users/valdas/AppData/Local/VisualGDB/PicoSDK/1.5.0-Package/src/rp2_common/hardware_irq/irq.c.obj
 *fill*         0x1000be9e        0x2 
 .rodata.__func__.5
                0x1000bea0        0xc CMakeFiles/hello_usb.dir/C_/Users/valdas/AppData/Local/VisualGDB/PicoSDK/1.5.0-Package/src/rp2_common/hardware_irq/irq.c.obj
 .rodata.__func__.4
                0x1000beac       0x17 CMakeFiles/hello_usb.dir/C_/Users/valdas/AppData/Local/VisualGDB/PicoSDK/1.5.0-Package/src/rp2_common/hardware_irq/irq.c.obj
 *fill*         0x1000bec3        0x1 
 .rodata.__func__.3
                0x1000bec4       0x17 CMakeFiles/hello_usb.dir/C_/Users/valdas/AppData/Local/VisualGDB/PicoSDK/1.5.0-Package/src/rp2_common/hardware_irq/irq.c.obj
 *fill*         0x1000bedb        0x1 
 .rodata.__func__.2
                0x1000bedc        0xf CMakeFiles/hello_usb.dir/C_/Users/valdas/AppData/Local/VisualGDB/PicoSDK/1.5.0-Package/src/rp2_common/hardware_irq/irq.c.obj
 *fill*         0x1000beeb        0x1 
 .rodata.__func__.1
                0x1000beec       0x13 CMakeFiles/hello_usb.dir/C_/Users/valdas/AppData/Local/VisualGDB/PicoSDK/1.5.0-Package/src/rp2_common/hardware_irq/irq.c.obj
 *fill*         0x1000beff        0x1 
 .rodata.__func__.0
                0x1000bf00       0x1a CMakeFiles/hello_usb.dir/C_/Users/valdas/AppData/Local/VisualGDB/PicoSDK/1.5.0-Package/src/rp2_common/hardware_irq/irq.c.obj
 *fill*         0x1000bf1a        0x2 
 .rodata        0x1000bf1c      0x131 CMakeFiles/hello_usb.dir/C_/Users/valdas/AppData/Local/VisualGDB/PicoSDK/1.5.0-Package/src/common/pico_sync/mutex.c.obj
 *fill*         0x1000c04d        0x3 
 .rodata.__func__.4
                0x1000c050       0x15 CMakeFiles/hello_usb.dir/C_/Users/valdas/AppData/Local/VisualGDB/PicoSDK/1.5.0-Package/src/common/pico_sync/mutex.c.obj
 *fill*         0x1000c065        0x3 
 .rodata.__func__.3
                0x1000c068       0x18 CMakeFiles/hello_usb.dir/C_/Users/valdas/AppData/Local/VisualGDB/PicoSDK/1.5.0-Package/src/common/pico_sync/mutex.c.obj
 .rodata.__func__.1
                0x1000c080        0xb CMakeFiles/hello_usb.dir/C_/Users/valdas/AppData/Local/VisualGDB/PicoSDK/1.5.0-Package/src/common/pico_sync/mutex.c.obj
 *fill*         0x1000c08b        0x1 
 .rodata        0x1000c08c      0x371 CMakeFiles/hello_usb.dir/C_/Users/valdas/AppData/Local/VisualGDB/PicoSDK/1.5.0-Package/src/common/pico_time/time.c.obj
 *fill*         0x1000c3fd        0x3 
 .rodata.__func__.12
                0x1000c400       0x12 CMakeFiles/hello_usb.dir/C_/Users/valdas/AppData/Local/VisualGDB/PicoSDK/1.5.0-Package/src/common/pico_time/time.c.obj
 *fill*         0x1000c412        0x2 
 .rodata.__func__.11
                0x1000c414        0xc CMakeFiles/hello_usb.dir/C_/Users/valdas/AppData/Local/VisualGDB/PicoSDK/1.5.0-Package/src/common/pico_time/time.c.obj
 .rodata.__func__.10
                0x1000c420        0xa CMakeFiles/hello_usb.dir/C_/Users/valdas/AppData/Local/VisualGDB/PicoSDK/1.5.0-Package/src/common/pico_time/time.c.obj
 *fill*         0x1000c42a        0x2 
 .rodata.__func__.9
                0x1000c42c       0x17 CMakeFiles/hello_usb.dir/C_/Users/valdas/AppData/Local/VisualGDB/PicoSDK/1.5.0-Package/src/common/pico_time/time.c.obj
 *fill*         0x1000c443        0x1 
 .rodata.__func__.8
                0x1000c444       0x15 CMakeFiles/hello_usb.dir/C_/Users/valdas/AppData/Local/VisualGDB/PicoSDK/1.5.0-Package/src/common/pico_time/time.c.obj
 *fill*         0x1000c459        0x3 
 .rodata.__func__.7
                0x1000c45c        0xf CMakeFiles/hello_usb.dir/C_/Users/valdas/AppData/Local/VisualGDB/PicoSDK/1.5.0-Package/src/common/pico_time/time.c.obj
 *fill*         0x1000c46b        0x1 
 .rodata.__func__.6
                0x1000c46c       0x1a CMakeFiles/hello_usb.dir/C_/Users/valdas/AppData/Local/VisualGDB/PicoSDK/1.5.0-Package/src/common/pico_time/time.c.obj
 *fill*         0x1000c486        0x2 
 .rodata.__func__.5
                0x1000c488       0x15 CMakeFiles/hello_usb.dir/C_/Users/valdas/AppData/Local/VisualGDB/PicoSDK/1.5.0-Package/src/common/pico_time/time.c.obj
 *fill*         0x1000c49d        0x3 
 .rodata.__func__.4
                0x1000c4a0        0xd CMakeFiles/hello_usb.dir/C_/Users/valdas/AppData/Local/VisualGDB/PicoSDK/1.5.0-Package/src/common/pico_time/time.c.obj
 *fill*         0x1000c4ad        0x3 
 .rodata.__func__.3
                0x1000c4b0       0x12 CMakeFiles/hello_usb.dir/C_/Users/valdas/AppData/Local/VisualGDB/PicoSDK/1.5.0-Package/src/common/pico_time/time.c.obj
 *fill*         0x1000c4c2        0x2 
 .rodata.__func__.1
                0x1000c4c4       0x18 CMakeFiles/hello_usb.dir/C_/Users/valdas/AppData/Local/VisualGDB/PicoSDK/1.5.0-Package/src/common/pico_time/time.c.obj
 .rodata        0x1000c4dc      0x144 CMakeFiles/hello_usb.dir/C_/Users/valdas/AppData/Local/VisualGDB/PicoSDK/1.5.0-Package/src/rp2_common/hardware_timer/timer.c.obj
 .rodata.__func__.0
                0x1000c620       0x1a CMakeFiles/hello_usb.dir/C_/Users/valdas/AppData/Local/VisualGDB/PicoSDK/1.5.0-Package/src/rp2_common/hardware_timer/timer.c.obj
 *fill*         0x1000c63a        0x2 
 .rodata        0x1000c63c      0x1cf CMakeFiles/hello_usb.dir/C_/Users/valdas/AppData/Local/VisualGDB/PicoSDK/1.5.0-Package/src/common/pico_util/pheap.c.obj
 *fill*         0x1000c80b        0x1 
 .rodata.__func__.3
                0x1000c80c       0x12 CMakeFiles/hello_usb.dir/C_/Users/valdas/AppData/Local/VisualGDB/PicoSDK/1.5.0-Package/src/common/pico_util/pheap.c.obj
 *fill*         0x1000c81e        0x2 
 .rodata.__func__.2
                0x1000c820        0xc CMakeFiles/hello_usb.dir/C_/Users/valdas/AppData/Local/VisualGDB/PicoSDK/1.5.0-Package/src/common/pico_util/pheap.c.obj
 .rodata.__func__.1
                0x1000c82c       0x13 CMakeFiles/hello_usb.dir/C_/Users/valdas/AppData/Local/VisualGDB/PicoSDK/1.5.0-Package/src/common/pico_util/pheap.c.obj
 *fill*         0x1000c83f        0x1 
 .rodata.__func__.0
                0x1000c840       0x18 CMakeFiles/hello_usb.dir/C_/Users/valdas/AppData/Local/VisualGDB/PicoSDK/1.5.0-Package/src/common/pico_util/pheap.c.obj
 .rodata        0x1000c858      0x11f CMakeFiles/hello_usb.dir/C_/Users/valdas/AppData/Local/VisualGDB/PicoSDK/1.5.0-Package/src/rp2_common/hardware_clocks/clocks.c.obj
 *fill*         0x1000c977        0x1 
 .rodata.__func__.1
                0x1000c978       0x10 CMakeFiles/hello_usb.dir/C_/Users/valdas/AppData/Local/VisualGDB/PicoSDK/1.5.0-Package/src/rp2_common/hardware_clocks/clocks.c.obj
 .rodata        0x1000c988      0x143 CMakeFiles/hello_usb.dir/C_/Users/valdas/AppData/Local/VisualGDB/PicoSDK/1.5.0-Package/src/rp2_common/hardware_pll/pll.c.obj
 *fill*         0x1000cacb        0x1 
 .rodata.__func__.0
                0x1000cacc        0x9 CMakeFiles/hello_usb.dir/C_/Users/valdas/AppData/Local/VisualGDB/PicoSDK/1.5.0-Package/src/rp2_common/hardware_pll/pll.c.obj
 *fill*         0x1000cad5        0x3 
 .rodata        0x1000cad8      0x17c CMakeFiles/hello_usb.dir/C_/Users/valdas/AppData/Local/VisualGDB/PicoSDK/1.5.0-Package/src/rp2_common/pico_runtime/runtime.c.obj
 .rodata.__func__.2
                0x1000cc54        0xd CMakeFiles/hello_usb.dir/C_/Users/valdas/AppData/Local/VisualGDB/PicoSDK/1.5.0-Package/src/rp2_common/pico_runtime/runtime.c.obj
 *fill*         0x1000cc61        0x3 
 .rodata        0x1000cc64       0x18 CMakeFiles/hello_usb.dir/C_/Users/valdas/AppData/Local/VisualGDB/PicoSDK/1.5.0-Package/src/rp2_common/pico_printf/printf.c.obj
 .rodata._vsnprintf
                0x1000cc7c      0x1e0 CMakeFiles/hello_usb.dir/C_/Users/valdas/AppData/Local/VisualGDB/PicoSDK/1.5.0-Package/src/rp2_common/pico_printf/printf.c.obj
 *fill*         0x1000ce5c        0x4 
 .rodata.pow10.0
                0x1000ce60       0x50 CMakeFiles/hello_usb.dir/C_/Users/valdas/AppData/Local/VisualGDB/PicoSDK/1.5.0-Package/src/rp2_common/pico_printf/printf.c.obj
 .rodata        0x1000ceb0       0xcb CMakeFiles/hello_usb.dir/C_/Users/valdas/AppData/Local/VisualGDB/PicoSDK/1.5.0-Package/src/rp2_common/pico_double/double_init_rom.c.obj
 *fill*         0x1000cf7b        0x1 
 .rodata.__func__.0
                0x1000cf7c       0x14 CMakeFiles/hello_usb.dir/C_/Users/valdas/AppData/Local/VisualGDB/PicoSDK/1.5.0-Package/src/rp2_common/pico_double/double_init_rom.c.obj
 .rodata        0x1000cf90       0xa1 CMakeFiles/hello_usb.dir/C_/Users/valdas/AppData/Local/VisualGDB/PicoSDK/1.5.0-Package/src/rp2_common/pico_float/float_init_rom.c.obj
 *fill*         0x1000d031        0x3 
 .rodata.__func__.0
                0x1000d034       0x13 CMakeFiles/hello_usb.dir/C_/Users/valdas/AppData/Local/VisualGDB/PicoSDK/1.5.0-Package/src/rp2_common/pico_float/float_init_rom.c.obj
 *fill*         0x1000d047        0x1 
 .rodata        0x1000d048       0x3e CMakeFiles/hello_usb.dir/C_/Users/valdas/AppData/Local/VisualGDB/PicoSDK/1.5.0-Package/src/rp2_common/pico_standard_link/binary_info.c.obj
 *fill*         0x1000d086        0x2 
 .rodata.__bi_44
                0x1000d088        0xc CMakeFiles/hello_usb.dir/C_/Users/valdas/AppData/Local/VisualGDB/PicoSDK/1.5.0-Package/src/rp2_common/pico_standard_link/binary_info.c.obj
 .rodata.__bi_75
                0x1000d094        0xc CMakeFiles/hello_usb.dir/C_/Users/valdas/AppData/Local/VisualGDB/PicoSDK/1.5.0-Package/src/rp2_common/pico_standard_link/binary_info.c.obj
 .rodata.__bi_81
                0x1000d0a0        0xc CMakeFiles/hello_usb.dir/C_/Users/valdas/AppData/Local/VisualGDB/PicoSDK/1.5.0-Package/src/rp2_common/pico_standard_link/binary_info.c.obj
 .rodata        0x1000d0ac       0xf3 CMakeFiles/hello_usb.dir/C_/Users/valdas/AppData/Local/VisualGDB/PicoSDK/1.5.0-Package/src/rp2_common/pico_stdio/stdio.c.obj
 *fill*         0x1000d19f        0x1 
 .rodata.__func__.3
                0x1000d1a0       0x15 CMakeFiles/hello_usb.dir/C_/Users/valdas/AppData/Local/VisualGDB/PicoSDK/1.5.0-Package/src/rp2_common/pico_stdio/stdio.c.obj
 *fill*         0x1000d1b5        0x3 
 .rodata.crlf_str.2
                0x1000d1b8        0x2 CMakeFiles/hello_usb.dir/C_/Users/valdas/AppData/Local/VisualGDB/PicoSDK/1.5.0-Package/src/rp2_common/pico_stdio/stdio.c.obj
 *fill*         0x1000d1ba        0x2 
 .rodata._resetd_driver
                0x1000d1bc       0x18 CMakeFiles/hello_usb.dir/C_/Users/valdas/AppData/Local/VisualGDB/PicoSDK/1.5.0-Package/src/rp2_common/pico_stdio_usb/reset_interface.c.obj
 .rodata        0x1000d1d4      0x107 CMakeFiles/hello_usb.dir/C_/Users/valdas/AppData/Local/VisualGDB/PicoSDK/1.5.0-Package/src/rp2_common/pico_stdio_usb/stdio_usb.c.obj
 *fill*         0x1000d2db        0x1 
 .rodata.__func__.4